Archive member included because of file (symbol)

c:/program files (x86)/atmel/atmel toolchain/arm gcc/native/4.8.1443/arm-gnu-toolchain/bin/../lib/gcc/arm-none-eabi/4.8.4/armv6-m\libgcc.a(_udivsi3.o)
                              src/ASF/common2/components/display/ssd1306/ssd1306.o (__aeabi_uidiv)
c:/program files (x86)/atmel/atmel toolchain/arm gcc/native/4.8.1443/arm-gnu-toolchain/bin/../lib/gcc/arm-none-eabi/4.8.4/armv6-m\libgcc.a(_divsi3.o)
                              src/ASF/common2/components/display/ssd1306/ssd1306.o (__aeabi_idiv)
c:/program files (x86)/atmel/atmel toolchain/arm gcc/native/4.8.1443/arm-gnu-toolchain/bin/../lib/gcc/arm-none-eabi/4.8.4/armv6-m\libgcc.a(_dvmd_tls.o)
                              c:/program files (x86)/atmel/atmel toolchain/arm gcc/native/4.8.1443/arm-gnu-toolchain/bin/../lib/gcc/arm-none-eabi/4.8.4/armv6-m\libgcc.a(_udivsi3.o) (__aeabi_idiv0)
c:/program files (x86)/atmel/atmel toolchain/arm gcc/native/4.8.1443/arm-gnu-toolchain/bin/../lib/gcc/arm-none-eabi/4.8.4/armv6-m\libgcc.a(_muldi3.o)
                              src/ASF/sam0/drivers/sercom/sercom.o (__aeabi_lmul)
c:/program files (x86)/atmel/atmel toolchain/arm gcc/native/4.8.1443/arm-gnu-toolchain/bin/../lib/gcc/arm-none-eabi/4.8.4/../../../../arm-none-eabi/lib/armv6-m\libc_s.a(lib_a-exit.o)
                              c:/program files (x86)/atmel/atmel toolchain/arm gcc/native/4.8.1443/arm-gnu-toolchain/bin/../lib/gcc/arm-none-eabi/4.8.4/../../../../arm-none-eabi/lib/armv6-m/crt0.o (exit)
c:/program files (x86)/atmel/atmel toolchain/arm gcc/native/4.8.1443/arm-gnu-toolchain/bin/../lib/gcc/arm-none-eabi/4.8.4/../../../../arm-none-eabi/lib/armv6-m\libc_s.a(lib_a-impure.o)
                              c:/program files (x86)/atmel/atmel toolchain/arm gcc/native/4.8.1443/arm-gnu-toolchain/bin/../lib/gcc/arm-none-eabi/4.8.4/../../../../arm-none-eabi/lib/armv6-m\libc_s.a(lib_a-exit.o) (_global_impure_ptr)
c:/program files (x86)/atmel/atmel toolchain/arm gcc/native/4.8.1443/arm-gnu-toolchain/bin/../lib/gcc/arm-none-eabi/4.8.4/../../../../arm-none-eabi/lib/armv6-m\libc_s.a(lib_a-init.o)
                              c:/program files (x86)/atmel/atmel toolchain/arm gcc/native/4.8.1443/arm-gnu-toolchain/bin/../lib/gcc/arm-none-eabi/4.8.4/../../../../arm-none-eabi/lib/armv6-m/crt0.o (__libc_init_array)
c:/program files (x86)/atmel/atmel toolchain/arm gcc/native/4.8.1443/arm-gnu-toolchain/bin/../lib/gcc/arm-none-eabi/4.8.4/../../../../arm-none-eabi/lib/armv6-m\libc_s.a(lib_a-memcpy-stub.o)
                              src/ASF/sam0/drivers/sercom/sercom_interrupt.o (memcpy)
c:/program files (x86)/atmel/atmel toolchain/arm gcc/native/4.8.1443/arm-gnu-toolchain/bin/../lib/gcc/arm-none-eabi/4.8.4/../../../../arm-none-eabi/lib/armv6-m\libc_s.a(lib_a-memset.o)
                              c:/program files (x86)/atmel/atmel toolchain/arm gcc/native/4.8.1443/arm-gnu-toolchain/bin/../lib/gcc/arm-none-eabi/4.8.4/../../../../arm-none-eabi/lib/armv6-m/crt0.o (memset)
c:/program files (x86)/atmel/atmel toolchain/arm gcc/native/4.8.1443/arm-gnu-toolchain/bin/../lib/gcc/arm-none-eabi/4.8.4/../../../../arm-none-eabi/lib/armv6-m\libc_s.a(lib_a-printf.o)
                              src/ASF/sam0/utils/syscalls/gcc/syscalls.o (printf)
c:/program files (x86)/atmel/atmel toolchain/arm gcc/native/4.8.1443/arm-gnu-toolchain/bin/../lib/gcc/arm-none-eabi/4.8.4/../../../../arm-none-eabi/lib/armv6-m\libc_s.a(lib_a-vfprintf.o)
                              c:/program files (x86)/atmel/atmel toolchain/arm gcc/native/4.8.1443/arm-gnu-toolchain/bin/../lib/gcc/arm-none-eabi/4.8.4/../../../../arm-none-eabi/lib/armv6-m\libc_s.a(lib_a-printf.o) (_vfprintf_r)
c:/program files (x86)/atmel/atmel toolchain/arm gcc/native/4.8.1443/arm-gnu-toolchain/bin/../lib/gcc/arm-none-eabi/4.8.4/../../../../arm-none-eabi/lib/armv6-m\libc_s.a(lib_a-vfprintf_i.o)
                              c:/program files (x86)/atmel/atmel toolchain/arm gcc/native/4.8.1443/arm-gnu-toolchain/bin/../lib/gcc/arm-none-eabi/4.8.4/../../../../arm-none-eabi/lib/armv6-m\libc_s.a(lib_a-vfprintf.o) (_printf_i)
c:/program files (x86)/atmel/atmel toolchain/arm gcc/native/4.8.1443/arm-gnu-toolchain/bin/../lib/gcc/arm-none-eabi/4.8.4/../../../../arm-none-eabi/lib/armv6-m\libc_s.a(lib_a-wbuf.o)
                              c:/program files (x86)/atmel/atmel toolchain/arm gcc/native/4.8.1443/arm-gnu-toolchain/bin/../lib/gcc/arm-none-eabi/4.8.4/../../../../arm-none-eabi/lib/armv6-m\libc_s.a(lib_a-vfprintf.o) (__swbuf_r)
c:/program files (x86)/atmel/atmel toolchain/arm gcc/native/4.8.1443/arm-gnu-toolchain/bin/../lib/gcc/arm-none-eabi/4.8.4/../../../../arm-none-eabi/lib/armv6-m\libc_s.a(lib_a-wsetup.o)
                              c:/program files (x86)/atmel/atmel toolchain/arm gcc/native/4.8.1443/arm-gnu-toolchain/bin/../lib/gcc/arm-none-eabi/4.8.4/../../../../arm-none-eabi/lib/armv6-m\libc_s.a(lib_a-vfprintf.o) (__swsetup_r)
[...]
Memory Configuration

Name             Origin             Length             Attributes
rom              0x00000000         0x00040000         xr
ram              0x20000000         0x00008000         xrw
*default*        0x00000000         0xffffffff

Linker script and memory map

LOAD c:/program files (x86)/atmel/atmel toolchain/arm gcc/native/4.8.1443/arm-gnu-toolchain/bin/../lib/gcc/arm-none-eabi/4.8.4/armv6-m/crti.o
LOAD c:/program files (x86)/atmel/atmel toolchain/arm gcc/native/4.8.1443/arm-gnu-toolchain/bin/../lib/gcc/arm-none-eabi/4.8.4/armv6-m/crtbegin.o
LOAD c:/program files (x86)/atmel/atmel toolchain/arm gcc/native/4.8.1443/arm-gnu-toolchain/bin/../lib/gcc/arm-none-eabi/4.8.4/../../../../arm-none-eabi/lib/armv6-m/crt0.o
LOAD src/ASF/common2/components/display/ssd1306/ssd1306.o
LOAD src/ASF/common2/services/gfx_mono/gfx_mono_framebuffer.o
LOAD src/ASF/common2/services/gfx_mono/gfx_mono_generic.o
LOAD src/ASF/common2/services/gfx_mono/gfx_mono_null.o
LOAD src/ASF/sam0/drivers/sercom/sercom.o
LOAD src/ASF/sam0/drivers/sercom/spi/spi.o
LOAD src/ASF/sam0/drivers/sercom/spi/spi_interrupt.o
LOAD src/ASF/sam0/drivers/sercom/sercom_interrupt.o
LOAD src/ASF/common2/services/delay/sam0/systick_counter.o
LOAD src/ASF/sam0/drivers/port/port.o
LOAD src/ASF/common2/boards/user_board/init.o
LOAD src/ASF/common/utils/interrupt/interrupt_sam_nvic.o
LOAD src/ASF/sam0/drivers/system/clock/clock_samd21_r21/clock.o
LOAD src/ASF/sam0/drivers/system/clock/clock_samd21_r21/gclk.o
LOAD src/ASF/sam0/drivers/system/interrupt/system_interrupt.o
LOAD src/ASF/sam0/drivers/system/pinmux/pinmux.o
LOAD src/ASF/sam0/drivers/system/system.o
LOAD src/ASF/sam0/utils/cmsis/samd21/source/gcc/startup_samd21.o
LOAD src/ASF/sam0/utils/cmsis/samd21/source/system_samd21.o
LOAD src/ASF/sam0/utils/syscalls/gcc/syscalls.o
LOAD src/main.o
START GROUP
LOAD ../src/ASF/thirdparty/CMSIS/Lib/GCC\libarm_cortexM0l_math.a
LOAD c:/program files (x86)/atmel/atmel toolchain/arm gcc/native/4.8.1443/arm-gnu-toolchain/bin/../lib/gcc/arm-none-eabi/4.8.4/../../../../arm-none-eabi/lib/armv6-m\libm.a
END GROUP
START GROUP
LOAD c:/program files (x86)/atmel/atmel toolchain/arm gcc/native/4.8.1443/arm-gnu-toolchain/bin/../lib/gcc/arm-none-eabi/4.8.4/armv6-m\libgcc.a
LOAD c:/program files (x86)/atmel/atmel toolchain/arm gcc/native/4.8.1443/arm-gnu-toolchain/bin/../lib/gcc/arm-none-eabi/4.8.4/../../../../arm-none-eabi/lib/armv6-m\libc_s.a
END GROUP
START GROUP
LOAD c:/program files (x86)/atmel/atmel toolchain/arm gcc/native/4.8.1443/arm-gnu-toolchain/bin/../lib/gcc/arm-none-eabi/4.8.4/armv6-m\libgcc.a
LOAD c:/program files (x86)/atmel/atmel toolchain/arm gcc/native/4.8.1443/arm-gnu-toolchain/bin/../lib/gcc/arm-none-eabi/4.8.4/../../../../arm-none-eabi/lib/armv6-m\libc_s.a
END GROUP
LOAD c:/program files (x86)/atmel/atmel toolchain/arm gcc/native/4.8.1443/arm-gnu-toolchain/bin/../lib/gcc/arm-none-eabi/4.8.4/armv6-m/crtend.o
LOAD c:/program files (x86)/atmel/atmel toolchain/arm gcc/native/4.8.1443/arm-gnu-toolchain/bin/../lib/gcc/arm-none-eabi/4.8.4/armv6-m/crtn.o
                0x00002000                STACK_SIZE = DEFINED (STACK_SIZE)?STACK_SIZE:DEFINED (__stack_size__)?__stack_size__:0x2000

.text           0x00000000     0x196c
                0x00000000                . = ALIGN (0x4)
                0x00000000                _sfixed = .
 *(.vectors .vectors.*)
 .vectors       0x00000000       0xb0 src/ASF/sam0/utils/cmsis/samd21/source/gcc/startup_samd21.o
                0x00000000                exception_table
 *(.text .text.* .gnu.linkonce.t.*)
 .text          0x000000b0       0x60 c:/program files (x86)/atmel/atmel toolchain/arm gcc/native/4.8.1443/arm-gnu-toolchain/bin/../lib/gcc/arm-none-eabi/4.8.4/armv6-m/crtbegin.o
 .text.ssd1306_write_command
                0x00000110       0x4c src/ASF/common2/components/display/ssd1306/ssd1306.o
                0x00000110                ssd1306_write_command
 .text.ssd1306_init
                0x0000015c      0x1e8 src/ASF/common2/components/display/ssd1306/ssd1306.o
                0x0000015c                ssd1306_init
 .text.ssd1306_write_data
                0x00000344       0x4c src/ASF/common2/components/display/ssd1306/ssd1306.o
                0x00000344                ssd1306_write_data
 .text.ssd1306_write_display
                0x00000390       0x54 src/ASF/common2/components/display/ssd1306/ssd1306.o
                0x00000390                ssd1306_write_display
 .text.ssd1306_clear_display
                0x000003e4       0x50 src/ASF/common2/components/display/ssd1306/ssd1306.o
                0x000003e4                ssd1306_clear_display
 .text.gfx_mono_set_framebuffer
                0x00000434        0xc src/ASF/common2/services/gfx_mono/gfx_mono_framebuffer.o
                0x00000434                gfx_mono_set_framebuffer
 .text.gfx_mono_framebuffer_put_byte
                0x00000440       0x10 src/ASF/common2/services/gfx_mono/gfx_mono_framebuffer.o
                0x00000440                gfx_mono_framebuffer_put_byte
 .text.gfx_mono_framebuffer_get_byte
                0x00000450       0x10 src/ASF/common2/services/gfx_mono/gfx_mono_framebuffer.o
                0x00000450                gfx_mono_framebuffer_get_byte
 .text.gfx_mono_framebuffer_draw_pixel
                0x00000460       0x64 src/ASF/common2/services/gfx_mono/gfx_mono_framebuffer.o
                0x00000460                gfx_mono_framebuffer_draw_pixel
 .text.gfx_mono_generic_draw_line
                0x000004c4       0xf4 src/ASF/common2/services/gfx_mono/gfx_mono_generic.o
                0x000004c4                gfx_mono_generic_draw_line
 .text.gfx_mono_null_init
                0x000005b8       0x14 src/ASF/common2/services/gfx_mono/gfx_mono_null.o
                0x000005b8                gfx_mono_null_init
 .text._sercom_get_sync_baud_val
                0x000005cc       0x28 src/ASF/sam0/drivers/sercom/sercom.o
                0x000005cc                _sercom_get_sync_baud_val
 .text.sercom_set_gclk_generator
                0x000005f4       0x50 src/ASF/sam0/drivers/sercom/sercom.o
                0x000005f4                sercom_set_gclk_generator
 .text._sercom_get_default_pad
                0x00000644      0x108 src/ASF/sam0/drivers/sercom/sercom.o
                0x00000644                _sercom_get_default_pad
 .text._sercom_get_sercom_inst_index
                0x0000074c       0x44 src/ASF/sam0/drivers/sercom/sercom.o
                0x0000074c                _sercom_get_sercom_inst_index
 .text.spi_init
                0x00000790      0x218 src/ASF/sam0/drivers/sercom/spi/spi.o
                0x00000790                spi_init
 .text.spi_select_slave
                0x000009a8       0xec src/ASF/sam0/drivers/sercom/spi/spi.o
                0x000009a8                spi_select_slave
 .text.spi_write_buffer_wait
                0x00000a94      0x21c src/ASF/sam0/drivers/sercom/spi/spi.o
                0x00000a94                spi_write_buffer_wait
 .text._spi_interrupt_handler
                0x00000cb0      0x1e0 src/ASF/sam0/drivers/sercom/spi/spi_interrupt.o
                0x00000cb0                _spi_interrupt_handler
 .text._sercom_default_handler
                0x00000e90        0x4 src/ASF/sam0/drivers/sercom/sercom_interrupt.o
 .text._sercom_set_handler
                0x00000e94       0x40 src/ASF/sam0/drivers/sercom/sercom_interrupt.o
                0x00000e94                _sercom_set_handler
 .text._sercom_get_interrupt_vector
                0x00000ed4       0x2c src/ASF/sam0/drivers/sercom/sercom_interrupt.o
                0x00000ed4                _sercom_get_interrupt_vector
 .text.SERCOM0_Handler
                0x00000f00       0x10 src/ASF/sam0/drivers/sercom/sercom_interrupt.o
                0x00000f00                SERCOM0_Handler
 .text.SERCOM1_Handler
                0x00000f10       0x10 src/ASF/sam0/drivers/sercom/sercom_interrupt.o
                0x00000f10                SERCOM1_Handler
 .text.SERCOM2_Handler
                0x00000f20       0x10 src/ASF/sam0/drivers/sercom/sercom_interrupt.o
                0x00000f20                SERCOM2_Handler
 .text.SERCOM3_Handler
                0x00000f30       0x10 src/ASF/sam0/drivers/sercom/sercom_interrupt.o
                0x00000f30                SERCOM3_Handler
 .text.delay_init
                0x00000f40       0x3c src/ASF/common2/services/delay/sam0/systick_counter.o
                0x00000f40                delay_init
 .text.delay_cycles_ms
                0x00000f7c       0x2c src/ASF/common2/services/delay/sam0/systick_counter.o
                0x00000f7c                delay_cycles_ms
 .text.port_pin_set_config
                0x00000fa8       0x24 src/ASF/sam0/drivers/port/port.o
                0x00000fa8                port_pin_set_config
 .text.system_board_init
                0x00000fcc        0x4 src/ASF/common2/boards/user_board/init.o
                0x00000fcc                board_init
                0x00000fcc                system_board_init
 .text.cpu_irq_enter_critical
                0x00000fd0       0x40 src/ASF/common/utils/interrupt/interrupt_sam_nvic.o
                0x00000fd0                cpu_irq_enter_critical
 .text.cpu_irq_leave_critical
                0x00001010       0x30 src/ASF/common/utils/interrupt/interrupt_sam_nvic.o
                0x00001010                cpu_irq_leave_critical
 .text.system_clock_source_get_hz
                0x00001040       0x90 src/ASF/sam0/drivers/system/clock/clock_samd21_r21/clock.o
                0x00001040                system_clock_source_get_hz
 .text.system_clock_source_osc8m_set_config
                0x000010d0       0x3c src/ASF/sam0/drivers/system/clock/clock_samd21_r21/clock.o
                0x000010d0                system_clock_source_osc8m_set_config
 .text.system_clock_source_dfll_set_config
                0x0000110c       0x70 src/ASF/sam0/drivers/system/clock/clock_samd21_r21/clock.o
                0x0000110c                system_clock_source_dfll_set_config
 .text.system_clock_source_enable
                0x0000117c       0xa0 src/ASF/sam0/drivers/system/clock/clock_samd21_r21/clock.o
                0x0000117c                system_clock_source_enable
 .text.system_clock_init
                0x0000121c       0xd0 src/ASF/sam0/drivers/system/clock/clock_samd21_r21/clock.o
                0x0000121c                system_clock_init
 .text.system_gclk_init
                0x000012ec       0x24 src/ASF/sam0/drivers/system/clock/clock_samd21_r21/gclk.o
                0x000012ec                system_gclk_init
 .text.system_gclk_gen_set_config
                0x00001310       0xb4 src/ASF/sam0/drivers/system/clock/clock_samd21_r21/gclk.o
                0x00001310                system_gclk_gen_set_config
 .text.system_gclk_gen_enable
                0x000013c4       0x44 src/ASF/sam0/drivers/system/clock/clock_samd21_r21/gclk.o
                0x000013c4                system_gclk_gen_enable
 .text.system_gclk_gen_get_hz
                0x00001408       0x8c src/ASF/sam0/drivers/system/clock/clock_samd21_r21/gclk.o
                0x00001408                system_gclk_gen_get_hz
 .text.system_gclk_chan_enable
                0x00001494       0x30 src/ASF/sam0/drivers/system/clock/clock_samd21_r21/gclk.o
                0x00001494                system_gclk_chan_enable
 .text.system_gclk_chan_disable
                0x000014c4       0x5c src/ASF/sam0/drivers/system/clock/clock_samd21_r21/gclk.o
                0x000014c4                system_gclk_chan_disable
 .text.system_gclk_chan_set_config
                0x00001520       0x1c src/ASF/sam0/drivers/system/clock/clock_samd21_r21/gclk.o
                0x00001520                system_gclk_chan_set_config
 .text.system_gclk_chan_get_hz
                0x0000153c       0x34 src/ASF/sam0/drivers/system/clock/clock_samd21_r21/gclk.o
                0x0000153c                system_gclk_chan_get_hz
 .text._system_pinmux_config
                0x00001570       0x8c src/ASF/sam0/drivers/system/pinmux/pinmux.o
 .text.system_pinmux_pin_set_config
                0x000015fc       0x2c src/ASF/sam0/drivers/system/pinmux/pinmux.o
                0x000015fc                system_pinmux_pin_set_config
 .text._system_dummy_init
                0x00001628        0x4 src/ASF/sam0/drivers/system/system.o
                0x00001628                _system_events_init
                0x00001628                _system_dummy_init
                0x00001628                _system_extint_init
 .text.system_init
                0x0000162c       0x24 src/ASF/sam0/drivers/system/system.o
                0x0000162c                system_init
 .text.Dummy_Handler
                0x00001650        0x4 src/ASF/sam0/utils/cmsis/samd21/source/gcc/startup_samd21.o
                0x00001650                DMAC_Handler
                0x00001650                HardFault_Handler
                0x00001650                AC_Handler
                0x00001650                SysTick_Handler
                0x00001650                PendSV_Handler
                0x00001650                NMI_Handler
                0x00001650                TC7_Handler
                0x00001650                ADC_Handler
                0x00001650                TCC1_Handler
                0x00001650                TCC0_Handler
                0x00001650                RTC_Handler
                0x00001650                EIC_Handler
                0x00001650                TC6_Handler
                0x00001650                WDT_Handler
                0x00001650                TC4_Handler
                0x00001650                USB_Handler
                0x00001650                TC3_Handler
                0x00001650                Dummy_Handler
                0x00001650                PM_Handler
                0x00001650                SERCOM5_Handler
                0x00001650                SVC_Handler
                0x00001650                TCC2_Handler
                0x00001650                EVSYS_Handler
                0x00001650                SERCOM4_Handler
                0x00001650                I2S_Handler
                0x00001650                NVMCTRL_Handler
                0x00001650                DAC_Handler
                0x00001650                PTC_Handler
                0x00001650                TC5_Handler
                0x00001650                SYSCTRL_Handler
 .text.Reset_Handler
                0x00001654       0xe0 src/ASF/sam0/utils/cmsis/samd21/source/gcc/startup_samd21.o
                0x00001654                Reset_Handler
 .text.main     0x00001734       0xac src/main.o
                0x00001734                main
 .text          0x000017e0       0x9c c:/program files (x86)/atmel/atmel toolchain/arm gcc/native/4.8.1443/arm-gnu-toolchain/bin/../lib/gcc/arm-none-eabi/4.8.4/armv6-m\libgcc.a(_udivsi3.o)
                0x000017e0                __aeabi_uidiv
                0x000017e0                __udivsi3
                0x00001868                __aeabi_uidivmod
 .text          0x0000187c        0x4 c:/program files (x86)/atmel/atmel toolchain/arm gcc/native/4.8.1443/arm-gnu-toolchain/bin/../lib/gcc/arm-none-eabi/4.8.4/armv6-m\libgcc.a(_dvmd_tls.o)
                0x0000187c                __aeabi_idiv0
                0x0000187c                __aeabi_ldiv0
 .text.__libc_init_array
                0x00001880       0x4c c:/program files (x86)/atmel/atmel toolchain/arm gcc/native/4.8.1443/arm-gnu-toolchain/bin/../lib/gcc/arm-none-eabi/4.8.4/../../../../arm-none-eabi/lib/armv6-m\libc_s.a(lib_a-init.o)
                0x00001880                __libc_init_array
 .text.memcpy   0x000018cc       0x12 c:/program files (x86)/atmel/atmel toolchain/arm gcc/native/4.8.1443/arm-gnu-toolchain/bin/../lib/gcc/arm-none-eabi/4.8.4/../../../../arm-none-eabi/lib/armv6-m\libc_s.a(lib_a-memcpy-stub.o)
                0x000018cc                memcpy
 .text.memset   0x000018de       0x10 c:/program files (x86)/atmel/atmel toolchain/arm gcc/native/4.8.1443/arm-gnu-toolchain/bin/../lib/gcc/arm-none-eabi/4.8.4/../../../../arm-none-eabi/lib/armv6-m\libc_s.a(lib_a-memset.o)
                0x000018de                memset
 *(.glue_7t)
 .glue_7t       0x00000000        0x0 linker stubs
 *(.glue_7)
 .glue_7        0x00000000        0x0 linker stubs
 *(.rodata .rodata* .gnu.linkonce.r.*)
 *fill*         0x000018ee        0x2 
 .rodata        0x000018f0       0x10 src/ASF/sam0/drivers/sercom/sercom.o
 .rodata        0x00001900        0x4 src/ASF/sam0/drivers/sercom/sercom_interrupt.o
 .rodata.system_clock_source_get_hz
                0x00001904       0x24 src/ASF/sam0/drivers/system/clock/clock_samd21_r21/clock.o
 .rodata.system_clock_source_enable
                0x00001928       0x24 src/ASF/sam0/drivers/system/clock/clock_samd21_r21/clock.o
 *(.ARM.extab* .gnu.linkonce.armextab.*)
                0x0000194c                . = ALIGN (0x4)
 *(.init)
 .init          0x0000194c        0x4 c:/program files (x86)/atmel/atmel toolchain/arm gcc/native/4.8.1443/arm-gnu-toolchain/bin/../lib/gcc/arm-none-eabi/4.8.4/armv6-m/crti.o
                0x0000194c                _init
 .init          0x00001950        0x8 c:/program files (x86)/atmel/atmel toolchain/arm gcc/native/4.8.1443/arm-gnu-toolchain/bin/../lib/gcc/arm-none-eabi/4.8.4/armv6-m/crtn.o
                0x00001958                . = ALIGN (0x4)
                0x00001958                __preinit_array_start = .
 *(.preinit_array)
                0x00001958                __preinit_array_end = .
                0x00001958                . = ALIGN (0x4)
                0x00001958                __init_array_start = .
 *(SORT(.init_array.*))
 *(.init_array)
 .init_array    0x00001958        0x4 c:/program files (x86)/atmel/atmel toolchain/arm gcc/native/4.8.1443/arm-gnu-toolchain/bin/../lib/gcc/arm-none-eabi/4.8.4/armv6-m/crtbegin.o
                0x0000195c                __init_array_end = .
                0x0000195c                . = ALIGN (0x4)
 *crtbegin.o(.ctors)
 *(EXCLUDE_FILE(*crtend.o) .ctors)
 *(SORT(.ctors.*))
 *crtend.o(.ctors)
                0x0000195c                . = ALIGN (0x4)
 *(.fini)
 .fini          0x0000195c        0x4 c:/program files (x86)/atmel/atmel toolchain/arm gcc/native/4.8.1443/arm-gnu-toolchain/bin/../lib/gcc/arm-none-eabi/4.8.4/armv6-m/crti.o
                0x0000195c                _fini
 .fini          0x00001960        0x8 c:/program files (x86)/atmel/atmel toolchain/arm gcc/native/4.8.1443/arm-gnu-toolchain/bin/../lib/gcc/arm-none-eabi/4.8.4/armv6-m/crtn.o
                0x00001968                . = ALIGN (0x4)
                0x00001968                __fini_array_start = .
 *(.fini_array)
 .fini_array    0x00001968        0x4 c:/program files (x86)/atmel/atmel toolchain/arm gcc/native/4.8.1443/arm-gnu-toolchain/bin/../lib/gcc/arm-none-eabi/4.8.4/armv6-m/crtbegin.o
 *(SORT(.fini_array.*))
                0x0000196c                __fini_array_end = .
 *crtbegin.o(.dtors)
 *(EXCLUDE_FILE(*crtend.o) .dtors)
 *(SORT(.dtors.*))
 *crtend.o(.dtors)
                0x0000196c                . = ALIGN (0x4)
                0x0000196c                _efixed = .
                0x0000196c                PROVIDE (__exidx_start, .)

.vfp11_veneer   0x0000196c        0x0
 .vfp11_veneer  0x00000000        0x0 linker stubs

.v4_bx          0x0000196c        0x0
 .v4_bx         0x00000000        0x0 linker stubs

.iplt           0x0000196c        0x0
 .iplt          0x00000000        0x0 c:/program files (x86)/atmel/atmel toolchain/arm gcc/native/4.8.1443/arm-gnu-toolchain/bin/../lib/gcc/arm-none-eabi/4.8.4/armv6-m/crtbegin.o

.eh_frame       0x0000196c        0x0
 .eh_frame      0x0000196c        0x0 c:/program files (x86)/atmel/atmel toolchain/arm gcc/native/4.8.1443/arm-gnu-toolchain/bin/../lib/gcc/arm-none-eabi/4.8.4/armv6-m/crtbegin.o

.rel.dyn        0x0000196c        0x0
 .rel.iplt      0x00000000        0x0 c:/program files (x86)/atmel/atmel toolchain/arm gcc/native/4.8.1443/arm-gnu-toolchain/bin/../lib/gcc/arm-none-eabi/4.8.4/armv6-m/crtbegin.o

.jcr            0x0000196c        0x0
 .jcr           0x0000196c        0x0 c:/program files (x86)/atmel/atmel toolchain/arm gcc/native/4.8.1443/arm-gnu-toolchain/bin/../lib/gcc/arm-none-eabi/4.8.4/armv6-m/crtbegin.o

.igot.plt       0x0000196c        0x0
 .igot.plt      0x00000000        0x0 c:/program files (x86)/atmel/atmel toolchain/arm gcc/native/4.8.1443/arm-gnu-toolchain/bin/../lib/gcc/arm-none-eabi/4.8.4/armv6-m/crtbegin.o

.ARM.exidx
 *(.ARM.exidx* .gnu.linkonce.armexidx.*)
                0x0000196c                PROVIDE (__exidx_end, .)
                0x0000196c                . = ALIGN (0x4)
                0x0000196c                _etext = .

.relocate       0x20000000        0xc load address 0x0000196c
                0x20000000                . = ALIGN (0x4)
                0x20000000                _srelocate = .
 *(.ramfunc .ramfunc.*)
 *(.data .data.*)
 .data.cycles_per_us
                0x20000000        0x4 src/ASF/common2/services/delay/sam0/systick_counter.o
 .data.cycles_per_ms
                0x20000004        0x4 src/ASF/common2/services/delay/sam0/systick_counter.o
 .data.g_interrupt_enabled
                0x20000008        0x1 src/ASF/common/utils/interrupt/interrupt_sam_nvic.o
                0x20000008                g_interrupt_enabled
                0x2000000c                . = ALIGN (0x4)
 *fill*         0x20000009        0x3 
                0x2000000c                _erelocate = .

.bss            0x2000000c      0x8ac load address 0x00001978
                0x2000000c                . = ALIGN (0x4)
                0x2000000c                _sbss = .
                0x2000000c                _szero = .
 *(.bss .bss.*)
 .bss           0x2000000c       0x1c c:/program files (x86)/atmel/atmel toolchain/arm gcc/native/4.8.1443/arm-gnu-toolchain/bin/../lib/gcc/arm-none-eabi/4.8.4/armv6-m/crtbegin.o
 .bss.fbpointer
                0x20000028        0x4 src/ASF/common2/services/gfx_mono/gfx_mono_framebuffer.o
 .bss._sercom_config
                0x2000002c        0x4 src/ASF/sam0/drivers/sercom/sercom.o
 .bss._handler_table_initialized
                0x20000030        0x1 src/ASF/sam0/drivers/sercom/sercom_interrupt.o
 *fill*         0x20000031        0x3 
 .bss._sercom_interrupt_handlers
                0x20000034       0x10 src/ASF/sam0/drivers/sercom/sercom_interrupt.o
 .bss.cpu_irq_critical_section_counter
                0x20000044        0x4 src/ASF/common/utils/interrupt/interrupt_sam_nvic.o
 .bss.cpu_irq_prev_interrupt_state
                0x20000048        0x1 src/ASF/common/utils/interrupt/interrupt_sam_nvic.o
 *fill*         0x20000049        0x3 
 .bss._system_clock_inst
                0x2000004c       0x18 src/ASF/sam0/drivers/system/clock/clock_samd21_r21/clock.o
 *(COMMON)
 COMMON         0x20000064      0x83f src/ASF/common2/components/display/ssd1306/ssd1306.o
                0x20000064                ssd1306_master
                0x200000a0                ssd1306_buffer
                0x200004a0                gfx_framebuffer
                0x200008a0                ssd1306_slave
 *fill*         0x200008a3        0x1 
 COMMON         0x200008a4        0x2 src/ASF/sam0/drivers/sercom/spi/spi_interrupt.o
                0x200008a4                dummy_write
 *fill*         0x200008a6        0x2 
 COMMON         0x200008a8       0x10 src/ASF/sam0/drivers/sercom/sercom_interrupt.o
                0x200008a8                _sercom_instances
                0x200008b8                . = ALIGN (0x4)
                0x200008b8                _ebss = .
                0x200008b8                _ezero = .

.stack          0x200008b8     0x2000 load address 0x00002224
                0x200008b8                . = ALIGN (0x8)
                0x200008b8                _sstack = .
                0x200028b8                . = (. + STACK_SIZE)
 *fill*         0x200008b8     0x2000 
                0x200028b8                . = ALIGN (0x8)
                0x200028b8                _estack = .
                0x200028b8                . = ALIGN (0x4)
                0x200028b8                _end = .
OUTPUT(OLED_SPI.elf elf32-littlearm)

.ARM.attributes
                0x00000000       0x28
 .ARM.attributes
                0x00000000       0x1e c:/program files (x86)/atmel/atmel toolchain/arm gcc/native/4.8.1443/arm-gnu-toolchain/bin/../lib/gcc/arm-none-eabi/4.8.4/armv6-m/crti.o
 .ARM.attributes
                0x0000001e       0x2c c:/program files (x86)/atmel/atmel toolchain/arm gcc/native/4.8.1443/arm-gnu-toolchain/bin/../lib/gcc/arm-none-eabi/4.8.4/armv6-m/crtbegin.o
 .ARM.attributes
                0x0000004a       0x32 src/ASF/common2/components/display/ssd1306/ssd1306.o
 .ARM.attributes
                0x0000007c       0x32 src/ASF/common2/services/gfx_mono/gfx_mono_framebuffer.o
 .ARM.attributes
                0x000000ae       0x32 src/ASF/common2/services/gfx_mono/gfx_mono_generic.o
 .ARM.attributes
                0x000000e0       0x32 src/ASF/common2/services/gfx_mono/gfx_mono_null.o
 .ARM.attributes
                0x00000112       0x32 src/ASF/sam0/drivers/sercom/sercom.o
 .ARM.attributes
                0x00000144       0x32 src/ASF/sam0/drivers/sercom/spi/spi.o
 .ARM.attributes
                0x00000176       0x32 src/ASF/sam0/drivers/sercom/spi/spi_interrupt.o
 .ARM.attributes
                0x000001a8       0x32 src/ASF/sam0/drivers/sercom/sercom_interrupt.o
 .ARM.attributes
                0x000001da       0x32 src/ASF/common2/services/delay/sam0/systick_counter.o
 .ARM.attributes
                0x0000020c       0x32 src/ASF/sam0/drivers/port/port.o
 .ARM.attributes
                0x0000023e       0x32 src/ASF/common2/boards/user_board/init.o
 .ARM.attributes
                0x00000270       0x32 src/ASF/common/utils/interrupt/interrupt_sam_nvic.o
 .ARM.attributes
                0x000002a2       0x32 src/ASF/sam0/drivers/system/clock/clock_samd21_r21/clock.o
 .ARM.attributes
                0x000002d4       0x32 src/ASF/sam0/drivers/system/clock/clock_samd21_r21/gclk.o
 .ARM.attributes
                0x00000306       0x32 src/ASF/sam0/drivers/system/pinmux/pinmux.o
 .ARM.attributes
                0x00000338       0x32 src/ASF/sam0/drivers/system/system.o
 .ARM.attributes
                0x0000036a       0x32 src/ASF/sam0/utils/cmsis/samd21/source/gcc/startup_samd21.o
 .ARM.attributes
                0x0000039c       0x32 src/main.o
 .ARM.attributes
                0x000003ce       0x1e c:/program files (x86)/atmel/atmel toolchain/arm gcc/native/4.8.1443/arm-gnu-toolchain/bin/../lib/gcc/arm-none-eabi/4.8.4/armv6-m\libgcc.a(_udivsi3.o)
 .ARM.attributes
                0x000003ec       0x1e c:/program files (x86)/atmel/atmel toolchain/arm gcc/native/4.8.1443/arm-gnu-toolchain/bin/../lib/gcc/arm-none-eabi/4.8.4/armv6-m\libgcc.a(_dvmd_tls.o)
 .ARM.attributes
                0x0000040a       0x2c c:/program files (x86)/atmel/atmel toolchain/arm gcc/native/4.8.1443/arm-gnu-toolchain/bin/../lib/gcc/arm-none-eabi/4.8.4/../../../../arm-none-eabi/lib/armv6-m\libc_s.a(lib_a-init.o)
 .ARM.attributes
                0x00000436       0x2c c:/program files (x86)/atmel/atmel toolchain/arm gcc/native/4.8.1443/arm-gnu-toolchain/bin/../lib/gcc/arm-none-eabi/4.8.4/../../../../arm-none-eabi/lib/armv6-m\libc_s.a(lib_a-memcpy-stub.o)
 .ARM.attributes
                0x00000462       0x2c c:/program files (x86)/atmel/atmel toolchain/arm gcc/native/4.8.1443/arm-gnu-toolchain/bin/../lib/gcc/arm-none-eabi/4.8.4/../../../../arm-none-eabi/lib/armv6-m\libc_s.a(lib_a-memset.o)
 .ARM.attributes
                0x0000048e       0x1e c:/program files (x86)/atmel/atmel toolchain/arm gcc/native/4.8.1443/arm-gnu-toolchain/bin/../lib/gcc/arm-none-eabi/4.8.4/armv6-m/crtn.o

.comment        0x00000000       0x5b
 .comment       0x00000000       0x5b src/ASF/common2/components/display/ssd1306/ssd1306.o
                                 0x5c (size before relaxing)
 .comment       0x00000000       0x5c src/ASF/common2/services/gfx_mono/gfx_mono_framebuffer.o
 .comment       0x00000000       0x5c src/ASF/common2/services/gfx_mono/gfx_mono_generic.o
 .comment       0x00000000       0x5c src/ASF/common2/services/gfx_mono/gfx_mono_null.o
 .comment       0x00000000       0x5c src/ASF/sam0/drivers/sercom/sercom.o
 .comment       0x00000000       0x5c src/ASF/sam0/drivers/sercom/spi/spi.o
 .comment       0x00000000       0x5c src/ASF/sam0/drivers/sercom/spi/spi_interrupt.o
 .comment       0x00000000       0x5c src/ASF/sam0/drivers/sercom/sercom_interrupt.o
 .comment       0x00000000       0x5c src/ASF/common2/services/delay/sam0/systick_counter.o
 .comment       0x00000000       0x5c src/ASF/sam0/drivers/port/port.o
 .comment       0x00000000       0x5c src/ASF/common2/boards/user_board/init.o
 .comment       0x00000000       0x5c src/ASF/common/utils/interrupt/interrupt_sam_nvic.o
 .comment       0x00000000       0x5c src/ASF/sam0/drivers/system/clock/clock_samd21_r21/clock.o
 .comment       0x00000000       0x5c src/ASF/sam0/drivers/system/clock/clock_samd21_r21/gclk.o
 .comment       0x00000000       0x5c src/ASF/sam0/drivers/system/pinmux/pinmux.o
 .comment       0x00000000       0x5c src/ASF/sam0/drivers/system/system.o
 .comment       0x00000000       0x5c src/ASF/sam0/utils/cmsis/samd21/source/gcc/startup_samd21.o
 .comment       0x00000000       0x5c src/main.o

.debug_info     0x00000000    0x1b56b
 .debug_info    0x00000000     0x3c0c src/ASF/common2/components/display/ssd1306/ssd1306.o
 .debug_info    0x00003c0c      0x4c4 src/ASF/common2/services/gfx_mono/gfx_mono_framebuffer.o
 .debug_info    0x000040d0      0xbb2 src/ASF/common2/services/gfx_mono/gfx_mono_generic.o
 .debug_info    0x00004c82      0x176 src/ASF/common2/services/gfx_mono/gfx_mono_null.o
 .debug_info    0x00004df8     0x252f src/ASF/sam0/drivers/sercom/sercom.o
 .debug_info    0x00007327     0x5e25 src/ASF/sam0/drivers/sercom/spi/spi.o
 .debug_info    0x0000d14c     0x2916 src/ASF/sam0/drivers/sercom/spi/spi_interrupt.o
 .debug_info    0x0000fa62     0x22bd src/ASF/sam0/drivers/sercom/sercom_interrupt.o
 .debug_info    0x00011d1f      0x269 src/ASF/common2/services/delay/sam0/systick_counter.o
 .debug_info    0x00011f88      0x968 src/ASF/sam0/drivers/port/port.o
 .debug_info    0x000128f0      0x2b1 src/ASF/common2/boards/user_board/init.o
 .debug_info    0x00012ba1      0x1ec src/ASF/common/utils/interrupt/interrupt_sam_nvic.o
 .debug_info    0x00012d8d     0x2d73 src/ASF/sam0/drivers/system/clock/clock_samd21_r21/clock.o
 .debug_info    0x00015b00     0x14ce src/ASF/sam0/drivers/system/clock/clock_samd21_r21/gclk.o
 .debug_info    0x00016fce      0xa49 src/ASF/sam0/drivers/system/pinmux/pinmux.o
 .debug_info    0x00017a17      0x16f src/ASF/sam0/drivers/system/system.o
 .debug_info    0x00017b86     0x35ae src/ASF/sam0/utils/cmsis/samd21/source/gcc/startup_samd21.o
 .debug_info    0x0001b134      0x437 src/main.o

.debug_abbrev   0x00000000     0x27f2
 .debug_abbrev  0x00000000      0x3fe src/ASF/common2/components/display/ssd1306/ssd1306.o
 .debug_abbrev  0x000003fe      0x182 src/ASF/common2/services/gfx_mono/gfx_mono_framebuffer.o
 .debug_abbrev  0x00000580      0x1e4 src/ASF/common2/services/gfx_mono/gfx_mono_generic.o
 .debug_abbrev  0x00000764       0xcd src/ASF/common2/services/gfx_mono/gfx_mono_null.o
 .debug_abbrev  0x00000831      0x2fd src/ASF/sam0/drivers/sercom/sercom.o
 .debug_abbrev  0x00000b2e      0x44f src/ASF/sam0/drivers/sercom/spi/spi.o
 .debug_abbrev  0x00000f7d      0x358 src/ASF/sam0/drivers/sercom/spi/spi_interrupt.o
 .debug_abbrev  0x000012d5      0x22e src/ASF/sam0/drivers/sercom/sercom_interrupt.o
 .debug_abbrev  0x00001503      0x13c src/ASF/common2/services/delay/sam0/systick_counter.o
 .debug_abbrev  0x0000163f      0x1da src/ASF/sam0/drivers/port/port.o
 .debug_abbrev  0x00001819       0xd6 src/ASF/common2/boards/user_board/init.o
 .debug_abbrev  0x000018ef       0xf6 src/ASF/common/utils/interrupt/interrupt_sam_nvic.o
 .debug_abbrev  0x000019e5      0x3f6 src/ASF/sam0/drivers/system/clock/clock_samd21_r21/clock.o
 .debug_abbrev  0x00001ddb      0x327 src/ASF/sam0/drivers/system/clock/clock_samd21_r21/gclk.o
 .debug_abbrev  0x00002102      0x287 src/ASF/sam0/drivers/system/pinmux/pinmux.o
 .debug_abbrev  0x00002389       0xb9 src/ASF/sam0/drivers/system/system.o
 .debug_abbrev  0x00002442      0x213 src/ASF/sam0/utils/cmsis/samd21/source/gcc/startup_samd21.o
 .debug_abbrev  0x00002655      0x19d src/main.o

.debug_loc      0x00000000     0x72e2
 .debug_loc     0x00000000      0x780 src/ASF/common2/components/display/ssd1306/ssd1306.o
 .debug_loc     0x00000780      0x4db src/ASF/common2/services/gfx_mono/gfx_mono_framebuffer.o
 .debug_loc     0x00000c5b      0xee2 src/ASF/common2/services/gfx_mono/gfx_mono_generic.o
 .debug_loc     0x00001b3d       0x20 src/ASF/common2/services/gfx_mono/gfx_mono_null.o
 .debug_loc     0x00001b5d      0x8d4 src/ASF/sam0/drivers/sercom/sercom.o
 .debug_loc     0x00002431     0x2bd6 src/ASF/sam0/drivers/sercom/spi/spi.o
 .debug_loc     0x00005007      0x5d0 src/ASF/sam0/drivers/sercom/spi/spi_interrupt.o
 .debug_loc     0x000055d7      0x170 src/ASF/sam0/drivers/sercom/sercom_interrupt.o
 .debug_loc     0x00005747       0xe4 src/ASF/common2/services/delay/sam0/systick_counter.o
 .debug_loc     0x0000582b      0x16d src/ASF/sam0/drivers/port/port.o
 .debug_loc     0x00005998       0x1e src/ASF/common/utils/interrupt/interrupt_sam_nvic.o
 .debug_loc     0x000059b6      0xff4 src/ASF/sam0/drivers/system/clock/clock_samd21_r21/clock.o
 .debug_loc     0x000069aa      0x508 src/ASF/sam0/drivers/system/clock/clock_samd21_r21/gclk.o
 .debug_loc     0x00006eb2      0x2e3 src/ASF/sam0/drivers/system/pinmux/pinmux.o
 .debug_loc     0x00007195       0x20 src/ASF/sam0/drivers/system/system.o
 .debug_loc     0x000071b5       0x7c src/ASF/sam0/utils/cmsis/samd21/source/gcc/startup_samd21.o
 .debug_loc     0x00007231       0xb1 src/main.o

.debug_aranges  0x00000000      0x4a0
 .debug_aranges
                0x00000000       0x58 src/ASF/common2/components/display/ssd1306/ssd1306.o
 .debug_aranges
                0x00000058       0x58 src/ASF/common2/services/gfx_mono/gfx_mono_framebuffer.o
 .debug_aranges
                0x000000b0       0x58 src/ASF/common2/services/gfx_mono/gfx_mono_generic.o
 .debug_aranges
                0x00000108       0x20 src/ASF/common2/services/gfx_mono/gfx_mono_null.o
 .debug_aranges
                0x00000128       0x40 src/ASF/sam0/drivers/sercom/sercom.o
 .debug_aranges
                0x00000168       0x58 src/ASF/sam0/drivers/sercom/spi/spi.o
 .debug_aranges
                0x000001c0       0x50 src/ASF/sam0/drivers/sercom/spi/spi_interrupt.o
 .debug_aranges
                0x00000210       0x50 src/ASF/sam0/drivers/sercom/sercom_interrupt.o
 .debug_aranges
                0x00000260       0x30 src/ASF/common2/services/delay/sam0/systick_counter.o
 .debug_aranges
                0x00000290       0x28 src/ASF/sam0/drivers/port/port.o
 .debug_aranges
                0x000002b8       0x20 src/ASF/common2/boards/user_board/init.o
 .debug_aranges
                0x000002d8       0x28 src/ASF/common/utils/interrupt/interrupt_sam_nvic.o
 .debug_aranges
                0x00000300       0x78 src/ASF/sam0/drivers/system/clock/clock_samd21_r21/clock.o
 .debug_aranges
                0x00000378       0x80 src/ASF/sam0/drivers/system/clock/clock_samd21_r21/gclk.o
 .debug_aranges
                0x000003f8       0x38 src/ASF/sam0/drivers/system/pinmux/pinmux.o
 .debug_aranges
                0x00000430       0x28 src/ASF/sam0/drivers/system/system.o
 .debug_aranges
                0x00000458       0x28 src/ASF/sam0/utils/cmsis/samd21/source/gcc/startup_samd21.o
 .debug_aranges
                0x00000480       0x20 src/main.o

.debug_ranges   0x00000000      0x890
 .debug_ranges  0x00000000       0xc0 src/ASF/common2/components/display/ssd1306/ssd1306.o
 .debug_ranges  0x000000c0       0x48 src/ASF/common2/services/gfx_mono/gfx_mono_framebuffer.o
 .debug_ranges  0x00000108       0x48 src/ASF/common2/services/gfx_mono/gfx_mono_generic.o
 .debug_ranges  0x00000150       0x10 src/ASF/common2/services/gfx_mono/gfx_mono_null.o
 .debug_ranges  0x00000160       0x60 src/ASF/sam0/drivers/sercom/sercom.o
 .debug_ranges  0x000001c0      0x450 src/ASF/sam0/drivers/sercom/spi/spi.o
 .debug_ranges  0x00000610       0x70 src/ASF/sam0/drivers/sercom/spi/spi_interrupt.o
 .debug_ranges  0x00000680       0x40 src/ASF/sam0/drivers/sercom/sercom_interrupt.o
 .debug_ranges  0x000006c0       0x50 src/ASF/common2/services/delay/sam0/systick_counter.o
 .debug_ranges  0x00000710       0x18 src/ASF/sam0/drivers/port/port.o
 .debug_ranges  0x00000728       0x10 src/ASF/common2/boards/user_board/init.o
 .debug_ranges  0x00000738       0x18 src/ASF/common/utils/interrupt/interrupt_sam_nvic.o
 .debug_ranges  0x00000750       0x68 src/ASF/sam0/drivers/system/clock/clock_samd21_r21/clock.o
 .debug_ranges  0x000007b8       0x70 src/ASF/sam0/drivers/system/clock/clock_samd21_r21/gclk.o
 .debug_ranges  0x00000828       0x28 src/ASF/sam0/drivers/system/pinmux/pinmux.o
 .debug_ranges  0x00000850       0x18 src/ASF/sam0/drivers/system/system.o
 .debug_ranges  0x00000868       0x18 src/ASF/sam0/utils/cmsis/samd21/source/gcc/startup_samd21.o
 .debug_ranges  0x00000880       0x10 src/main.o

.debug_macro    0x00000000    0x181fd
 .debug_macro   0x00000000      0x5bd src/ASF/common2/components/display/ssd1306/ssd1306.o
 .debug_macro   0x000005bd      0x832 src/ASF/common2/components/display/ssd1306/ssd1306.o
 .debug_macro   0x00000def      0x166 src/ASF/common2/components/display/ssd1306/ssd1306.o
 .debug_macro   0x00000f55      0x4d1 src/ASF/common2/components/display/ssd1306/ssd1306.o
 .debug_macro   0x00001426       0x16 src/ASF/common2/components/display/ssd1306/ssd1306.o
 .debug_macro   0x0000143c       0x44 src/ASF/common2/components/display/ssd1306/ssd1306.o
 .debug_macro   0x00001480      0x209 src/ASF/common2/components/display/ssd1306/ssd1306.o
 .debug_macro   0x00001689       0x10 src/ASF/common2/components/display/ssd1306/ssd1306.o
 .debug_macro   0x00001699       0x76 src/ASF/common2/components/display/ssd1306/ssd1306.o
 .debug_macro   0x0000170f       0x16 src/ASF/common2/components/display/ssd1306/ssd1306.o
 .debug_macro   0x00001725      0x6e5 src/ASF/common2/components/display/ssd1306/ssd1306.o
 .debug_macro   0x00001e0a      0xde2 src/ASF/common2/components/display/ssd1306/ssd1306.o
 .debug_macro   0x00002bec       0x22 src/ASF/common2/components/display/ssd1306/ssd1306.o
 .debug_macro   0x00002c0e       0x40 src/ASF/common2/components/display/ssd1306/ssd1306.o
 .debug_macro   0x00002c4e       0x3a src/ASF/common2/components/display/ssd1306/ssd1306.o
 .debug_macro   0x00002c88      0x24f src/ASF/common2/components/display/ssd1306/ssd1306.o
 .debug_macro   0x00002ed7      0x682 src/ASF/common2/components/display/ssd1306/ssd1306.o
 .debug_macro   0x00003559      0x8c1 src/ASF/common2/components/display/ssd1306/ssd1306.o
 .debug_macro   0x00003e1a      0x235 src/ASF/common2/components/display/ssd1306/ssd1306.o
 .debug_macro   0x0000404f      0xd6d src/ASF/common2/components/display/ssd1306/ssd1306.o
 .debug_macro   0x00004dbc      0x4ce src/ASF/common2/components/display/ssd1306/ssd1306.o
 .debug_macro   0x0000528a      0x9fb src/ASF/common2/components/display/ssd1306/ssd1306.o
 .debug_macro   0x00005c85      0x82e src/ASF/common2/components/display/ssd1306/ssd1306.o
 .debug_macro   0x000064b3      0x462 src/ASF/common2/components/display/ssd1306/ssd1306.o
 .debug_macro   0x00006915       0x5e src/ASF/common2/components/display/ssd1306/ssd1306.o
 .debug_macro   0x00006973      0x907 src/ASF/common2/components/display/ssd1306/ssd1306.o
 .debug_macro   0x0000727a      0x226 src/ASF/common2/components/display/ssd1306/ssd1306.o
 .debug_macro   0x000074a0      0x913 src/ASF/common2/components/display/ssd1306/ssd1306.o
 .debug_macro   0x00007db3       0x5e src/ASF/common2/components/display/ssd1306/ssd1306.o
 .debug_macro   0x00007e11      0x636 src/ASF/common2/components/display/ssd1306/ssd1306.o
 .debug_macro   0x00008447      0x3b8 src/ASF/common2/components/display/ssd1306/ssd1306.o
 .debug_macro   0x000087ff      0xc55 src/ASF/common2/components/display/ssd1306/ssd1306.o
 .debug_macro   0x00009454     0x1093 src/ASF/common2/components/display/ssd1306/ssd1306.o
 .debug_macro   0x0000a4e7      0xc4a src/ASF/common2/components/display/ssd1306/ssd1306.o
 .debug_macro   0x0000b131      0x6c2 src/ASF/common2/components/display/ssd1306/ssd1306.o
 .debug_macro   0x0000b7f3     0x1b4e src/ASF/common2/components/display/ssd1306/ssd1306.o
 .debug_macro   0x0000d341     0x144d src/ASF/common2/components/display/ssd1306/ssd1306.o
 .debug_macro   0x0000e78e      0x351 src/ASF/common2/components/display/ssd1306/ssd1306.o
 .debug_macro   0x0000eadf       0x7c src/ASF/common2/components/display/ssd1306/ssd1306.o
 .debug_macro   0x0000eb5b       0xa0 src/ASF/common2/components/display/ssd1306/ssd1306.o
 .debug_macro   0x0000ebfb       0x4c src/ASF/common2/components/display/ssd1306/ssd1306.o
 .debug_macro   0x0000ec47       0xca src/ASF/common2/components/display/ssd1306/ssd1306.o
 .debug_macro   0x0000ed11       0x94 src/ASF/common2/components/display/ssd1306/ssd1306.o
 .debug_macro   0x0000eda5       0x58 src/ASF/common2/components/display/ssd1306/ssd1306.o
 .debug_macro   0x0000edfd      0x367 src/ASF/common2/components/display/ssd1306/ssd1306.o
 .debug_macro   0x0000f164       0x82 src/ASF/common2/components/display/ssd1306/ssd1306.o
 .debug_macro   0x0000f1e6      0x19a src/ASF/common2/components/display/ssd1306/ssd1306.o
 .debug_macro   0x0000f380       0xb8 src/ASF/common2/components/display/ssd1306/ssd1306.o
 .debug_macro   0x0000f438       0xa0 src/ASF/common2/components/display/ssd1306/ssd1306.o
 .debug_macro   0x0000f4d8       0xb8 src/ASF/common2/components/display/ssd1306/ssd1306.o
 .debug_macro   0x0000f590       0x1c src/ASF/common2/components/display/ssd1306/ssd1306.o
 .debug_macro   0x0000f5ac       0x1c src/ASF/common2/components/display/ssd1306/ssd1306.o
 .debug_macro   0x0000f5c8       0x1c src/ASF/common2/components/display/ssd1306/ssd1306.o
 .debug_macro   0x0000f5e4       0x7c src/ASF/common2/components/display/ssd1306/ssd1306.o
 .debug_macro   0x0000f660      0x164 src/ASF/common2/components/display/ssd1306/ssd1306.o
 .debug_macro   0x0000f7c4       0xdc src/ASF/common2/components/display/ssd1306/ssd1306.o
 .debug_macro   0x0000f8a0      0x132 src/ASF/common2/components/display/ssd1306/ssd1306.o
 .debug_macro   0x0000f9d2      0x132 src/ASF/common2/components/display/ssd1306/ssd1306.o
 .debug_macro   0x0000fb04      0x132 src/ASF/common2/components/display/ssd1306/ssd1306.o
 .debug_macro   0x0000fc36      0x132 src/ASF/common2/components/display/ssd1306/ssd1306.o
 .debug_macro   0x0000fd68      0x11e src/ASF/common2/components/display/ssd1306/ssd1306.o
 .debug_macro   0x0000fe86       0xe2 src/ASF/common2/components/display/ssd1306/ssd1306.o
 .debug_macro   0x0000ff68       0xe2 src/ASF/common2/components/display/ssd1306/ssd1306.o
 .debug_macro   0x0001004a       0xe2 src/ASF/common2/components/display/ssd1306/ssd1306.o
 .debug_macro   0x0001012c      0x12f src/ASF/common2/components/display/ssd1306/ssd1306.o
 .debug_macro   0x0001025b      0x100 src/ASF/common2/components/display/ssd1306/ssd1306.o
 .debug_macro   0x0001035b       0xf4 src/ASF/common2/components/display/ssd1306/ssd1306.o
 .debug_macro   0x0001044f      0x40f src/ASF/common2/components/display/ssd1306/ssd1306.o
 .debug_macro   0x0001085e       0x40 src/ASF/common2/components/display/ssd1306/ssd1306.o
 .debug_macro   0x0001089e      0x345 src/ASF/common2/components/display/ssd1306/ssd1306.o
 .debug_macro   0x00010be3      0xf7d src/ASF/common2/components/display/ssd1306/ssd1306.o
 .debug_macro   0x00011b60       0x51 src/ASF/common2/components/display/ssd1306/ssd1306.o
 .debug_macro   0x00011bb1       0x58 src/ASF/common2/components/display/ssd1306/ssd1306.o
 .debug_macro   0x00011c09       0x35 src/ASF/common2/components/display/ssd1306/ssd1306.o
 .debug_macro   0x00011c3e       0xa3 src/ASF/common2/components/display/ssd1306/ssd1306.o
 .debug_macro   0x00011ce1       0x16 src/ASF/common2/components/display/ssd1306/ssd1306.o
 .debug_macro   0x00011cf7       0x35 src/ASF/common2/components/display/ssd1306/ssd1306.o
 .debug_macro   0x00011d2c       0x10 src/ASF/common2/components/display/ssd1306/ssd1306.o
 .debug_macro   0x00011d3c       0x52 src/ASF/common2/components/display/ssd1306/ssd1306.o
 .debug_macro   0x00011d8e       0x16 src/ASF/common2/components/display/ssd1306/ssd1306.o
 .debug_macro   0x00011da4       0x43 src/ASF/common2/components/display/ssd1306/ssd1306.o
 .debug_macro   0x00011de7      0x180 src/ASF/common2/components/display/ssd1306/ssd1306.o
 .debug_macro   0x00011f67       0x10 src/ASF/common2/components/display/ssd1306/ssd1306.o
 .debug_macro   0x00011f77       0x22 src/ASF/common2/components/display/ssd1306/ssd1306.o
 .debug_macro   0x00011f99       0xbd src/ASF/common2/components/display/ssd1306/ssd1306.o
 .debug_macro   0x00012056       0x16 src/ASF/common2/components/display/ssd1306/ssd1306.o
 .debug_macro   0x0001206c      0x16c src/ASF/common2/components/display/ssd1306/ssd1306.o
 .debug_macro   0x000121d8       0x16 src/ASF/common2/components/display/ssd1306/ssd1306.o
 .debug_macro   0x000121ee       0x16 src/ASF/common2/components/display/ssd1306/ssd1306.o
 .debug_macro   0x00012204       0x29 src/ASF/common2/components/display/ssd1306/ssd1306.o
 .debug_macro   0x0001222d       0x51 src/ASF/common2/components/display/ssd1306/ssd1306.o
 .debug_macro   0x0001227e       0x3f src/ASF/common2/components/display/ssd1306/ssd1306.o
 .debug_macro   0x000122bd      0x3df src/ASF/common2/components/display/ssd1306/ssd1306.o
 .debug_macro   0x0001269c       0x11 src/ASF/common2/components/display/ssd1306/ssd1306.o
 .debug_macro   0x000126ad       0x11 src/ASF/common2/components/display/ssd1306/ssd1306.o
 .debug_macro   0x000126be       0x2e src/ASF/common2/components/display/ssd1306/ssd1306.o
 .debug_macro   0x000126ec       0xb2 src/ASF/common2/components/display/ssd1306/ssd1306.o
 .debug_macro   0x0001279e       0x10 src/ASF/common2/components/display/ssd1306/ssd1306.o
 .debug_macro   0x000127ae      0x2a6 src/ASF/common2/components/display/ssd1306/ssd1306.o
 .debug_macro   0x00012a54       0x10 src/ASF/common2/components/display/ssd1306/ssd1306.o
 .debug_macro   0x00012a64       0x1f src/ASF/common2/components/display/ssd1306/ssd1306.o
 .debug_macro   0x00012a83       0x1c src/ASF/common2/components/display/ssd1306/ssd1306.o
 .debug_macro   0x00012a9f       0x35 src/ASF/common2/components/display/ssd1306/ssd1306.o
 .debug_macro   0x00012ad4       0x1c src/ASF/common2/components/display/ssd1306/ssd1306.o
 .debug_macro   0x00012af0       0x16 src/ASF/common2/components/display/ssd1306/ssd1306.o
 .debug_macro   0x00012b06       0x28 src/ASF/common2/components/display/ssd1306/ssd1306.o
 .debug_macro   0x00012b2e       0x7b src/ASF/common2/components/display/ssd1306/ssd1306.o
 .debug_macro   0x00012ba9       0x88 src/ASF/common2/components/display/ssd1306/ssd1306.o
 .debug_macro   0x00012c31      0x248 src/ASF/common2/components/display/ssd1306/ssd1306.o
 .debug_macro   0x00012e79       0x52 src/ASF/common2/components/display/ssd1306/ssd1306.o
 .debug_macro   0x00012ecb       0xe2 src/ASF/common2/components/display/ssd1306/ssd1306.o
 .debug_macro   0x00012fad      0x47d src/ASF/common2/services/gfx_mono/gfx_mono_framebuffer.o
 .debug_macro   0x0001342a       0x16 src/ASF/common2/services/gfx_mono/gfx_mono_framebuffer.o
 .debug_macro   0x00013440       0x22 src/ASF/common2/services/gfx_mono/gfx_mono_framebuffer.o
 .debug_macro   0x00013462      0x47d src/ASF/common2/services/gfx_mono/gfx_mono_generic.o
 .debug_macro   0x000138df      0x47d src/ASF/common2/services/gfx_mono/gfx_mono_null.o
 .debug_macro   0x00013d5c      0x4d0 src/ASF/sam0/drivers/sercom/sercom.o
 .debug_macro   0x0001422c      0x52a src/ASF/sam0/drivers/sercom/spi/spi.o
 .debug_macro   0x00014756      0x534 src/ASF/sam0/drivers/sercom/spi/spi_interrupt.o
 .debug_macro   0x00014c8a      0x4cd src/ASF/sam0/drivers/sercom/sercom_interrupt.o
 .debug_macro   0x00015157      0x47d src/ASF/common2/services/delay/sam0/systick_counter.o
 .debug_macro   0x000155d4       0x16 src/ASF/common2/services/delay/sam0/systick_counter.o
 .debug_macro   0x000155ea      0x45e src/ASF/sam0/drivers/port/port.o
 .debug_macro   0x00015a48      0x5d2 src/ASF/common2/boards/user_board/init.o
 .debug_macro   0x0001601a       0x58 src/ASF/common2/boards/user_board/init.o
 .debug_macro   0x00016072      0x442 src/ASF/common/utils/interrupt/interrupt_sam_nvic.o
 .debug_macro   0x000164b4      0x4d0 src/ASF/sam0/drivers/system/clock/clock_samd21_r21/clock.o
 .debug_macro   0x00016984      0x26c src/ASF/sam0/drivers/system/clock/clock_samd21_r21/clock.o
 .debug_macro   0x00016bf0      0x478 src/ASF/sam0/drivers/system/clock/clock_samd21_r21/gclk.o
 .debug_macro   0x00017068      0x454 src/ASF/sam0/drivers/system/pinmux/pinmux.o
 .debug_macro   0x000174bc      0x486 src/ASF/sam0/drivers/system/system.o
 .debug_macro   0x00017942      0x2af src/ASF/sam0/utils/cmsis/samd21/source/gcc/startup_samd21.o
 .debug_macro   0x00017bf1       0x3a src/ASF/sam0/utils/cmsis/samd21/source/gcc/startup_samd21.o
 .debug_macro   0x00017c2b      0x5d2 src/main.o

.debug_line     0x00000000     0xc3ed
 .debug_line    0x00000000      0xe9b src/ASF/common2/components/display/ssd1306/ssd1306.o
 .debug_line    0x00000e9b      0x927 src/ASF/common2/services/gfx_mono/gfx_mono_framebuffer.o
 .debug_line    0x000017c2      0xa02 src/ASF/common2/services/gfx_mono/gfx_mono_generic.o
 .debug_line    0x000021c4      0x862 src/ASF/common2/services/gfx_mono/gfx_mono_null.o
 .debug_line    0x00002a26      0xb0d src/ASF/sam0/drivers/sercom/sercom.o
 .debug_line    0x00003533     0x136d src/ASF/sam0/drivers/sercom/spi/spi.o
 .debug_line    0x000048a0      0xcc5 src/ASF/sam0/drivers/sercom/spi/spi_interrupt.o
 .debug_line    0x00005565      0xab1 src/ASF/sam0/drivers/sercom/sercom_interrupt.o
 .debug_line    0x00006016      0x937 src/ASF/common2/services/delay/sam0/systick_counter.o
 .debug_line    0x0000694d      0x86a src/ASF/sam0/drivers/port/port.o
 .debug_line    0x000071b7      0xd00 src/ASF/common2/boards/user_board/init.o
 .debug_line    0x00007eb7      0x83c src/ASF/common/utils/interrupt/interrupt_sam_nvic.o
 .debug_line    0x000086f3      0xbce src/ASF/sam0/drivers/system/clock/clock_samd21_r21/clock.o
 .debug_line    0x000092c1      0xbe0 src/ASF/sam0/drivers/system/clock/clock_samd21_r21/gclk.o
 .debug_line    0x00009ea1      0x888 src/ASF/sam0/drivers/system/pinmux/pinmux.o
 .debug_line    0x0000a729      0x955 src/ASF/sam0/drivers/system/system.o
 .debug_line    0x0000b07e      0x63d src/ASF/sam0/utils/cmsis/samd21/source/gcc/startup_samd21.o
 .debug_line    0x0000b6bb      0xd32 src/main.o

.debug_str      0x00000000    0x80ed6
 .debug_str     0x00000000    0x7beff src/ASF/common2/components/display/ssd1306/ssd1306.o
                              0x7c909 (size before relaxing)
 .debug_str     0x0007beff      0x1cb src/ASF/common2/services/gfx_mono/gfx_mono_framebuffer.o
                              0x78779 (size before relaxing)
 .debug_str     0x0007c0ca      0x236 src/ASF/common2/services/gfx_mono/gfx_mono_generic.o
                              0x7886c (size before relaxing)
 .debug_str     0x0007c300       0x48 src/ASF/common2/services/gfx_mono/gfx_mono_null.o
                              0x785da (size before relaxing)
 .debug_str     0x0007c348      0x41b src/ASF/sam0/drivers/sercom/sercom.o
                              0x7928c (size before relaxing)
 .debug_str     0x0007c763      0x84c src/ASF/sam0/drivers/sercom/spi/spi.o
                              0x7b451 (size before relaxing)
 .debug_str     0x0007cfaf      0x1ae src/ASF/sam0/drivers/sercom/spi/spi_interrupt.o
                              0x7a481 (size before relaxing)
 .debug_str     0x0007d15d      0x189 src/ASF/sam0/drivers/sercom/sercom_interrupt.o
                              0x7909f (size before relaxing)
 .debug_str     0x0007d2e6       0x80 src/ASF/common2/services/delay/sam0/systick_counter.o
                              0x77dea (size before relaxing)
 .debug_str     0x0007d366       0x53 src/ASF/sam0/drivers/port/port.o
                              0x78000 (size before relaxing)
 .debug_str     0x0007d3b9       0x45 src/ASF/common2/boards/user_board/init.o
                              0x7b06f (size before relaxing)
 .debug_str     0x0007d3fe       0x9b src/ASF/common/utils/interrupt/interrupt_sam_nvic.o
                              0x77c4b (size before relaxing)
 .debug_str     0x0007d499     0x26b8 src/ASF/sam0/drivers/system/clock/clock_samd21_r21/clock.o
                              0x7ac49 (size before relaxing)
 .debug_str     0x0007fb51      0x2d2 src/ASF/sam0/drivers/system/clock/clock_samd21_r21/gclk.o
                              0x7889a (size before relaxing)
 .debug_str     0x0007fe23      0x130 src/ASF/sam0/drivers/system/pinmux/pinmux.o
                              0x78042 (size before relaxing)
 .debug_str     0x0007ff53       0x47 src/ASF/sam0/drivers/system/system.o
                              0x77cd0 (size before relaxing)
 .debug_str     0x0007ff9a      0xef5 src/ASF/sam0/utils/cmsis/samd21/source/gcc/startup_samd21.o
                              0x66cac (size before relaxing)
 .debug_str     0x00080e8f       0x47 src/main.o
                              0x7b0d5 (size before relaxing)

.debug_frame    0x00000000      0xbcc
 .debug_frame   0x00000000      0x100 src/ASF/common2/components/display/ssd1306/ssd1306.o
 .debug_frame   0x00000100       0xd4 src/ASF/common2/services/gfx_mono/gfx_mono_framebuffer.o
 .debug_frame   0x000001d4      0x160 src/ASF/common2/services/gfx_mono/gfx_mono_generic.o
 .debug_frame   0x00000334       0x28 src/ASF/common2/services/gfx_mono/gfx_mono_null.o
 .debug_frame   0x0000035c       0xa0 src/ASF/sam0/drivers/sercom/sercom.o
 .debug_frame   0x000003fc      0x128 src/ASF/sam0/drivers/sercom/spi/spi.o
 .debug_frame   0x00000524       0xa8 src/ASF/sam0/drivers/sercom/spi/spi_interrupt.o
 .debug_frame   0x000005cc       0xb8 src/ASF/sam0/drivers/sercom/sercom_interrupt.o
 .debug_frame   0x00000684       0x60 src/ASF/common2/services/delay/sam0/systick_counter.o
 .debug_frame   0x000006e4       0x44 src/ASF/sam0/drivers/port/port.o
 .debug_frame   0x00000728       0x20 src/ASF/common2/boards/user_board/init.o
 .debug_frame   0x00000748       0x30 src/ASF/common/utils/interrupt/interrupt_sam_nvic.o
 .debug_frame   0x00000778      0x14c src/ASF/sam0/drivers/system/clock/clock_samd21_r21/clock.o
 .debug_frame   0x000008c4      0x14c src/ASF/sam0/drivers/system/clock/clock_samd21_r21/gclk.o
 .debug_frame   0x00000a10       0x7c src/ASF/sam0/drivers/system/pinmux/pinmux.o
 .debug_frame   0x00000a8c       0x38 src/ASF/sam0/drivers/system/system.o
 .debug_frame   0x00000ac4       0x3c src/ASF/sam0/utils/cmsis/samd21/source/gcc/startup_samd21.o
 .debug_frame   0x00000b00       0x38 src/main.o
 .debug_frame   0x00000b38       0x20 c:/program files (x86)/atmel/atmel toolchain/arm gcc/native/4.8.1443/arm-gnu-toolchain/bin/../lib/gcc/arm-none-eabi/4.8.4/armv6-m\libgcc.a(_udivsi3.o)
 .debug_frame   0x00000b58       0x2c c:/program files (x86)/atmel/atmel toolchain/arm gcc/native/4.8.1443/arm-gnu-toolchain/bin/../lib/gcc/arm-none-eabi/4.8.4/../../../../arm-none-eabi/lib/armv6-m\libc_s.a(lib_a-init.o)
 .debug_frame   0x00000b84       0x28 c:/program files (x86)/atmel/atmel toolchain/arm gcc/native/4.8.1443/arm-gnu-toolchain/bin/../lib/gcc/arm-none-eabi/4.8.4/../../../../arm-none-eabi/lib/armv6-m\libc_s.a(lib_a-memcpy-stub.o)
 .debug_frame   0x00000bac       0x20 c:/program files (x86)/atmel/atmel toolchain/arm gcc/native/4.8.1443/arm-gnu-toolchain/bin/../lib/gcc/arm-none-eabi/4.8.4/../../../../arm-none-eabi/lib/armv6-m\libc_s.a(lib_a-memset.o)

Cross Reference Table

Symbol                                            File
AC_Handler                                        src/ASF/sam0/utils/cmsis/samd21/source/gcc/startup_samd21.o
ADC_Handler                                       src/ASF/sam0/utils/cmsis/samd21/source/gcc/startup_samd21.o
DAC_Handler                                       src/ASF/sam0/utils/cmsis/samd21/source/gcc/startup_samd21.o
DMAC_Handler                                      src/ASF/sam0/utils/cmsis/samd21/source/gcc/startup_samd21.o
Dummy_Handler                                     src/ASF/sam0/utils/cmsis/samd21/source/gcc/startup_samd21.o
EIC_Handler                                       src/ASF/sam0/utils/cmsis/samd21/source/gcc/startup_samd21.o
EVSYS_Handler                                     src/ASF/sam0/utils/cmsis/samd21/source/gcc/startup_samd21.o
HardFault_Handler                                 src/ASF/sam0/utils/cmsis/samd21/source/gcc/startup_samd21.o
I2S_Handler                                       src/ASF/sam0/utils/cmsis/samd21/source/gcc/startup_samd21.o
NMI_Handler                                       src/ASF/sam0/utils/cmsis/samd21/source/gcc/startup_samd21.o
NVMCTRL_Handler                                   src/ASF/sam0/utils/cmsis/samd21/source/gcc/startup_samd21.o
PM_Handler                                        src/ASF/sam0/utils/cmsis/samd21/source/gcc/startup_samd21.o
PTC_Handler                                       src/ASF/sam0/utils/cmsis/samd21/source/gcc/startup_samd21.o
PendSV_Handler                                    src/ASF/sam0/utils/cmsis/samd21/source/gcc/startup_samd21.o
RTC_Handler                                       src/ASF/sam0/utils/cmsis/samd21/source/gcc/startup_samd21.o
Reset_Handler                                     src/ASF/sam0/utils/cmsis/samd21/source/gcc/startup_samd21.o
SERCOM0_Handler                                   src/ASF/sam0/drivers/sercom/sercom_interrupt.o
SERCOM1_Handler                                   src/ASF/sam0/drivers/sercom/sercom_interrupt.o
SERCOM2_Handler                                   src/ASF/sam0/drivers/sercom/sercom_interrupt.o
SERCOM3_Handler                                   src/ASF/sam0/drivers/sercom/sercom_interrupt.o
SERCOM4_Handler                                   src/ASF/sam0/utils/cmsis/samd21/source/gcc/startup_samd21.o
SERCOM5_Handler                                   src/ASF/sam0/utils/cmsis/samd21/source/gcc/startup_samd21.o
SVC_Handler                                       src/ASF/sam0/utils/cmsis/samd21/source/gcc/startup_samd21.o
SYSCTRL_Handler                                   src/ASF/sam0/utils/cmsis/samd21/source/gcc/startup_samd21.o
SysTick_Handler                                   src/ASF/sam0/utils/cmsis/samd21/source/gcc/startup_samd21.o
SystemCoreClock                                   src/ASF/sam0/utils/cmsis/samd21/source/system_samd21.o
SystemCoreClockUpdate                             src/ASF/sam0/utils/cmsis/samd21/source/system_samd21.o
SystemInit                                        src/ASF/sam0/utils/cmsis/samd21/source/system_samd21.o
TC3_Handler                                       src/ASF/sam0/utils/cmsis/samd21/source/gcc/startup_samd21.o
TC4_Handler                                       src/ASF/sam0/utils/cmsis/samd21/source/gcc/startup_samd21.o
TC5_Handler                                       src/ASF/sam0/utils/cmsis/samd21/source/gcc/startup_samd21.o
TC6_Handler                                       src/ASF/sam0/utils/cmsis/samd21/source/gcc/startup_samd21.o
TC7_Handler                                       src/ASF/sam0/utils/cmsis/samd21/source/gcc/startup_samd21.o
TCC0_Handler                                      src/ASF/sam0/utils/cmsis/samd21/source/gcc/startup_samd21.o
TCC1_Handler                                      src/ASF/sam0/utils/cmsis/samd21/source/gcc/startup_samd21.o
TCC2_Handler                                      src/ASF/sam0/utils/cmsis/samd21/source/gcc/startup_samd21.o
USB_Handler                                       src/ASF/sam0/utils/cmsis/samd21/source/gcc/startup_samd21.o
WDT_Handler                                       src/ASF/sam0/utils/cmsis/samd21/source/gcc/startup_samd21.o
_Jv_RegisterClasses                               c:/program files (x86)/atmel/atmel toolchain/arm gcc/native/4.8.1443/arm-gnu-toolchain/bin/../lib/gcc/arm-none-eabi/4.8.4/armv6-m/crtbegin.o
__aeabi_idiv                                      c:/program files (x86)/atmel/atmel toolchain/arm gcc/native/4.8.1443/arm-gnu-toolchain/bin/../lib/gcc/arm-none-eabi/4.8.4/armv6-m\libgcc.a(_divsi3.o)
                                                  c:/program files (x86)/atmel/atmel toolchain/arm gcc/native/4.8.1443/arm-gnu-toolchain/bin/../lib/gcc/arm-none-eabi/4.8.4/../../../../arm-none-eabi/lib/armv6-m\libc_s.a(lib_a-fvwrite.o)
                                                  src/ASF/common2/components/display/ssd1306/ssd1306.o
__aeabi_idiv0                                     c:/program files (x86)/atmel/atmel toolchain/arm gcc/native/4.8.1443/arm-gnu-toolchain/bin/../lib/gcc/arm-none-eabi/4.8.4/armv6-m\libgcc.a(_dvmd_tls.o)
                                                  c:/program files (x86)/atmel/atmel toolchain/arm gcc/native/4.8.1443/arm-gnu-toolchain/bin/../lib/gcc/arm-none-eabi/4.8.4/armv6-m\libgcc.a(_divsi3.o)
                                                  c:/program files (x86)/atmel/atmel toolchain/arm gcc/native/4.8.1443/arm-gnu-toolchain/bin/../lib/gcc/arm-none-eabi/4.8.4/armv6-m\libgcc.a(_udivsi3.o)
__aeabi_idivmod                                   c:/program files (x86)/atmel/atmel toolchain/arm gcc/native/4.8.1443/arm-gnu-toolchain/bin/../lib/gcc/arm-none-eabi/4.8.4/armv6-m\libgcc.a(_divsi3.o)
__aeabi_ldiv0                                     c:/program files (x86)/atmel/atmel toolchain/arm gcc/native/4.8.1443/arm-gnu-toolchain/bin/../lib/gcc/arm-none-eabi/4.8.4/armv6-m\libgcc.a(_dvmd_tls.o)
__aeabi_lmul                                      c:/program files (x86)/atmel/atmel toolchain/arm gcc/native/4.8.1443/arm-gnu-toolchain/bin/../lib/gcc/arm-none-eabi/4.8.4/armv6-m\libgcc.a(_muldi3.o)
                                                  src/ASF/sam0/drivers/sercom/sercom.o
__aeabi_uidiv                                     c:/program files (x86)/atmel/atmel toolchain/arm gcc/native/4.8.1443/arm-gnu-toolchain/bin/../lib/gcc/arm-none-eabi/4.8.4/armv6-m\libgcc.a(_udivsi3.o)
                                                  c:/program files (x86)/atmel/atmel toolchain/arm gcc/native/4.8.1443/arm-gnu-toolchain/bin/../lib/gcc/arm-none-eabi/4.8.4/../../../../arm-none-eabi/lib/armv6-m\libc_s.a(lib_a-vfprintf_i.o)
                                                  src/ASF/sam0/drivers/system/clock/clock_samd21_r21/gclk.o
                                                  src/ASF/sam0/drivers/system/clock/clock_samd21_r21/clock.o
                                                  src/ASF/common2/services/delay/sam0/systick_counter.o
                                                  src/ASF/common2/components/display/ssd1306/ssd1306.o
__aeabi_uidivmod                                  c:/program files (x86)/atmel/atmel toolchain/arm gcc/native/4.8.1443/arm-gnu-toolchain/bin/../lib/gcc/arm-none-eabi/4.8.4/armv6-m\libgcc.a(_udivsi3.o)
                                                  c:/program files (x86)/atmel/atmel toolchain/arm gcc/native/4.8.1443/arm-gnu-toolchain/bin/../lib/gcc/arm-none-eabi/4.8.4/../../../../arm-none-eabi/lib/armv6-m\libc_s.a(lib_a-vfprintf_i.o)
                                                  src/ASF/common2/components/display/ssd1306/ssd1306.o
__bss_end__                                       c:/program files (x86)/atmel/atmel toolchain/arm gcc/native/4.8.1443/arm-gnu-toolchain/bin/../lib/gcc/arm-none-eabi/4.8.4/../../../../arm-none-eabi/lib/armv6-m/crt0.o
__bss_start__                                     c:/program files (x86)/atmel/atmel toolchain/arm gcc/native/4.8.1443/arm-gnu-toolchain/bin/../lib/gcc/arm-none-eabi/4.8.4/../../../../arm-none-eabi/lib/armv6-m/crt0.o
__call_exitprocs                                  c:/program files (x86)/atmel/atmel toolchain/arm gcc/native/4.8.1443/arm-gnu-toolchain/bin/../lib/gcc/arm-none-eabi/4.8.4/../../../../arm-none-eabi/lib/armv6-m\libc_s.a(lib_a-exit.o)
__deregister_frame_info                           c:/program files (x86)/atmel/atmel toolchain/arm gcc/native/4.8.1443/arm-gnu-toolchain/bin/../lib/gcc/arm-none-eabi/4.8.4/armv6-m/crtbegin.o
__divsi3                                          c:/program files (x86)/atmel/atmel toolchain/arm gcc/native/4.8.1443/arm-gnu-toolchain/bin/../lib/gcc/arm-none-eabi/4.8.4/armv6-m\libgcc.a(_divsi3.o)
__dso_handle                                      c:/program files (x86)/atmel/atmel toolchain/arm gcc/native/4.8.1443/arm-gnu-toolchain/bin/../lib/gcc/arm-none-eabi/4.8.4/armv6-m/crtbegin.o
__fp_lock_all                                     c:/program files (x86)/atmel/atmel toolchain/arm gcc/native/4.8.1443/arm-gnu-toolchain/bin/../lib/gcc/arm-none-eabi/4.8.4/../../../../arm-none-eabi/lib/armv6-m\libc_s.a(lib_a-findfp.o)
__fp_unlock_all                                   c:/program files (x86)/atmel/atmel toolchain/arm gcc/native/4.8.1443/arm-gnu-toolchain/bin/../lib/gcc/arm-none-eabi/4.8.4/../../../../arm-none-eabi/lib/armv6-m\libc_s.a(lib_a-findfp.o)
__init_array_end                                  c:/program files (x86)/atmel/atmel toolchain/arm gcc/native/4.8.1443/arm-gnu-toolchain/bin/../lib/gcc/arm-none-eabi/4.8.4/../../../../arm-none-eabi/lib/armv6-m\libc_s.a(lib_a-init.o)
__init_array_start                                c:/program files (x86)/atmel/atmel toolchain/arm gcc/native/4.8.1443/arm-gnu-toolchain/bin/../lib/gcc/arm-none-eabi/4.8.4/../../../../arm-none-eabi/lib/armv6-m\libc_s.a(lib_a-init.o)
__libc_fini_array                                 c:/program files (x86)/atmel/atmel toolchain/arm gcc/native/4.8.1443/arm-gnu-toolchain/bin/../lib/gcc/arm-none-eabi/4.8.4/../../../../arm-none-eabi/lib/armv6-m/crt0.o
__libc_init_array                                 c:/program files (x86)/atmel/atmel toolchain/arm gcc/native/4.8.1443/arm-gnu-toolchain/bin/../lib/gcc/arm-none-eabi/4.8.4/../../../../arm-none-eabi/lib/armv6-m\libc_s.a(lib_a-init.o)
                                                  src/ASF/sam0/utils/cmsis/samd21/source/gcc/startup_samd21.o
                                                  c:/program files (x86)/atmel/atmel toolchain/arm gcc/native/4.8.1443/arm-gnu-toolchain/bin/../lib/gcc/arm-none-eabi/4.8.4/../../../../arm-none-eabi/lib/armv6-m/crt0.o
__malloc_free_list                                c:/program files (x86)/atmel/atmel toolchain/arm gcc/native/4.8.1443/arm-gnu-toolchain/bin/../lib/gcc/arm-none-eabi/4.8.4/../../../../arm-none-eabi/lib/armv6-m\libc_s.a(lib_a-nano-mallocr.o)
                                                  c:/program files (x86)/atmel/atmel toolchain/arm gcc/native/4.8.1443/arm-gnu-toolchain/bin/../lib/gcc/arm-none-eabi/4.8.4/../../../../arm-none-eabi/lib/armv6-m\libc_s.a(lib_a-nano-freer.o)
__malloc_sbrk_start                               c:/program files (x86)/atmel/atmel toolchain/arm gcc/native/4.8.1443/arm-gnu-toolchain/bin/../lib/gcc/arm-none-eabi/4.8.4/../../../../arm-none-eabi/lib/armv6-m\libc_s.a(lib_a-nano-mallocr.o)
__muldi3                                          c:/program files (x86)/atmel/atmel toolchain/arm gcc/native/4.8.1443/arm-gnu-toolchain/bin/../lib/gcc/arm-none-eabi/4.8.4/armv6-m\libgcc.a(_muldi3.o)
__preinit_array_end                               c:/program files (x86)/atmel/atmel toolchain/arm gcc/native/4.8.1443/arm-gnu-toolchain/bin/../lib/gcc/arm-none-eabi/4.8.4/../../../../arm-none-eabi/lib/armv6-m\libc_s.a(lib_a-init.o)
__preinit_array_start                             c:/program files (x86)/atmel/atmel toolchain/arm gcc/native/4.8.1443/arm-gnu-toolchain/bin/../lib/gcc/arm-none-eabi/4.8.4/../../../../arm-none-eabi/lib/armv6-m\libc_s.a(lib_a-init.o)
__register_frame_info                             c:/program files (x86)/atmel/atmel toolchain/arm gcc/native/4.8.1443/arm-gnu-toolchain/bin/../lib/gcc/arm-none-eabi/4.8.4/armv6-m/crtbegin.o
__sclose                                          c:/program files (x86)/atmel/atmel toolchain/arm gcc/native/4.8.1443/arm-gnu-toolchain/bin/../lib/gcc/arm-none-eabi/4.8.4/../../../../arm-none-eabi/lib/armv6-m\libc_s.a(lib_a-stdio.o)
                                                  c:/program files (x86)/atmel/atmel toolchain/arm gcc/native/4.8.1443/arm-gnu-toolchain/bin/../lib/gcc/arm-none-eabi/4.8.4/../../../../arm-none-eabi/lib/armv6-m\libc_s.a(lib_a-findfp.o)
__seofread                                        c:/program files (x86)/atmel/atmel toolchain/arm gcc/native/4.8.1443/arm-gnu-toolchain/bin/../lib/gcc/arm-none-eabi/4.8.4/../../../../arm-none-eabi/lib/armv6-m\libc_s.a(lib_a-stdio.o)
__sf_fake_stderr                                  c:/program files (x86)/atmel/atmel toolchain/arm gcc/native/4.8.1443/arm-gnu-toolchain/bin/../lib/gcc/arm-none-eabi/4.8.4/../../../../arm-none-eabi/lib/armv6-m\libc_s.a(lib_a-findfp.o)
                                                  c:/program files (x86)/atmel/atmel toolchain/arm gcc/native/4.8.1443/arm-gnu-toolchain/bin/../lib/gcc/arm-none-eabi/4.8.4/../../../../arm-none-eabi/lib/armv6-m\libc_s.a(lib_a-fflush.o)
                                                  c:/program files (x86)/atmel/atmel toolchain/arm gcc/native/4.8.1443/arm-gnu-toolchain/bin/../lib/gcc/arm-none-eabi/4.8.4/../../../../arm-none-eabi/lib/armv6-m\libc_s.a(lib_a-wsetup.o)
                                                  c:/program files (x86)/atmel/atmel toolchain/arm gcc/native/4.8.1443/arm-gnu-toolchain/bin/../lib/gcc/arm-none-eabi/4.8.4/../../../../arm-none-eabi/lib/armv6-m\libc_s.a(lib_a-wbuf.o)
                                                  c:/program files (x86)/atmel/atmel toolchain/arm gcc/native/4.8.1443/arm-gnu-toolchain/bin/../lib/gcc/arm-none-eabi/4.8.4/../../../../arm-none-eabi/lib/armv6-m\libc_s.a(lib_a-vfprintf.o)
                                                  c:/program files (x86)/atmel/atmel toolchain/arm gcc/native/4.8.1443/arm-gnu-toolchain/bin/../lib/gcc/arm-none-eabi/4.8.4/../../../../arm-none-eabi/lib/armv6-m\libc_s.a(lib_a-impure.o)
__sf_fake_stdin                                   c:/program files (x86)/atmel/atmel toolchain/arm gcc/native/4.8.1443/arm-gnu-toolchain/bin/../lib/gcc/arm-none-eabi/4.8.4/../../../../arm-none-eabi/lib/armv6-m\libc_s.a(lib_a-findfp.o)
                                                  c:/program files (x86)/atmel/atmel toolchain/arm gcc/native/4.8.1443/arm-gnu-toolchain/bin/../lib/gcc/arm-none-eabi/4.8.4/../../../../arm-none-eabi/lib/armv6-m\libc_s.a(lib_a-fflush.o)
                                                  c:/program files (x86)/atmel/atmel toolchain/arm gcc/native/4.8.1443/arm-gnu-toolchain/bin/../lib/gcc/arm-none-eabi/4.8.4/../../../../arm-none-eabi/lib/armv6-m\libc_s.a(lib_a-wsetup.o)
                                                  c:/program files (x86)/atmel/atmel toolchain/arm gcc/native/4.8.1443/arm-gnu-toolchain/bin/../lib/gcc/arm-none-eabi/4.8.4/../../../../arm-none-eabi/lib/armv6-m\libc_s.a(lib_a-wbuf.o)
                                                  c:/program files (x86)/atmel/atmel toolchain/arm gcc/native/4.8.1443/arm-gnu-toolchain/bin/../lib/gcc/arm-none-eabi/4.8.4/../../../../arm-none-eabi/lib/armv6-m\libc_s.a(lib_a-vfprintf.o)
                                                  c:/program files (x86)/atmel/atmel toolchain/arm gcc/native/4.8.1443/arm-gnu-toolchain/bin/../lib/gcc/arm-none-eabi/4.8.4/../../../../arm-none-eabi/lib/armv6-m\libc_s.a(lib_a-impure.o)
__sf_fake_stdout                                  c:/program files (x86)/atmel/atmel toolchain/arm gcc/native/4.8.1443/arm-gnu-toolchain/bin/../lib/gcc/arm-none-eabi/4.8.4/../../../../arm-none-eabi/lib/armv6-m\libc_s.a(lib_a-findfp.o)
                                                  c:/program files (x86)/atmel/atmel toolchain/arm gcc/native/4.8.1443/arm-gnu-toolchain/bin/../lib/gcc/arm-none-eabi/4.8.4/../../../../arm-none-eabi/lib/armv6-m\libc_s.a(lib_a-fflush.o)
                                                  c:/program files (x86)/atmel/atmel toolchain/arm gcc/native/4.8.1443/arm-gnu-toolchain/bin/../lib/gcc/arm-none-eabi/4.8.4/../../../../arm-none-eabi/lib/armv6-m\libc_s.a(lib_a-wsetup.o)
                                                  c:/program files (x86)/atmel/atmel toolchain/arm gcc/native/4.8.1443/arm-gnu-toolchain/bin/../lib/gcc/arm-none-eabi/4.8.4/../../../../arm-none-eabi/lib/armv6-m\libc_s.a(lib_a-wbuf.o)
                                                  c:/program files (x86)/atmel/atmel toolchain/arm gcc/native/4.8.1443/arm-gnu-toolchain/bin/../lib/gcc/arm-none-eabi/4.8.4/../../../../arm-none-eabi/lib/armv6-m\libc_s.a(lib_a-vfprintf.o)
                                                  c:/program files (x86)/atmel/atmel toolchain/arm gcc/native/4.8.1443/arm-gnu-toolchain/bin/../lib/gcc/arm-none-eabi/4.8.4/../../../../arm-none-eabi/lib/armv6-m\libc_s.a(lib_a-impure.o)
__sflush_r                                        c:/program files (x86)/atmel/atmel toolchain/arm gcc/native/4.8.1443/arm-gnu-toolchain/bin/../lib/gcc/arm-none-eabi/4.8.4/../../../../arm-none-eabi/lib/armv6-m\libc_s.a(lib_a-fflush.o)
__sfmoreglue                                      c:/program files (x86)/atmel/atmel toolchain/arm gcc/native/4.8.1443/arm-gnu-toolchain/bin/../lib/gcc/arm-none-eabi/4.8.4/../../../../arm-none-eabi/lib/armv6-m\libc_s.a(lib_a-findfp.o)
__sfp                                             c:/program files (x86)/atmel/atmel toolchain/arm gcc/native/4.8.1443/arm-gnu-toolchain/bin/../lib/gcc/arm-none-eabi/4.8.4/../../../../arm-none-eabi/lib/armv6-m\libc_s.a(lib_a-findfp.o)
__sfp_lock_acquire                                c:/program files (x86)/atmel/atmel toolchain/arm gcc/native/4.8.1443/arm-gnu-toolchain/bin/../lib/gcc/arm-none-eabi/4.8.4/../../../../arm-none-eabi/lib/armv6-m\libc_s.a(lib_a-findfp.o)
__sfp_lock_release                                c:/program files (x86)/atmel/atmel toolchain/arm gcc/native/4.8.1443/arm-gnu-toolchain/bin/../lib/gcc/arm-none-eabi/4.8.4/../../../../arm-none-eabi/lib/armv6-m\libc_s.a(lib_a-findfp.o)
__sfputs_r                                        c:/program files (x86)/atmel/atmel toolchain/arm gcc/native/4.8.1443/arm-gnu-toolchain/bin/../lib/gcc/arm-none-eabi/4.8.4/../../../../arm-none-eabi/lib/armv6-m\libc_s.a(lib_a-vfprintf.o)
__sfvwrite_r                                      c:/program files (x86)/atmel/atmel toolchain/arm gcc/native/4.8.1443/arm-gnu-toolchain/bin/../lib/gcc/arm-none-eabi/4.8.4/../../../../arm-none-eabi/lib/armv6-m\libc_s.a(lib_a-fvwrite.o)
                                                  c:/program files (x86)/atmel/atmel toolchain/arm gcc/native/4.8.1443/arm-gnu-toolchain/bin/../lib/gcc/arm-none-eabi/4.8.4/../../../../arm-none-eabi/lib/armv6-m\libc_s.a(lib_a-vfprintf.o)
__sinit                                           c:/program files (x86)/atmel/atmel toolchain/arm gcc/native/4.8.1443/arm-gnu-toolchain/bin/../lib/gcc/arm-none-eabi/4.8.4/../../../../arm-none-eabi/lib/armv6-m\libc_s.a(lib_a-findfp.o)
                                                  c:/program files (x86)/atmel/atmel toolchain/arm gcc/native/4.8.1443/arm-gnu-toolchain/bin/../lib/gcc/arm-none-eabi/4.8.4/../../../../arm-none-eabi/lib/armv6-m\libc_s.a(lib_a-fflush.o)
                                                  c:/program files (x86)/atmel/atmel toolchain/arm gcc/native/4.8.1443/arm-gnu-toolchain/bin/../lib/gcc/arm-none-eabi/4.8.4/../../../../arm-none-eabi/lib/armv6-m\libc_s.a(lib_a-wsetup.o)
                                                  c:/program files (x86)/atmel/atmel toolchain/arm gcc/native/4.8.1443/arm-gnu-toolchain/bin/../lib/gcc/arm-none-eabi/4.8.4/../../../../arm-none-eabi/lib/armv6-m\libc_s.a(lib_a-wbuf.o)
                                                  c:/program files (x86)/atmel/atmel toolchain/arm gcc/native/4.8.1443/arm-gnu-toolchain/bin/../lib/gcc/arm-none-eabi/4.8.4/../../../../arm-none-eabi/lib/armv6-m\libc_s.a(lib_a-vfprintf.o)
                                                  c:/program files (x86)/atmel/atmel toolchain/arm gcc/native/4.8.1443/arm-gnu-toolchain/bin/../lib/gcc/arm-none-eabi/4.8.4/../../../../arm-none-eabi/lib/armv6-m\libc_s.a(lib_a-printf.o)
__sinit_lock_acquire                              c:/program files (x86)/atmel/atmel toolchain/arm gcc/native/4.8.1443/arm-gnu-toolchain/bin/../lib/gcc/arm-none-eabi/4.8.4/../../../../arm-none-eabi/lib/armv6-m\libc_s.a(lib_a-findfp.o)
__sinit_lock_release                              c:/program files (x86)/atmel/atmel toolchain/arm gcc/native/4.8.1443/arm-gnu-toolchain/bin/../lib/gcc/arm-none-eabi/4.8.4/../../../../arm-none-eabi/lib/armv6-m\libc_s.a(lib_a-findfp.o)
__smakebuf_r                                      c:/program files (x86)/atmel/atmel toolchain/arm gcc/native/4.8.1443/arm-gnu-toolchain/bin/../lib/gcc/arm-none-eabi/4.8.4/../../../../arm-none-eabi/lib/armv6-m\libc_s.a(lib_a-makebuf.o)
                                                  c:/program files (x86)/atmel/atmel toolchain/arm gcc/native/4.8.1443/arm-gnu-toolchain/bin/../lib/gcc/arm-none-eabi/4.8.4/../../../../arm-none-eabi/lib/armv6-m\libc_s.a(lib_a-wsetup.o)
__sprint_r                                        c:/program files (x86)/atmel/atmel toolchain/arm gcc/native/4.8.1443/arm-gnu-toolchain/bin/../lib/gcc/arm-none-eabi/4.8.4/../../../../arm-none-eabi/lib/armv6-m\libc_s.a(lib_a-vfprintf.o)
__sread                                           c:/program files (x86)/atmel/atmel toolchain/arm gcc/native/4.8.1443/arm-gnu-toolchain/bin/../lib/gcc/arm-none-eabi/4.8.4/../../../../arm-none-eabi/lib/armv6-m\libc_s.a(lib_a-stdio.o)
                                                  c:/program files (x86)/atmel/atmel toolchain/arm gcc/native/4.8.1443/arm-gnu-toolchain/bin/../lib/gcc/arm-none-eabi/4.8.4/../../../../arm-none-eabi/lib/armv6-m\libc_s.a(lib_a-findfp.o)
__sseek                                           c:/program files (x86)/atmel/atmel toolchain/arm gcc/native/4.8.1443/arm-gnu-toolchain/bin/../lib/gcc/arm-none-eabi/4.8.4/../../../../arm-none-eabi/lib/armv6-m\libc_s.a(lib_a-stdio.o)
                                                  c:/program files (x86)/atmel/atmel toolchain/arm gcc/native/4.8.1443/arm-gnu-toolchain/bin/../lib/gcc/arm-none-eabi/4.8.4/../../../../arm-none-eabi/lib/armv6-m\libc_s.a(lib_a-findfp.o)
__stack                                           c:/program files (x86)/atmel/atmel toolchain/arm gcc/native/4.8.1443/arm-gnu-toolchain/bin/../lib/gcc/arm-none-eabi/4.8.4/../../../../arm-none-eabi/lib/armv6-m/crt0.o
__swbuf                                           c:/program files (x86)/atmel/atmel toolchain/arm gcc/native/4.8.1443/arm-gnu-toolchain/bin/../lib/gcc/arm-none-eabi/4.8.4/../../../../arm-none-eabi/lib/armv6-m\libc_s.a(lib_a-wbuf.o)
__swbuf_r                                         c:/program files (x86)/atmel/atmel toolchain/arm gcc/native/4.8.1443/arm-gnu-toolchain/bin/../lib/gcc/arm-none-eabi/4.8.4/../../../../arm-none-eabi/lib/armv6-m\libc_s.a(lib_a-wbuf.o)
                                                  c:/program files (x86)/atmel/atmel toolchain/arm gcc/native/4.8.1443/arm-gnu-toolchain/bin/../lib/gcc/arm-none-eabi/4.8.4/../../../../arm-none-eabi/lib/armv6-m\libc_s.a(lib_a-vfprintf.o)
__swrite                                          c:/program files (x86)/atmel/atmel toolchain/arm gcc/native/4.8.1443/arm-gnu-toolchain/bin/../lib/gcc/arm-none-eabi/4.8.4/../../../../arm-none-eabi/lib/armv6-m\libc_s.a(lib_a-stdio.o)
                                                  c:/program files (x86)/atmel/atmel toolchain/arm gcc/native/4.8.1443/arm-gnu-toolchain/bin/../lib/gcc/arm-none-eabi/4.8.4/../../../../arm-none-eabi/lib/armv6-m\libc_s.a(lib_a-findfp.o)
__swsetup_r                                       c:/program files (x86)/atmel/atmel toolchain/arm gcc/native/4.8.1443/arm-gnu-toolchain/bin/../lib/gcc/arm-none-eabi/4.8.4/../../../../arm-none-eabi/lib/armv6-m\libc_s.a(lib_a-wsetup.o)
                                                  c:/program files (x86)/atmel/atmel toolchain/arm gcc/native/4.8.1443/arm-gnu-toolchain/bin/../lib/gcc/arm-none-eabi/4.8.4/../../../../arm-none-eabi/lib/armv6-m\libc_s.a(lib_a-fvwrite.o)
                                                  c:/program files (x86)/atmel/atmel toolchain/arm gcc/native/4.8.1443/arm-gnu-toolchain/bin/../lib/gcc/arm-none-eabi/4.8.4/../../../../arm-none-eabi/lib/armv6-m\libc_s.a(lib_a-wbuf.o)
                                                  c:/program files (x86)/atmel/atmel toolchain/arm gcc/native/4.8.1443/arm-gnu-toolchain/bin/../lib/gcc/arm-none-eabi/4.8.4/../../../../arm-none-eabi/lib/armv6-m\libc_s.a(lib_a-vfprintf.o)
__udivsi3                                         c:/program files (x86)/atmel/atmel toolchain/arm gcc/native/4.8.1443/arm-gnu-toolchain/bin/../lib/gcc/arm-none-eabi/4.8.4/armv6-m\libgcc.a(_udivsi3.o)
_cleanup                                          c:/program files (x86)/atmel/atmel toolchain/arm gcc/native/4.8.1443/arm-gnu-toolchain/bin/../lib/gcc/arm-none-eabi/4.8.4/../../../../arm-none-eabi/lib/armv6-m\libc_s.a(lib_a-findfp.o)
_cleanup_r                                        c:/program files (x86)/atmel/atmel toolchain/arm gcc/native/4.8.1443/arm-gnu-toolchain/bin/../lib/gcc/arm-none-eabi/4.8.4/../../../../arm-none-eabi/lib/armv6-m\libc_s.a(lib_a-findfp.o)
                                                  c:/program files (x86)/atmel/atmel toolchain/arm gcc/native/4.8.1443/arm-gnu-toolchain/bin/../lib/gcc/arm-none-eabi/4.8.4/../../../../arm-none-eabi/lib/armv6-m\libc_s.a(lib_a-makebuf.o)
_close                                            src/ASF/sam0/utils/syscalls/gcc/syscalls.o
                                                  c:/program files (x86)/atmel/atmel toolchain/arm gcc/native/4.8.1443/arm-gnu-toolchain/bin/../lib/gcc/arm-none-eabi/4.8.4/../../../../arm-none-eabi/lib/armv6-m\libc_s.a(lib_a-closer.o)
_close_r                                          c:/program files (x86)/atmel/atmel toolchain/arm gcc/native/4.8.1443/arm-gnu-toolchain/bin/../lib/gcc/arm-none-eabi/4.8.4/../../../../arm-none-eabi/lib/armv6-m\libc_s.a(lib_a-closer.o)
                                                  c:/program files (x86)/atmel/atmel toolchain/arm gcc/native/4.8.1443/arm-gnu-toolchain/bin/../lib/gcc/arm-none-eabi/4.8.4/../../../../arm-none-eabi/lib/armv6-m\libc_s.a(lib_a-stdio.o)
_end                                              src/ASF/sam0/utils/syscalls/gcc/syscalls.o
_erelocate                                        src/ASF/sam0/utils/cmsis/samd21/source/gcc/startup_samd21.o
_estack                                           src/ASF/sam0/utils/cmsis/samd21/source/gcc/startup_samd21.o
_etext                                            src/ASF/sam0/utils/cmsis/samd21/source/gcc/startup_samd21.o
_exit                                             src/ASF/sam0/utils/syscalls/gcc/syscalls.o
                                                  c:/program files (x86)/atmel/atmel toolchain/arm gcc/native/4.8.1443/arm-gnu-toolchain/bin/../lib/gcc/arm-none-eabi/4.8.4/../../../../arm-none-eabi/lib/armv6-m\libc_s.a(lib_a-exit.o)
_ezero                                            src/ASF/sam0/utils/cmsis/samd21/source/gcc/startup_samd21.o
_fflush_r                                         c:/program files (x86)/atmel/atmel toolchain/arm gcc/native/4.8.1443/arm-gnu-toolchain/bin/../lib/gcc/arm-none-eabi/4.8.4/../../../../arm-none-eabi/lib/armv6-m\libc_s.a(lib_a-fflush.o)
                                                  c:/program files (x86)/atmel/atmel toolchain/arm gcc/native/4.8.1443/arm-gnu-toolchain/bin/../lib/gcc/arm-none-eabi/4.8.4/../../../../arm-none-eabi/lib/armv6-m\libc_s.a(lib_a-fvwrite.o)
                                                  c:/program files (x86)/atmel/atmel toolchain/arm gcc/native/4.8.1443/arm-gnu-toolchain/bin/../lib/gcc/arm-none-eabi/4.8.4/../../../../arm-none-eabi/lib/armv6-m\libc_s.a(lib_a-findfp.o)
                                                  c:/program files (x86)/atmel/atmel toolchain/arm gcc/native/4.8.1443/arm-gnu-toolchain/bin/../lib/gcc/arm-none-eabi/4.8.4/../../../../arm-none-eabi/lib/armv6-m\libc_s.a(lib_a-wbuf.o)
_fini                                             c:/program files (x86)/atmel/atmel toolchain/arm gcc/native/4.8.1443/arm-gnu-toolchain/bin/../lib/gcc/arm-none-eabi/4.8.4/armv6-m/crti.o
_free_r                                           c:/program files (x86)/atmel/atmel toolchain/arm gcc/native/4.8.1443/arm-gnu-toolchain/bin/../lib/gcc/arm-none-eabi/4.8.4/../../../../arm-none-eabi/lib/armv6-m\libc_s.a(lib_a-nano-freer.o)
                                                  c:/program files (x86)/atmel/atmel toolchain/arm gcc/native/4.8.1443/arm-gnu-toolchain/bin/../lib/gcc/arm-none-eabi/4.8.4/../../../../arm-none-eabi/lib/armv6-m\libc_s.a(lib_a-reent.o)
                                                  c:/program files (x86)/atmel/atmel toolchain/arm gcc/native/4.8.1443/arm-gnu-toolchain/bin/../lib/gcc/arm-none-eabi/4.8.4/../../../../arm-none-eabi/lib/armv6-m\libc_s.a(lib_a-nano-reallocr.o)
                                                  c:/program files (x86)/atmel/atmel toolchain/arm gcc/native/4.8.1443/arm-gnu-toolchain/bin/../lib/gcc/arm-none-eabi/4.8.4/../../../../arm-none-eabi/lib/armv6-m\libc_s.a(lib_a-fvwrite.o)
                                                  c:/program files (x86)/atmel/atmel toolchain/arm gcc/native/4.8.1443/arm-gnu-toolchain/bin/../lib/gcc/arm-none-eabi/4.8.4/../../../../arm-none-eabi/lib/armv6-m\libc_s.a(lib_a-fflush.o)
                                                  c:/program files (x86)/atmel/atmel toolchain/arm gcc/native/4.8.1443/arm-gnu-toolchain/bin/../lib/gcc/arm-none-eabi/4.8.4/../../../../arm-none-eabi/lib/armv6-m\libc_s.a(lib_a-wsetup.o)
_fstat                                            src/ASF/sam0/utils/syscalls/gcc/syscalls.o
                                                  c:/program files (x86)/atmel/atmel toolchain/arm gcc/native/4.8.1443/arm-gnu-toolchain/bin/../lib/gcc/arm-none-eabi/4.8.4/../../../../arm-none-eabi/lib/armv6-m\libc_s.a(lib_a-fstatr.o)
_fstat_r                                          c:/program files (x86)/atmel/atmel toolchain/arm gcc/native/4.8.1443/arm-gnu-toolchain/bin/../lib/gcc/arm-none-eabi/4.8.4/../../../../arm-none-eabi/lib/armv6-m\libc_s.a(lib_a-fstatr.o)
                                                  c:/program files (x86)/atmel/atmel toolchain/arm gcc/native/4.8.1443/arm-gnu-toolchain/bin/../lib/gcc/arm-none-eabi/4.8.4/../../../../arm-none-eabi/lib/armv6-m\libc_s.a(lib_a-makebuf.o)
_fwalk                                            c:/program files (x86)/atmel/atmel toolchain/arm gcc/native/4.8.1443/arm-gnu-toolchain/bin/../lib/gcc/arm-none-eabi/4.8.4/../../../../arm-none-eabi/lib/armv6-m\libc_s.a(lib_a-fwalk.o)
                                                  c:/program files (x86)/atmel/atmel toolchain/arm gcc/native/4.8.1443/arm-gnu-toolchain/bin/../lib/gcc/arm-none-eabi/4.8.4/../../../../arm-none-eabi/lib/armv6-m\libc_s.a(lib_a-findfp.o)
_fwalk_reent                                      c:/program files (x86)/atmel/atmel toolchain/arm gcc/native/4.8.1443/arm-gnu-toolchain/bin/../lib/gcc/arm-none-eabi/4.8.4/../../../../arm-none-eabi/lib/armv6-m\libc_s.a(lib_a-fwalk.o)
                                                  c:/program files (x86)/atmel/atmel toolchain/arm gcc/native/4.8.1443/arm-gnu-toolchain/bin/../lib/gcc/arm-none-eabi/4.8.4/../../../../arm-none-eabi/lib/armv6-m\libc_s.a(lib_a-fflush.o)
_getpid                                           src/ASF/sam0/utils/syscalls/gcc/syscalls.o
_global_impure_ptr                                c:/program files (x86)/atmel/atmel toolchain/arm gcc/native/4.8.1443/arm-gnu-toolchain/bin/../lib/gcc/arm-none-eabi/4.8.4/../../../../arm-none-eabi/lib/armv6-m\libc_s.a(lib_a-impure.o)
                                                  c:/program files (x86)/atmel/atmel toolchain/arm gcc/native/4.8.1443/arm-gnu-toolchain/bin/../lib/gcc/arm-none-eabi/4.8.4/../../../../arm-none-eabi/lib/armv6-m\libc_s.a(lib_a-findfp.o)
                                                  c:/program files (x86)/atmel/atmel toolchain/arm gcc/native/4.8.1443/arm-gnu-toolchain/bin/../lib/gcc/arm-none-eabi/4.8.4/../../../../arm-none-eabi/lib/armv6-m\libc_s.a(lib_a-fflush.o)
                                                  c:/program files (x86)/atmel/atmel toolchain/arm gcc/native/4.8.1443/arm-gnu-toolchain/bin/../lib/gcc/arm-none-eabi/4.8.4/../../../../arm-none-eabi/lib/armv6-m\libc_s.a(lib_a-exit.o)
_impure_ptr                                       c:/program files (x86)/atmel/atmel toolchain/arm gcc/native/4.8.1443/arm-gnu-toolchain/bin/../lib/gcc/arm-none-eabi/4.8.4/../../../../arm-none-eabi/lib/armv6-m\libc_s.a(lib_a-impure.o)
                                                  c:/program files (x86)/atmel/atmel toolchain/arm gcc/native/4.8.1443/arm-gnu-toolchain/bin/../lib/gcc/arm-none-eabi/4.8.4/../../../../arm-none-eabi/lib/armv6-m\libc_s.a(lib_a-reent.o)
                                                  c:/program files (x86)/atmel/atmel toolchain/arm gcc/native/4.8.1443/arm-gnu-toolchain/bin/../lib/gcc/arm-none-eabi/4.8.4/../../../../arm-none-eabi/lib/armv6-m\libc_s.a(lib_a-findfp.o)
                                                  c:/program files (x86)/atmel/atmel toolchain/arm gcc/native/4.8.1443/arm-gnu-toolchain/bin/../lib/gcc/arm-none-eabi/4.8.4/../../../../arm-none-eabi/lib/armv6-m\libc_s.a(lib_a-fflush.o)
                                                  c:/program files (x86)/atmel/atmel toolchain/arm gcc/native/4.8.1443/arm-gnu-toolchain/bin/../lib/gcc/arm-none-eabi/4.8.4/../../../../arm-none-eabi/lib/armv6-m\libc_s.a(lib_a-wsetup.o)
                                                  c:/program files (x86)/atmel/atmel toolchain/arm gcc/native/4.8.1443/arm-gnu-toolchain/bin/../lib/gcc/arm-none-eabi/4.8.4/../../../../arm-none-eabi/lib/armv6-m\libc_s.a(lib_a-wbuf.o)
                                                  c:/program files (x86)/atmel/atmel toolchain/arm gcc/native/4.8.1443/arm-gnu-toolchain/bin/../lib/gcc/arm-none-eabi/4.8.4/../../../../arm-none-eabi/lib/armv6-m\libc_s.a(lib_a-vfprintf.o)
                                                  c:/program files (x86)/atmel/atmel toolchain/arm gcc/native/4.8.1443/arm-gnu-toolchain/bin/../lib/gcc/arm-none-eabi/4.8.4/../../../../arm-none-eabi/lib/armv6-m\libc_s.a(lib_a-printf.o)
_init                                             c:/program files (x86)/atmel/atmel toolchain/arm gcc/native/4.8.1443/arm-gnu-toolchain/bin/../lib/gcc/arm-none-eabi/4.8.4/armv6-m/crti.o
                                                  c:/program files (x86)/atmel/atmel toolchain/arm gcc/native/4.8.1443/arm-gnu-toolchain/bin/../lib/gcc/arm-none-eabi/4.8.4/../../../../arm-none-eabi/lib/armv6-m\libc_s.a(lib_a-init.o)
_iprintf_r                                        c:/program files (x86)/atmel/atmel toolchain/arm gcc/native/4.8.1443/arm-gnu-toolchain/bin/../lib/gcc/arm-none-eabi/4.8.4/../../../../arm-none-eabi/lib/armv6-m\libc_s.a(lib_a-printf.o)
_isatty                                           src/ASF/sam0/utils/syscalls/gcc/syscalls.o
                                                  c:/program files (x86)/atmel/atmel toolchain/arm gcc/native/4.8.1443/arm-gnu-toolchain/bin/../lib/gcc/arm-none-eabi/4.8.4/../../../../arm-none-eabi/lib/armv6-m\libc_s.a(lib_a-isattyr.o)
_isatty_r                                         c:/program files (x86)/atmel/atmel toolchain/arm gcc/native/4.8.1443/arm-gnu-toolchain/bin/../lib/gcc/arm-none-eabi/4.8.4/../../../../arm-none-eabi/lib/armv6-m\libc_s.a(lib_a-isattyr.o)
                                                  c:/program files (x86)/atmel/atmel toolchain/arm gcc/native/4.8.1443/arm-gnu-toolchain/bin/../lib/gcc/arm-none-eabi/4.8.4/../../../../arm-none-eabi/lib/armv6-m\libc_s.a(lib_a-makebuf.o)
_kill                                             src/ASF/sam0/utils/syscalls/gcc/syscalls.o
_lseek                                            src/ASF/sam0/utils/syscalls/gcc/syscalls.o
                                                  c:/program files (x86)/atmel/atmel toolchain/arm gcc/native/4.8.1443/arm-gnu-toolchain/bin/../lib/gcc/arm-none-eabi/4.8.4/../../../../arm-none-eabi/lib/armv6-m\libc_s.a(lib_a-lseekr.o)
_lseek_r                                          c:/program files (x86)/atmel/atmel toolchain/arm gcc/native/4.8.1443/arm-gnu-toolchain/bin/../lib/gcc/arm-none-eabi/4.8.4/../../../../arm-none-eabi/lib/armv6-m\libc_s.a(lib_a-lseekr.o)
                                                  c:/program files (x86)/atmel/atmel toolchain/arm gcc/native/4.8.1443/arm-gnu-toolchain/bin/../lib/gcc/arm-none-eabi/4.8.4/../../../../arm-none-eabi/lib/armv6-m\libc_s.a(lib_a-stdio.o)
_mainCRTStartup                                   c:/program files (x86)/atmel/atmel toolchain/arm gcc/native/4.8.1443/arm-gnu-toolchain/bin/../lib/gcc/arm-none-eabi/4.8.4/../../../../arm-none-eabi/lib/armv6-m/crt0.o
_malloc_r                                         c:/program files (x86)/atmel/atmel toolchain/arm gcc/native/4.8.1443/arm-gnu-toolchain/bin/../lib/gcc/arm-none-eabi/4.8.4/../../../../arm-none-eabi/lib/armv6-m\libc_s.a(lib_a-nano-mallocr.o)
                                                  c:/program files (x86)/atmel/atmel toolchain/arm gcc/native/4.8.1443/arm-gnu-toolchain/bin/../lib/gcc/arm-none-eabi/4.8.4/../../../../arm-none-eabi/lib/armv6-m\libc_s.a(lib_a-nano-reallocr.o)
                                                  c:/program files (x86)/atmel/atmel toolchain/arm gcc/native/4.8.1443/arm-gnu-toolchain/bin/../lib/gcc/arm-none-eabi/4.8.4/../../../../arm-none-eabi/lib/armv6-m\libc_s.a(lib_a-makebuf.o)
                                                  c:/program files (x86)/atmel/atmel toolchain/arm gcc/native/4.8.1443/arm-gnu-toolchain/bin/../lib/gcc/arm-none-eabi/4.8.4/../../../../arm-none-eabi/lib/armv6-m\libc_s.a(lib_a-fvwrite.o)
                                                  c:/program files (x86)/atmel/atmel toolchain/arm gcc/native/4.8.1443/arm-gnu-toolchain/bin/../lib/gcc/arm-none-eabi/4.8.4/../../../../arm-none-eabi/lib/armv6-m\libc_s.a(lib_a-findfp.o)
_malloc_usable_size_r                             c:/program files (x86)/atmel/atmel toolchain/arm gcc/native/4.8.1443/arm-gnu-toolchain/bin/../lib/gcc/arm-none-eabi/4.8.4/../../../../arm-none-eabi/lib/armv6-m\libc_s.a(lib_a-nano-msizer.o)