Archive member included because of file (symbol)

c:/program files (x86)/atmel/atmel toolchain/arm gcc/native/4.8.1443/arm-gnu-toolchain/bin/../lib/gcc/arm-none-eabi/4.8.4/armv6-m\libgcc.a(_udivsi3.o)
                              src/ASF/common2/components/display/ssd1306/ssd1306.o (__aeabi_uidiv)
c:/program files (x86)/atmel/atmel toolchain/arm gcc/native/4.8.1443/arm-gnu-toolchain/bin/../lib/gcc/arm-none-eabi/4.8.4/armv6-m\libgcc.a(_divsi3.o)
                              src/ASF/common2/components/display/ssd1306/ssd1306.o (__aeabi_idiv)
c:/program files (x86)/atmel/atmel toolchain/arm gcc/native/4.8.1443/arm-gnu-toolchain/bin/../lib/gcc/arm-none-eabi/4.8.4/armv6-m\libgcc.a(_dvmd_tls.o)
                              c:/program files (x86)/atmel/atmel toolchain/arm gcc/native/4.8.1443/arm-gnu-toolchain/bin/../lib/gcc/arm-none-eabi/4.8.4/armv6-m\libgcc.a(_udivsi3.o) (__aeabi_idiv0)
c:/program files (x86)/atmel/atmel toolchain/arm gcc/native/4.8.1443/arm-gnu-toolchain/bin/../lib/gcc/arm-none-eabi/4.8.4/armv6-m\libgcc.a(_muldi3.o)
                              src/ASF/sam0/drivers/sercom/sercom.o (__aeabi_lmul)
c:/program files (x86)/atmel/atmel toolchain/arm gcc/native/4.8.1443/arm-gnu-toolchain/bin/../lib/gcc/arm-none-eabi/4.8.4/../../../../arm-none-eabi/lib/armv6-m\libc_s.a(lib_a-exit.o)
                              c:/program files (x86)/atmel/atmel toolchain/arm gcc/native/4.8.1443/arm-gnu-toolchain/bin/../lib/gcc/arm-none-eabi/4.8.4/../../../../arm-none-eabi/lib/armv6-m/crt0.o (exit)
c:/program files (x86)/atmel/atmel toolchain/arm gcc/native/4.8.1443/arm-gnu-toolchain/bin/../lib/gcc/arm-none-eabi/4.8.4/../../../../arm-none-eabi/lib/armv6-m\libc_s.a(lib_a-impure.o)
                              c:/program files (x86)/atmel/atmel toolchain/arm gcc/native/4.8.1443/arm-gnu-toolchain/bin/../lib/gcc/arm-none-eabi/4.8.4/../../../../arm-none-eabi/lib/armv6-m\libc_s.a(lib_a-exit.o) (_global_impure_ptr)
c:/program files (x86)/atmel/atmel toolchain/arm gcc/native/4.8.1443/arm-gnu-toolchain/bin/../lib/gcc/arm-none-eabi/4.8.4/../../../../arm-none-eabi/lib/armv6-m\libc_s.a(lib_a-init.o)
                              c:/program files (x86)/atmel/atmel toolchain/arm gcc/native/4.8.1443/arm-gnu-toolchain/bin/../lib/gcc/arm-none-eabi/4.8.4/../../../../arm-none-eabi/lib/armv6-m/crt0.o (__libc_init_array)
c:/program files (x86)/atmel/atmel toolchain/arm gcc/native/4.8.1443/arm-gnu-toolchain/bin/../lib/gcc/arm-none-eabi/4.8.4/../../../../arm-none-eabi/lib/armv6-m\libc_s.a(lib_a-memcpy-stub.o)
                              src/ASF/sam0/drivers/tc/tc_sam_d_r/tc.o (memcpy)
c:/program files (x86)/atmel/atmel toolchain/arm gcc/native/4.8.1443/arm-gnu-toolchain/bin/../lib/gcc/arm-none-eabi/4.8.4/../../../../arm-none-eabi/lib/armv6-m\libc_s.a(lib_a-memset.o)
                              c:/program files (x86)/atmel/atmel toolchain/arm gcc/native/4.8.1443/arm-gnu-toolchain/bin/../lib/gcc/arm-none-eabi/4.8.4/../../../../arm-none-eabi/lib/armv6-m/crt0.o (memset)
c:/program files (x86)/atmel/atmel toolchain/arm gcc/native/4.8.1443/arm-gnu-toolchain/bin/../lib/gcc/arm-none-eabi/4.8.4/../../../../arm-none-eabi/lib/armv6-m\libc_s.a(lib_a-printf.o)
                              src/ASF/sam0/utils/syscalls/gcc/syscalls.o (printf)
c:/program files (x86)/atmel/atmel toolchain/arm gcc/native/4.8.1443/arm-gnu-toolchain/bin/../lib/gcc/arm-none-eabi/4.8.4/../../../../arm-none-eabi/lib/armv6-m\libc_s.a(lib_a-vfprintf.o)
                              c:/program files (x86)/atmel/atmel toolchain/arm gcc/native/4.8.1443/arm-gnu-toolchain/bin/../lib/gcc/arm-none-eabi/4.8.4/../../../../arm-none-eabi/lib/armv6-m\libc_s.a(lib_a-printf.o) (_vfprintf_r)
c:/program files (x86)/atmel/atmel toolchain/arm gcc/native/4.8.1443/arm-gnu-toolchain/bin/../lib/gcc/arm-none-eabi/4.8.4/../../../../arm-none-eabi/lib/armv6-m\libc_s.a(lib_a-vfprintf_i.o)
                              c:/program files (x86)/atmel/atmel toolchain/arm gcc/native/4.8.1443/arm-gnu-toolchain/bin/../lib/gcc/arm-none-eabi/4.8.4/../../../../arm-none-eabi/lib/armv6-m\libc_s.a(lib_a-vfprintf.o) (_printf_i)
c:/program files (x86)/atmel/atmel toolchain/arm gcc/native/4.8.1443/arm-gnu-toolchain/bin/../lib/gcc/arm-none-eabi/4.8.4/../../../../arm-none-eabi/lib/armv6-m\libc_s.a(lib_a-wbuf.o)
                              c:/program files (x86)/atmel/atmel toolchain/arm gcc/native/4.8.1443/arm-gnu-toolchain/bin/../lib/gcc/arm-none-eabi/4.8.4/../../../../arm-none-eabi/lib/armv6-m\libc_s.a(lib_a-vfprintf.o) (__swbuf_r)
c:/program files (x86)/atmel/atmel toolchain/arm gcc/native/4.8.1443/arm-gnu-toolchain/bin/../lib/gcc/arm-none-eabi/4.8.4/../../../../arm-none-eabi/lib/armv6-m\libc_s.a(lib_a-wsetup.o)
                              c:/program files (x86)/atmel/atmel toolchain/arm gcc/native/4.8.1443/arm-gnu-toolchain/bin/../lib/gcc/arm-none-eabi/4.8.4/../../../../arm-none-eabi/lib/armv6-m\libc_s.a(lib_a-vfprintf.o) (__swsetup_r)
[...]
Memory Configuration

Name             Origin             Length             Attributes
rom              0x00000000         0x00040000         xr
ram              0x20000000         0x00008000         xrw
*default*        0x00000000         0xffffffff

Linker script and memory map

LOAD c:/program files (x86)/atmel/atmel toolchain/arm gcc/native/4.8.1443/arm-gnu-toolchain/bin/../lib/gcc/arm-none-eabi/4.8.4/armv6-m/crti.o
LOAD c:/program files (x86)/atmel/atmel toolchain/arm gcc/native/4.8.1443/arm-gnu-toolchain/bin/../lib/gcc/arm-none-eabi/4.8.4/armv6-m/crtbegin.o
LOAD c:/program files (x86)/atmel/atmel toolchain/arm gcc/native/4.8.1443/arm-gnu-toolchain/bin/../lib/gcc/arm-none-eabi/4.8.4/../../../../arm-none-eabi/lib/armv6-m/crt0.o
LOAD src/ASF/common2/components/display/ssd1306/ssd1306.o
LOAD src/ASF/sam0/drivers/tc/tc_interrupt.o
LOAD src/ASF/sam0/drivers/tc/tc_sam_d_r/tc.o
LOAD src/config/menus.o
LOAD src/menu_buttons.o
LOAD src/ASF/common2/services/gfx_mono/gfx_mono_framebuffer.o
LOAD src/ASF/common2/services/gfx_mono/gfx_mono_generic.o
LOAD src/ASF/common2/services/gfx_mono/gfx_mono_menu.o
LOAD src/ASF/common2/services/gfx_mono/gfx_mono_null.o
LOAD src/ASF/common2/services/gfx_mono/gfx_mono_text.o
LOAD src/ASF/common2/services/gfx_mono/sysfont.o
LOAD src/ASF/sam0/drivers/sercom/sercom.o
LOAD src/ASF/sam0/drivers/sercom/spi/spi.o
LOAD src/ASF/sam0/drivers/sercom/spi/spi_interrupt.o
LOAD src/ASF/sam0/drivers/sercom/sercom_interrupt.o
LOAD src/ASF/common2/services/delay/sam0/systick_counter.o
LOAD src/ASF/sam0/drivers/port/port.o
LOAD src/ASF/common2/boards/user_board/init.o
LOAD src/ASF/common/utils/interrupt/interrupt_sam_nvic.o
LOAD src/ASF/sam0/drivers/system/clock/clock_samd21_r21/clock.o
LOAD src/ASF/sam0/drivers/system/clock/clock_samd21_r21/gclk.o
LOAD src/ASF/sam0/drivers/system/interrupt/system_interrupt.o
LOAD src/ASF/sam0/drivers/system/pinmux/pinmux.o
LOAD src/ASF/sam0/drivers/system/system.o
LOAD src/ASF/sam0/utils/cmsis/samd21/source/gcc/startup_samd21.o
LOAD src/ASF/sam0/utils/cmsis/samd21/source/system_samd21.o
LOAD src/ASF/sam0/utils/syscalls/gcc/syscalls.o
LOAD src/main.o
START GROUP
LOAD ../src/ASF/thirdparty/CMSIS/Lib/GCC\libarm_cortexM0l_math.a
LOAD c:/program files (x86)/atmel/atmel toolchain/arm gcc/native/4.8.1443/arm-gnu-toolchain/bin/../lib/gcc/arm-none-eabi/4.8.4/../../../../arm-none-eabi/lib/armv6-m\libm.a
END GROUP
START GROUP
LOAD c:/program files (x86)/atmel/atmel toolchain/arm gcc/native/4.8.1443/arm-gnu-toolchain/bin/../lib/gcc/arm-none-eabi/4.8.4/armv6-m\libgcc.a
LOAD c:/program files (x86)/atmel/atmel toolchain/arm gcc/native/4.8.1443/arm-gnu-toolchain/bin/../lib/gcc/arm-none-eabi/4.8.4/../../../../arm-none-eabi/lib/armv6-m\libc_s.a
END GROUP
START GROUP
LOAD c:/program files (x86)/atmel/atmel toolchain/arm gcc/native/4.8.1443/arm-gnu-toolchain/bin/../lib/gcc/arm-none-eabi/4.8.4/armv6-m\libgcc.a
LOAD c:/program files (x86)/atmel/atmel toolchain/arm gcc/native/4.8.1443/arm-gnu-toolchain/bin/../lib/gcc/arm-none-eabi/4.8.4/../../../../arm-none-eabi/lib/armv6-m\libc_s.a
END GROUP
LOAD c:/program files (x86)/atmel/atmel toolchain/arm gcc/native/4.8.1443/arm-gnu-toolchain/bin/../lib/gcc/arm-none-eabi/4.8.4/armv6-m/crtend.o
LOAD c:/program files (x86)/atmel/atmel toolchain/arm gcc/native/4.8.1443/arm-gnu-toolchain/bin/../lib/gcc/arm-none-eabi/4.8.4/armv6-m/crtn.o
                0x00002000                STACK_SIZE = DEFINED (STACK_SIZE)?STACK_SIZE:DEFINED (__stack_size__)?__stack_size__:0x2000

.text           0x00000000     0x2ed4
                0x00000000                . = ALIGN (0x4)
                0x00000000                _sfixed = .
 *(.vectors .vectors.*)
 .vectors       0x00000000       0xb0 src/ASF/sam0/utils/cmsis/samd21/source/gcc/startup_samd21.o
                0x00000000                exception_table
 *(.text .text.* .gnu.linkonce.t.*)
 .text          0x000000b0       0x60 c:/program files (x86)/atmel/atmel toolchain/arm gcc/native/4.8.1443/arm-gnu-toolchain/bin/../lib/gcc/arm-none-eabi/4.8.4/armv6-m/crtbegin.o
 .text.ssd1306_write_command
                0x00000110       0x4c src/ASF/common2/components/display/ssd1306/ssd1306.o
                0x00000110                ssd1306_write_command
 .text.ssd1306_init
                0x0000015c      0x1e8 src/ASF/common2/components/display/ssd1306/ssd1306.o
                0x0000015c                ssd1306_init
 .text.ssd1306_write_data
                0x00000344       0x4c src/ASF/common2/components/display/ssd1306/ssd1306.o
                0x00000344                ssd1306_write_data
 .text.ssd1306_write_display
                0x00000390       0x54 src/ASF/common2/components/display/ssd1306/ssd1306.o
                0x00000390                ssd1306_write_display
 .text.ssd1306_clear_display
                0x000003e4       0x50 src/ASF/common2/components/display/ssd1306/ssd1306.o
                0x000003e4                ssd1306_clear_display
 .text.tc_register_callback
                0x00000434       0x34 src/ASF/sam0/drivers/tc/tc_interrupt.o
                0x00000434                tc_register_callback
 .text._tc_interrupt_handler
                0x00000468       0x5c src/ASF/sam0/drivers/tc/tc_interrupt.o
                0x00000468                _tc_interrupt_handler
 .text.TC3_Handler
                0x000004c4       0x10 src/ASF/sam0/drivers/tc/tc_interrupt.o
                0x000004c4                TC3_Handler
 .text.TC4_Handler
                0x000004d4       0x10 src/ASF/sam0/drivers/tc/tc_interrupt.o
                0x000004d4                TC4_Handler
 .text.TC5_Handler
                0x000004e4       0x10 src/ASF/sam0/drivers/tc/tc_interrupt.o
                0x000004e4                TC5_Handler
 .text._tc_get_inst_index
                0x000004f4       0x38 src/ASF/sam0/drivers/tc/tc_sam_d_r/tc.o
                0x000004f4                _tc_get_inst_index
 .text.tc_init  0x0000052c      0x274 src/ASF/sam0/drivers/tc/tc_sam_d_r/tc.o
                0x0000052c                tc_init
 .text.display_menu
                0x000007a0       0x34 src/config/menus.o
                0x000007a0                display_menu
 .text.btn_timer_read_callback
                0x000007d4       0x88 src/menu_buttons.o
                0x000007d4                btn_timer_read_callback
 .text.menu_buttons_init
                0x0000085c       0x44 src/menu_buttons.o
                0x0000085c                menu_buttons_init
 .text.btn_timer_config
                0x000008a0       0x64 src/menu_buttons.o
                0x000008a0                btn_timer_config
 .text.btn_timer_config_callbacks
                0x00000904       0x50 src/menu_buttons.o
                0x00000904                btn_timer_config_callbacks
 .text.gfx_mono_set_framebuffer
                0x00000954        0xc src/ASF/common2/services/gfx_mono/gfx_mono_framebuffer.o
                0x00000954                gfx_mono_set_framebuffer
 .text.gfx_mono_framebuffer_put_page
                0x00000960       0x24 src/ASF/common2/services/gfx_mono/gfx_mono_framebuffer.o
                0x00000960                gfx_mono_framebuffer_put_page
 .text.gfx_mono_framebuffer_put_byte
                0x00000984       0x10 src/ASF/common2/services/gfx_mono/gfx_mono_framebuffer.o
                0x00000984                gfx_mono_framebuffer_put_byte
 .text.gfx_mono_framebuffer_get_byte
                0x00000994       0x10 src/ASF/common2/services/gfx_mono/gfx_mono_framebuffer.o
                0x00000994                gfx_mono_framebuffer_get_byte
 .text.gfx_mono_framebuffer_draw_pixel
                0x000009a4       0x64 src/ASF/common2/services/gfx_mono/gfx_mono_framebuffer.o
                0x000009a4                gfx_mono_framebuffer_draw_pixel
 .text.gfx_mono_generic_draw_horizontal_line
                0x00000a08       0xd8 src/ASF/common2/services/gfx_mono/gfx_mono_generic.o
                0x00000a08                gfx_mono_generic_draw_horizontal_line
 .text.gfx_mono_generic_draw_filled_rect
                0x00000ae0       0x40 src/ASF/common2/services/gfx_mono/gfx_mono_generic.o
                0x00000ae0                gfx_mono_generic_draw_filled_rect
 .text.gfx_mono_generic_put_bitmap
                0x00000b20       0xa4 src/ASF/common2/services/gfx_mono/gfx_mono_generic.o
                0x00000b20                gfx_mono_generic_put_bitmap
 .text.menu_draw
                0x00000bc4       0xdc src/ASF/common2/services/gfx_mono/gfx_mono_menu.o
 .text.gfx_mono_menu_init
                0x00000ca0       0x40 src/ASF/common2/services/gfx_mono/gfx_mono_menu.o
                0x00000ca0                gfx_mono_menu_init
 .text.gfx_mono_menu_process_key
                0x00000ce0       0x60 src/ASF/common2/services/gfx_mono/gfx_mono_menu.o
                0x00000ce0                gfx_mono_menu_process_key
 .text.gfx_mono_null_init
                0x00000d40       0x14 src/ASF/common2/services/gfx_mono/gfx_mono_null.o
                0x00000d40                gfx_mono_null_init
 .text.gfx_mono_draw_char
                0x00000d54       0xb8 src/ASF/common2/services/gfx_mono/gfx_mono_text.o
                0x00000d54                gfx_mono_draw_char
 .text.gfx_mono_draw_progmem_string
                0x00000e0c       0x54 src/ASF/common2/services/gfx_mono/gfx_mono_text.o
                0x00000e0c                gfx_mono_draw_progmem_string
 .text._sercom_get_sync_baud_val
                0x00000e60       0x28 src/ASF/sam0/drivers/sercom/sercom.o
                0x00000e60                _sercom_get_sync_baud_val
 .text.sercom_set_gclk_generator
                0x00000e88       0x50 src/ASF/sam0/drivers/sercom/sercom.o
                0x00000e88                sercom_set_gclk_generator
 .text._sercom_get_default_pad
                0x00000ed8      0x108 src/ASF/sam0/drivers/sercom/sercom.o
                0x00000ed8                _sercom_get_default_pad
 .text._sercom_get_sercom_inst_index
                0x00000fe0       0x44 src/ASF/sam0/drivers/sercom/sercom.o
                0x00000fe0                _sercom_get_sercom_inst_index
 .text.spi_init
                0x00001024      0x218 src/ASF/sam0/drivers/sercom/spi/spi.o
                0x00001024                spi_init
 .text.spi_select_slave
                0x0000123c       0xec src/ASF/sam0/drivers/sercom/spi/spi.o
                0x0000123c                spi_select_slave
 .text.spi_write_buffer_wait
                0x00001328      0x21c src/ASF/sam0/drivers/sercom/spi/spi.o
                0x00001328                spi_write_buffer_wait
 .text._spi_interrupt_handler
                0x00001544      0x1e0 src/ASF/sam0/drivers/sercom/spi/spi_interrupt.o
                0x00001544                _spi_interrupt_handler
 .text._sercom_default_handler
                0x00001724        0x4 src/ASF/sam0/drivers/sercom/sercom_interrupt.o
 .text._sercom_set_handler
                0x00001728       0x40 src/ASF/sam0/drivers/sercom/sercom_interrupt.o
                0x00001728                _sercom_set_handler
 .text._sercom_get_interrupt_vector
                0x00001768       0x2c src/ASF/sam0/drivers/sercom/sercom_interrupt.o
                0x00001768                _sercom_get_interrupt_vector
 .text.SERCOM0_Handler
                0x00001794       0x10 src/ASF/sam0/drivers/sercom/sercom_interrupt.o
                0x00001794                SERCOM0_Handler
 .text.SERCOM1_Handler
                0x000017a4       0x10 src/ASF/sam0/drivers/sercom/sercom_interrupt.o
                0x000017a4                SERCOM1_Handler
 .text.SERCOM2_Handler
                0x000017b4       0x10 src/ASF/sam0/drivers/sercom/sercom_interrupt.o
                0x000017b4                SERCOM2_Handler
 .text.SERCOM3_Handler
                0x000017c4       0x10 src/ASF/sam0/drivers/sercom/sercom_interrupt.o
                0x000017c4                SERCOM3_Handler
 .text.delay_init
                0x000017d4       0x3c src/ASF/common2/services/delay/sam0/systick_counter.o
                0x000017d4                delay_init
 .text.port_pin_set_config
                0x00001810       0x24 src/ASF/sam0/drivers/port/port.o
                0x00001810                port_pin_set_config
 .text.system_board_init
                0x00001834        0x4 src/ASF/common2/boards/user_board/init.o
                0x00001834                board_init
                0x00001834                system_board_init
 .text.cpu_irq_enter_critical
                0x00001838       0x40 src/ASF/common/utils/interrupt/interrupt_sam_nvic.o
                0x00001838                cpu_irq_enter_critical
 .text.cpu_irq_leave_critical
                0x00001878       0x30 src/ASF/common/utils/interrupt/interrupt_sam_nvic.o
                0x00001878                cpu_irq_leave_critical
 .text.system_clock_source_get_hz
                0x000018a8       0x90 src/ASF/sam0/drivers/system/clock/clock_samd21_r21/clock.o
                0x000018a8                system_clock_source_get_hz
 .text.system_clock_source_osc8m_set_config
                0x00001938       0x3c src/ASF/sam0/drivers/system/clock/clock_samd21_r21/clock.o
                0x00001938                system_clock_source_osc8m_set_config
 .text.system_clock_source_dfll_set_config
                0x00001974       0x70 src/ASF/sam0/drivers/system/clock/clock_samd21_r21/clock.o
                0x00001974                system_clock_source_dfll_set_config
 .text.system_clock_source_enable
                0x000019e4       0xa0 src/ASF/sam0/drivers/system/clock/clock_samd21_r21/clock.o
                0x000019e4                system_clock_source_enable
 .text.system_clock_init
                0x00001a84       0xd0 src/ASF/sam0/drivers/system/clock/clock_samd21_r21/clock.o
                0x00001a84                system_clock_init
 .text.system_gclk_init
                0x00001b54       0x24 src/ASF/sam0/drivers/system/clock/clock_samd21_r21/gclk.o
                0x00001b54                system_gclk_init
 .text.system_gclk_gen_set_config
                0x00001b78       0xb4 src/ASF/sam0/drivers/system/clock/clock_samd21_r21/gclk.o
                0x00001b78                system_gclk_gen_set_config
 .text.system_gclk_gen_enable
                0x00001c2c       0x44 src/ASF/sam0/drivers/system/clock/clock_samd21_r21/gclk.o
                0x00001c2c                system_gclk_gen_enable
 .text.system_gclk_gen_get_hz
                0x00001c70       0x8c src/ASF/sam0/drivers/system/clock/clock_samd21_r21/gclk.o
                0x00001c70                system_gclk_gen_get_hz
 .text.system_gclk_chan_enable
                0x00001cfc       0x30 src/ASF/sam0/drivers/system/clock/clock_samd21_r21/gclk.o
                0x00001cfc                system_gclk_chan_enable
 .text.system_gclk_chan_disable
                0x00001d2c       0x5c src/ASF/sam0/drivers/system/clock/clock_samd21_r21/gclk.o
                0x00001d2c                system_gclk_chan_disable
 .text.system_gclk_chan_set_config
                0x00001d88       0x1c src/ASF/sam0/drivers/system/clock/clock_samd21_r21/gclk.o
                0x00001d88                system_gclk_chan_set_config
 .text.system_gclk_chan_get_hz
                0x00001da4       0x34 src/ASF/sam0/drivers/system/clock/clock_samd21_r21/gclk.o
                0x00001da4                system_gclk_chan_get_hz
 .text._system_pinmux_config
                0x00001dd8       0x8c src/ASF/sam0/drivers/system/pinmux/pinmux.o
 .text.system_pinmux_pin_set_config
                0x00001e64       0x2c src/ASF/sam0/drivers/system/pinmux/pinmux.o
                0x00001e64                system_pinmux_pin_set_config
 .text._system_dummy_init
                0x00001e90        0x4 src/ASF/sam0/drivers/system/system.o
                0x00001e90                _system_events_init
                0x00001e90                _system_dummy_init
                0x00001e90                _system_extint_init
 .text.system_init
                0x00001e94       0x24 src/ASF/sam0/drivers/system/system.o
                0x00001e94                system_init
 .text.Dummy_Handler
                0x00001eb8        0x4 src/ASF/sam0/utils/cmsis/samd21/source/gcc/startup_samd21.o
                0x00001eb8                DMAC_Handler
                0x00001eb8                HardFault_Handler
                0x00001eb8                AC_Handler
                0x00001eb8                SysTick_Handler
                0x00001eb8                PendSV_Handler
                0x00001eb8                NMI_Handler
                0x00001eb8                TC7_Handler
                0x00001eb8                ADC_Handler
                0x00001eb8                TCC1_Handler
                0x00001eb8                TCC0_Handler
                0x00001eb8                RTC_Handler
                0x00001eb8                EIC_Handler
                0x00001eb8                TC6_Handler
                0x00001eb8                WDT_Handler
                0x00001eb8                USB_Handler
                0x00001eb8                Dummy_Handler
                0x00001eb8                PM_Handler
                0x00001eb8                SERCOM5_Handler
                0x00001eb8                SVC_Handler
                0x00001eb8                TCC2_Handler
                0x00001eb8                EVSYS_Handler
                0x00001eb8                SERCOM4_Handler
                0x00001eb8                I2S_Handler
                0x00001eb8                NVMCTRL_Handler
                0x00001eb8                DAC_Handler
                0x00001eb8                PTC_Handler
                0x00001eb8                SYSCTRL_Handler
 .text.Reset_Handler
                0x00001ebc       0xe0 src/ASF/sam0/utils/cmsis/samd21/source/gcc/startup_samd21.o
                0x00001ebc                Reset_Handler
 .text.main     0x00001f9c      0x108 src/main.o
                0x00001f9c                main
 .text          0x000020a4       0x9c c:/program files (x86)/atmel/atmel toolchain/arm gcc/native/4.8.1443/arm-gnu-toolchain/bin/../lib/gcc/arm-none-eabi/4.8.4/armv6-m\libgcc.a(_udivsi3.o)
                0x000020a4                __aeabi_uidiv
                0x000020a4                __udivsi3
                0x0000212c                __aeabi_uidivmod
 .text          0x00002140        0x4 c:/program files (x86)/atmel/atmel toolchain/arm gcc/native/4.8.1443/arm-gnu-toolchain/bin/../lib/gcc/arm-none-eabi/4.8.4/armv6-m\libgcc.a(_dvmd_tls.o)
                0x00002140                __aeabi_idiv0
                0x00002140                __aeabi_ldiv0
 .text.__libc_init_array
                0x00002144       0x4c c:/program files (x86)/atmel/atmel toolchain/arm gcc/native/4.8.1443/arm-gnu-toolchain/bin/../lib/gcc/arm-none-eabi/4.8.4/../../../../arm-none-eabi/lib/armv6-m\libc_s.a(lib_a-init.o)
                0x00002144                __libc_init_array
 .text.memcpy   0x00002190       0x12 c:/program files (x86)/atmel/atmel toolchain/arm gcc/native/4.8.1443/arm-gnu-toolchain/bin/../lib/gcc/arm-none-eabi/4.8.4/../../../../arm-none-eabi/lib/armv6-m\libc_s.a(lib_a-memcpy-stub.o)
                0x00002190                memcpy
 .text.memset   0x000021a2       0x10 c:/program files (x86)/atmel/atmel toolchain/arm gcc/native/4.8.1443/arm-gnu-toolchain/bin/../lib/gcc/arm-none-eabi/4.8.4/../../../../arm-none-eabi/lib/armv6-m\libc_s.a(lib_a-memset.o)
                0x000021a2                memset
 *(.glue_7t)
 .glue_7t       0x00000000        0x0 linker stubs
 *(.glue_7)
 .glue_7        0x00000000        0x0 linker stubs
 *(.rodata .rodata* .gnu.linkonce.r.*)
 *fill*         0x000021b2        0x2 
 .rodata        0x000021b4       0x18 src/ASF/sam0/drivers/tc/tc_sam_d_r/tc.o
 .rodata.tc_interrupt_vectors.12858
                0x000021cc        0x4 src/menu_buttons.o
 .rodata.arrow_right_data
                0x000021d0        0xc src/ASF/common2/services/gfx_mono/gfx_mono_menu.o
                0x000021d0                arrow_right_data
 .rodata.sysfont_glyphs
                0x000021dc      0xbc0 src/ASF/common2/services/gfx_mono/sysfont.o
 .rodata        0x00002d9c       0x10 src/ASF/sam0/drivers/sercom/sercom.o
 .rodata        0x00002dac        0x4 src/ASF/sam0/drivers/sercom/sercom_interrupt.o
 .rodata.system_clock_source_get_hz
                0x00002db0       0x24 src/ASF/sam0/drivers/system/clock/clock_samd21_r21/clock.o
 .rodata.system_clock_source_enable
                0x00002dd4       0x24 src/ASF/sam0/drivers/system/clock/clock_samd21_r21/clock.o
 .rodata.str1.4
                0x00002df8       0xbc src/main.o
                                 0xc4 (size before relaxing)
 *(.ARM.extab* .gnu.linkonce.armextab.*)
                0x00002eb4                . = ALIGN (0x4)
 *(.init)
 .init          0x00002eb4        0x4 c:/program files (x86)/atmel/atmel toolchain/arm gcc/native/4.8.1443/arm-gnu-toolchain/bin/../lib/gcc/arm-none-eabi/4.8.4/armv6-m/crti.o
                0x00002eb4                _init
 .init          0x00002eb8        0x8 c:/program files (x86)/atmel/atmel toolchain/arm gcc/native/4.8.1443/arm-gnu-toolchain/bin/../lib/gcc/arm-none-eabi/4.8.4/armv6-m/crtn.o
                0x00002ec0                . = ALIGN (0x4)
                0x00002ec0                __preinit_array_start = .
 *(.preinit_array)
                0x00002ec0                __preinit_array_end = .
                0x00002ec0                . = ALIGN (0x4)
                0x00002ec0                __init_array_start = .
 *(SORT(.init_array.*))
 *(.init_array)
 .init_array    0x00002ec0        0x4 c:/program files (x86)/atmel/atmel toolchain/arm gcc/native/4.8.1443/arm-gnu-toolchain/bin/../lib/gcc/arm-none-eabi/4.8.4/armv6-m/crtbegin.o
                0x00002ec4                __init_array_end = .
                0x00002ec4                . = ALIGN (0x4)
 *crtbegin.o(.ctors)
 *(EXCLUDE_FILE(*crtend.o) .ctors)
 *(SORT(.ctors.*))
 *crtend.o(.ctors)
                0x00002ec4                . = ALIGN (0x4)
 *(.fini)
 .fini          0x00002ec4        0x4 c:/program files (x86)/atmel/atmel toolchain/arm gcc/native/4.8.1443/arm-gnu-toolchain/bin/../lib/gcc/arm-none-eabi/4.8.4/armv6-m/crti.o
                0x00002ec4                _fini
 .fini          0x00002ec8        0x8 c:/program files (x86)/atmel/atmel toolchain/arm gcc/native/4.8.1443/arm-gnu-toolchain/bin/../lib/gcc/arm-none-eabi/4.8.4/armv6-m/crtn.o
                0x00002ed0                . = ALIGN (0x4)
                0x00002ed0                __fini_array_start = .
 *(.fini_array)
 .fini_array    0x00002ed0        0x4 c:/program files (x86)/atmel/atmel toolchain/arm gcc/native/4.8.1443/arm-gnu-toolchain/bin/../lib/gcc/arm-none-eabi/4.8.4/armv6-m/crtbegin.o
 *(SORT(.fini_array.*))
                0x00002ed4                __fini_array_end = .
 *crtbegin.o(.dtors)
 *(EXCLUDE_FILE(*crtend.o) .dtors)
 *(SORT(.dtors.*))
 *crtend.o(.dtors)
                0x00002ed4                . = ALIGN (0x4)
                0x00002ed4                _efixed = .
                0x00002ed4                PROVIDE (__exidx_start, .)

.vfp11_veneer   0x00002ed4        0x0
 .vfp11_veneer  0x00000000        0x0 linker stubs

.v4_bx          0x00002ed4        0x0
 .v4_bx         0x00000000        0x0 linker stubs

.iplt           0x00002ed4        0x0
 .iplt          0x00000000        0x0 c:/program files (x86)/atmel/atmel toolchain/arm gcc/native/4.8.1443/arm-gnu-toolchain/bin/../lib/gcc/arm-none-eabi/4.8.4/armv6-m/crtbegin.o

.eh_frame       0x00002ed4        0x0
 .eh_frame      0x00002ed4        0x0 c:/program files (x86)/atmel/atmel toolchain/arm gcc/native/4.8.1443/arm-gnu-toolchain/bin/../lib/gcc/arm-none-eabi/4.8.4/armv6-m/crtbegin.o

.rel.dyn        0x00002ed4        0x0
 .rel.iplt      0x00000000        0x0 c:/program files (x86)/atmel/atmel toolchain/arm gcc/native/4.8.1443/arm-gnu-toolchain/bin/../lib/gcc/arm-none-eabi/4.8.4/armv6-m/crtbegin.o

.jcr            0x00002ed4        0x0
 .jcr           0x00002ed4        0x0 c:/program files (x86)/atmel/atmel toolchain/arm gcc/native/4.8.1443/arm-gnu-toolchain/bin/../lib/gcc/arm-none-eabi/4.8.4/armv6-m/crtbegin.o

.igot.plt       0x00002ed4        0x0
 .igot.plt      0x00000000        0x0 c:/program files (x86)/atmel/atmel toolchain/arm gcc/native/4.8.1443/arm-gnu-toolchain/bin/../lib/gcc/arm-none-eabi/4.8.4/armv6-m/crtbegin.o

.ARM.exidx
 *(.ARM.exidx* .gnu.linkonce.armexidx.*)
                0x00002ed4                PROVIDE (__exidx_end, .)
                0x00002ed4                . = ALIGN (0x4)
                0x00002ed4                _etext = .

.relocate       0x20000000      0x108 load address 0x00002ed4
                0x20000000                . = ALIGN (0x4)
                0x20000000                _srelocate = .
 *(.ramfunc .ramfunc.*)
 *(.data .data.*)
 .data.menu_bitmap_indicator
                0x20000000        0x8 src/ASF/common2/services/gfx_mono/gfx_mono_menu.o
                0x20000000                menu_bitmap_indicator
 .data.sysfont  0x20000008        0xc src/ASF/common2/services/gfx_mono/sysfont.o
                0x20000008                sysfont
 .data.cycles_per_us
                0x20000014        0x4 src/ASF/common2/services/delay/sam0/systick_counter.o
 .data.cycles_per_ms
                0x20000018        0x4 src/ASF/common2/services/delay/sam0/systick_counter.o
 .data.g_interrupt_enabled
                0x2000001c        0x1 src/ASF/common/utils/interrupt/interrupt_sam_nvic.o
                0x2000001c                g_interrupt_enabled
 *fill*         0x2000001d        0x3 
 .data.__compound_literal.0
                0x20000020        0xc src/main.o
 .data.__compound_literal.1
                0x2000002c        0x4 src/main.o
 .data.__compound_literal.10
                0x20000030        0xc src/main.o
 .data.__compound_literal.11
                0x2000003c        0x4 src/main.o
 .data.__compound_literal.4
                0x20000040        0x8 src/main.o
 .data.__compound_literal.5
                0x20000048        0x4 src/main.o
 .data.__compound_literal.6
                0x2000004c       0x20 src/main.o
 .data.__compound_literal.7
                0x2000006c        0x8 src/main.o
 .data.__compound_literal.8
                0x20000074        0x4 src/main.o
 .data.__compound_literal.9
                0x20000078        0x4 src/main.o
 .data.__compound_literal.2
                0x2000007c       0x10 src/main.o
 .data.__compound_literal.3
                0x2000008c        0x4 src/main.o
 .data.menu_list
                0x20000090       0x78 src/main.o
                0x20000090                menu_list
                0x20000108                . = ALIGN (0x4)
                0x20000108                _erelocate = .

.bss            0x20000108      0x8e8 load address 0x00002fdc
                0x20000108                . = ALIGN (0x4)
                0x20000108                _sbss = .
                0x20000108                _szero = .
 *(.bss .bss.*)
 .bss           0x20000108       0x1c c:/program files (x86)/atmel/atmel toolchain/arm gcc/native/4.8.1443/arm-gnu-toolchain/bin/../lib/gcc/arm-none-eabi/4.8.4/armv6-m/crtbegin.o
 .bss.fbpointer
                0x20000124        0x4 src/ASF/common2/services/gfx_mono/gfx_mono_framebuffer.o
 .bss.redraw_state.11598
                0x20000128        0x1 src/ASF/common2/services/gfx_mono/gfx_mono_menu.o
 *fill*         0x20000129        0x3 
 .bss._sercom_config
                0x2000012c        0x4 src/ASF/sam0/drivers/sercom/sercom.o
 .bss._handler_table_initialized
                0x20000130        0x1 src/ASF/sam0/drivers/sercom/sercom_interrupt.o
 *fill*         0x20000131        0x3 
 .bss._sercom_interrupt_handlers
                0x20000134       0x10 src/ASF/sam0/drivers/sercom/sercom_interrupt.o
 .bss.cpu_irq_critical_section_counter
                0x20000144        0x4 src/ASF/common/utils/interrupt/interrupt_sam_nvic.o
 .bss.cpu_irq_prev_interrupt_state
                0x20000148        0x1 src/ASF/common/utils/interrupt/interrupt_sam_nvic.o
 *fill*         0x20000149        0x3 
 .bss._system_clock_inst
                0x2000014c       0x18 src/ASF/sam0/drivers/system/clock/clock_samd21_r21/clock.o
 *(COMMON)
 COMMON         0x20000164      0x83f src/ASF/common2/components/display/ssd1306/ssd1306.o
                0x20000164                ssd1306_master
                0x200001a0                ssd1306_buffer
                0x200005a0                gfx_framebuffer
                0x200009a0                ssd1306_slave
 *fill*         0x200009a3        0x1 
 COMMON         0x200009a4        0xc src/ASF/sam0/drivers/tc/tc_interrupt.o
                0x200009a4                _tc_instances
 COMMON         0x200009b0        0x2 src/config/menus.o
                0x200009b0                gfx_mono_active_menu
                0x200009b1                gfx_mono_prev_menu
 *fill*         0x200009b2        0x2 
 COMMON         0x200009b4       0x27 src/menu_buttons.o
                0x200009b4                btn_nav_select
                0x200009b8                btn_nav_down
                0x200009bc                btn_timer
                0x200009d8                pin_cfg
 *fill*         0x200009db        0x1 
 COMMON         0x200009dc        0x2 src/ASF/sam0/drivers/sercom/spi/spi_interrupt.o
                0x200009dc                dummy_write
 *fill*         0x200009de        0x2 
 COMMON         0x200009e0       0x10 src/ASF/sam0/drivers/sercom/sercom_interrupt.o
                0x200009e0                _sercom_instances
                0x200009f0                . = ALIGN (0x4)
                0x200009f0                _ebss = .
                0x200009f0                _ezero = .

.stack          0x200009f0     0x2000 load address 0x000038c4
                0x200009f0                . = ALIGN (0x8)
                0x200009f0                _sstack = .
                0x200029f0                . = (. + STACK_SIZE)
 *fill*         0x200009f0     0x2000 
                0x200029f0                . = ALIGN (0x8)
                0x200029f0                _estack = .
                0x200029f0                . = ALIGN (0x4)
                0x200029f0                _end = .
OUTPUT(OLED_SPI.elf elf32-littlearm)

.ARM.attributes
                0x00000000       0x28
 .ARM.attributes
                0x00000000       0x1e c:/program files (x86)/atmel/atmel toolchain/arm gcc/native/4.8.1443/arm-gnu-toolchain/bin/../lib/gcc/arm-none-eabi/4.8.4/armv6-m/crti.o
 .ARM.attributes
                0x0000001e       0x2c c:/program files (x86)/atmel/atmel toolchain/arm gcc/native/4.8.1443/arm-gnu-toolchain/bin/../lib/gcc/arm-none-eabi/4.8.4/armv6-m/crtbegin.o
 .ARM.attributes
                0x0000004a       0x32 src/ASF/common2/components/display/ssd1306/ssd1306.o
 .ARM.attributes
                0x0000007c       0x32 src/ASF/sam0/drivers/tc/tc_interrupt.o
 .ARM.attributes
                0x000000ae       0x32 src/ASF/sam0/drivers/tc/tc_sam_d_r/tc.o
 .ARM.attributes
                0x000000e0       0x32 src/config/menus.o
 .ARM.attributes
                0x00000112       0x32 src/menu_buttons.o
 .ARM.attributes
                0x00000144       0x32 src/ASF/common2/services/gfx_mono/gfx_mono_framebuffer.o
 .ARM.attributes
                0x00000176       0x32 src/ASF/common2/services/gfx_mono/gfx_mono_generic.o
 .ARM.attributes
                0x000001a8       0x32 src/ASF/common2/services/gfx_mono/gfx_mono_menu.o
 .ARM.attributes
                0x000001da       0x32 src/ASF/common2/services/gfx_mono/gfx_mono_null.o
 .ARM.attributes
                0x0000020c       0x32 src/ASF/common2/services/gfx_mono/gfx_mono_text.o
 .ARM.attributes
                0x0000023e       0x32 src/ASF/common2/services/gfx_mono/sysfont.o
 .ARM.attributes
                0x00000270       0x32 src/ASF/sam0/drivers/sercom/sercom.o
 .ARM.attributes
                0x000002a2       0x32 src/ASF/sam0/drivers/sercom/spi/spi.o
 .ARM.attributes
                0x000002d4       0x32 src/ASF/sam0/drivers/sercom/spi/spi_interrupt.o
 .ARM.attributes
                0x00000306       0x32 src/ASF/sam0/drivers/sercom/sercom_interrupt.o
 .ARM.attributes
                0x00000338       0x32 src/ASF/common2/services/delay/sam0/systick_counter.o
 .ARM.attributes
                0x0000036a       0x32 src/ASF/sam0/drivers/port/port.o
 .ARM.attributes
                0x0000039c       0x32 src/ASF/common2/boards/user_board/init.o
 .ARM.attributes
                0x000003ce       0x32 src/ASF/common/utils/interrupt/interrupt_sam_nvic.o
 .ARM.attributes
                0x00000400       0x32 src/ASF/sam0/drivers/system/clock/clock_samd21_r21/clock.o
 .ARM.attributes
                0x00000432       0x32 src/ASF/sam0/drivers/system/clock/clock_samd21_r21/gclk.o
 .ARM.attributes
                0x00000464       0x32 src/ASF/sam0/drivers/system/pinmux/pinmux.o
 .ARM.attributes
                0x00000496       0x32 src/ASF/sam0/drivers/system/system.o
 .ARM.attributes
                0x000004c8       0x32 src/ASF/sam0/utils/cmsis/samd21/source/gcc/startup_samd21.o
 .ARM.attributes
                0x000004fa       0x32 src/main.o
 .ARM.attributes
                0x0000052c       0x1e c:/program files (x86)/atmel/atmel toolchain/arm gcc/native/4.8.1443/arm-gnu-toolchain/bin/../lib/gcc/arm-none-eabi/4.8.4/armv6-m\libgcc.a(_udivsi3.o)
 .ARM.attributes
                0x0000054a       0x1e c:/program files (x86)/atmel/atmel toolchain/arm gcc/native/4.8.1443/arm-gnu-toolchain/bin/../lib/gcc/arm-none-eabi/4.8.4/armv6-m\libgcc.a(_dvmd_tls.o)
 .ARM.attributes
                0x00000568       0x2c c:/program files (x86)/atmel/atmel toolchain/arm gcc/native/4.8.1443/arm-gnu-toolchain/bin/../lib/gcc/arm-none-eabi/4.8.4/../../../../arm-none-eabi/lib/armv6-m\libc_s.a(lib_a-init.o)
 .ARM.attributes
                0x00000594       0x2c c:/program files (x86)/atmel/atmel toolchain/arm gcc/native/4.8.1443/arm-gnu-toolchain/bin/../lib/gcc/arm-none-eabi/4.8.4/../../../../arm-none-eabi/lib/armv6-m\libc_s.a(lib_a-memcpy-stub.o)
 .ARM.attributes
                0x000005c0       0x2c c:/program files (x86)/atmel/atmel toolchain/arm gcc/native/4.8.1443/arm-gnu-toolchain/bin/../lib/gcc/arm-none-eabi/4.8.4/../../../../arm-none-eabi/lib/armv6-m\libc_s.a(lib_a-memset.o)
 .ARM.attributes
                0x000005ec       0x1e c:/program files (x86)/atmel/atmel toolchain/arm gcc/native/4.8.1443/arm-gnu-toolchain/bin/../lib/gcc/arm-none-eabi/4.8.4/armv6-m/crtn.o

.comment        0x00000000       0x5b
 .comment       0x00000000       0x5b src/ASF/common2/components/display/ssd1306/ssd1306.o
                                 0x5c (size before relaxing)
 .comment       0x00000000       0x5c src/ASF/sam0/drivers/tc/tc_interrupt.o
 .comment       0x00000000       0x5c src/ASF/sam0/drivers/tc/tc_sam_d_r/tc.o
 .comment       0x00000000       0x5c src/config/menus.o
 .comment       0x00000000       0x5c src/menu_buttons.o
 .comment       0x00000000       0x5c src/ASF/common2/services/gfx_mono/gfx_mono_framebuffer.o
 .comment       0x00000000       0x5c src/ASF/common2/services/gfx_mono/gfx_mono_generic.o
 .comment       0x00000000       0x5c src/ASF/common2/services/gfx_mono/gfx_mono_menu.o
 .comment       0x00000000       0x5c src/ASF/common2/services/gfx_mono/gfx_mono_null.o
 .comment       0x00000000       0x5c src/ASF/common2/services/gfx_mono/gfx_mono_text.o
 .comment       0x00000000       0x5c src/ASF/common2/services/gfx_mono/sysfont.o
 .comment       0x00000000       0x5c src/ASF/sam0/drivers/sercom/sercom.o
 .comment       0x00000000       0x5c src/ASF/sam0/drivers/sercom/spi/spi.o
 .comment       0x00000000       0x5c src/ASF/sam0/drivers/sercom/spi/spi_interrupt.o
 .comment       0x00000000       0x5c src/ASF/sam0/drivers/sercom/sercom_interrupt.o
 .comment       0x00000000       0x5c src/ASF/common2/services/delay/sam0/systick_counter.o
 .comment       0x00000000       0x5c src/ASF/sam0/drivers/port/port.o
 .comment       0x00000000       0x5c src/ASF/common2/boards/user_board/init.o
 .comment       0x00000000       0x5c src/ASF/common/utils/interrupt/interrupt_sam_nvic.o
 .comment       0x00000000       0x5c src/ASF/sam0/drivers/system/clock/clock_samd21_r21/clock.o
 .comment       0x00000000       0x5c src/ASF/sam0/drivers/system/clock/clock_samd21_r21/gclk.o
 .comment       0x00000000       0x5c src/ASF/sam0/drivers/system/pinmux/pinmux.o
 .comment       0x00000000       0x5c src/ASF/sam0/drivers/system/system.o
 .comment       0x00000000       0x5c src/ASF/sam0/utils/cmsis/samd21/source/gcc/startup_samd21.o
 .comment       0x00000000       0x5c src/main.o

.debug_info     0x00000000    0x2329c
 .debug_info    0x00000000     0x3c0c src/ASF/common2/components/display/ssd1306/ssd1306.o
 .debug_info    0x00003c0c     0x1235 src/ASF/sam0/drivers/tc/tc_interrupt.o
 .debug_info    0x00004e41     0x25bd src/ASF/sam0/drivers/tc/tc_sam_d_r/tc.o
 .debug_info    0x000073fe      0x402 src/config/menus.o
 .debug_info    0x00007800     0x220c src/menu_buttons.o
 .debug_info    0x00009a0c      0x4c4 src/ASF/common2/services/gfx_mono/gfx_mono_framebuffer.o
 .debug_info    0x00009ed0      0xbb2 src/ASF/common2/services/gfx_mono/gfx_mono_generic.o
 .debug_info    0x0000aa82      0x59a src/ASF/common2/services/gfx_mono/gfx_mono_menu.o
 .debug_info    0x0000b01c      0x176 src/ASF/common2/services/gfx_mono/gfx_mono_null.o
 .debug_info    0x0000b192      0x7bc src/ASF/common2/services/gfx_mono/gfx_mono_text.o
 .debug_info    0x0000b94e      0x20c src/ASF/common2/services/gfx_mono/sysfont.o
 .debug_info    0x0000bb5a     0x252f src/ASF/sam0/drivers/sercom/sercom.o
 .debug_info    0x0000e089     0x5e25 src/ASF/sam0/drivers/sercom/spi/spi.o
 .debug_info    0x00013eae     0x2916 src/ASF/sam0/drivers/sercom/spi/spi_interrupt.o
 .debug_info    0x000167c4     0x22bd src/ASF/sam0/drivers/sercom/sercom_interrupt.o
 .debug_info    0x00018a81      0x269 src/ASF/common2/services/delay/sam0/systick_counter.o
 .debug_info    0x00018cea      0x968 src/ASF/sam0/drivers/port/port.o
 .debug_info    0x00019652      0x2b1 src/ASF/common2/boards/user_board/init.o
 .debug_info    0x00019903      0x1ec src/ASF/common/utils/interrupt/interrupt_sam_nvic.o
 .debug_info    0x00019aef     0x2d73 src/ASF/sam0/drivers/system/clock/clock_samd21_r21/clock.o
 .debug_info    0x0001c862     0x14ce src/ASF/sam0/drivers/system/clock/clock_samd21_r21/gclk.o
 .debug_info    0x0001dd30      0xa49 src/ASF/sam0/drivers/system/pinmux/pinmux.o
 .debug_info    0x0001e779      0x16f src/ASF/sam0/drivers/system/system.o
 .debug_info    0x0001e8e8     0x35ae src/ASF/sam0/utils/cmsis/samd21/source/gcc/startup_samd21.o
 .debug_info    0x00021e96     0x1406 src/main.o

.debug_abbrev   0x00000000     0x38fe
 .debug_abbrev  0x00000000      0x3fe src/ASF/common2/components/display/ssd1306/ssd1306.o
 .debug_abbrev  0x000003fe      0x259 src/ASF/sam0/drivers/tc/tc_interrupt.o
 .debug_abbrev  0x00000657      0x3c9 src/ASF/sam0/drivers/tc/tc_sam_d_r/tc.o
 .debug_abbrev  0x00000a20      0x130 src/config/menus.o
 .debug_abbrev  0x00000b50      0x397 src/menu_buttons.o
 .debug_abbrev  0x00000ee7      0x182 src/ASF/common2/services/gfx_mono/gfx_mono_framebuffer.o
 .debug_abbrev  0x00001069      0x1e4 src/ASF/common2/services/gfx_mono/gfx_mono_generic.o
 .debug_abbrev  0x0000124d      0x1ba src/ASF/common2/services/gfx_mono/gfx_mono_menu.o
 .debug_abbrev  0x00001407       0xcd src/ASF/common2/services/gfx_mono/gfx_mono_null.o
 .debug_abbrev  0x000014d4      0x22b src/ASF/common2/services/gfx_mono/gfx_mono_text.o
 .debug_abbrev  0x000016ff       0xe0 src/ASF/common2/services/gfx_mono/sysfont.o
 .debug_abbrev  0x000017df      0x2fd src/ASF/sam0/drivers/sercom/sercom.o
 .debug_abbrev  0x00001adc      0x44f src/ASF/sam0/drivers/sercom/spi/spi.o
 .debug_abbrev  0x00001f2b      0x358 src/ASF/sam0/drivers/sercom/spi/spi_interrupt.o
 .debug_abbrev  0x00002283      0x22e src/ASF/sam0/drivers/sercom/sercom_interrupt.o
 .debug_abbrev  0x000024b1      0x13c src/ASF/common2/services/delay/sam0/systick_counter.o
 .debug_abbrev  0x000025ed      0x1da src/ASF/sam0/drivers/port/port.o
 .debug_abbrev  0x000027c7       0xd6 src/ASF/common2/boards/user_board/init.o
 .debug_abbrev  0x0000289d       0xf6 src/ASF/common/utils/interrupt/interrupt_sam_nvic.o
 .debug_abbrev  0x00002993      0x3f6 src/ASF/sam0/drivers/system/clock/clock_samd21_r21/clock.o
 .debug_abbrev  0x00002d89      0x327 src/ASF/sam0/drivers/system/clock/clock_samd21_r21/gclk.o
 .debug_abbrev  0x000030b0      0x287 src/ASF/sam0/drivers/system/pinmux/pinmux.o
 .debug_abbrev  0x00003337       0xb9 src/ASF/sam0/drivers/system/system.o
 .debug_abbrev  0x000033f0      0x213 src/ASF/sam0/utils/cmsis/samd21/source/gcc/startup_samd21.o
 .debug_abbrev  0x00003603      0x2fb src/main.o

.debug_loc      0x00000000     0x9555
 .debug_loc     0x00000000      0x780 src/ASF/common2/components/display/ssd1306/ssd1306.o
 .debug_loc     0x00000780      0x17d src/ASF/sam0/drivers/tc/tc_interrupt.o
 .debug_loc     0x000008fd     0x10e2 src/ASF/sam0/drivers/tc/tc_sam_d_r/tc.o
 .debug_loc     0x000019df       0x50 src/config/menus.o
 .debug_loc     0x00001a2f      0x539 src/menu_buttons.o
 .debug_loc     0x00001f68      0x4db src/ASF/common2/services/gfx_mono/gfx_mono_framebuffer.o
 .debug_loc     0x00002443      0xee2 src/ASF/common2/services/gfx_mono/gfx_mono_generic.o
 .debug_loc     0x00003325      0x232 src/ASF/common2/services/gfx_mono/gfx_mono_menu.o
 .debug_loc     0x00003557       0x20 src/ASF/common2/services/gfx_mono/gfx_mono_null.o
 .debug_loc     0x00003577      0x8a5 src/ASF/common2/services/gfx_mono/gfx_mono_text.o
 .debug_loc     0x00003e1c      0x8d4 src/ASF/sam0/drivers/sercom/sercom.o
 .debug_loc     0x000046f0     0x2bd6 src/ASF/sam0/drivers/sercom/spi/spi.o
 .debug_loc     0x000072c6      0x5d0 src/ASF/sam0/drivers/sercom/spi/spi_interrupt.o
 .debug_loc     0x00007896      0x170 src/ASF/sam0/drivers/sercom/sercom_interrupt.o
 .debug_loc     0x00007a06       0xe4 src/ASF/common2/services/delay/sam0/systick_counter.o
 .debug_loc     0x00007aea      0x16d src/ASF/sam0/drivers/port/port.o
 .debug_loc     0x00007c57       0x1e src/ASF/common/utils/interrupt/interrupt_sam_nvic.o
 .debug_loc     0x00007c75      0xff4 src/ASF/sam0/drivers/system/clock/clock_samd21_r21/clock.o
 .debug_loc     0x00008c69      0x508 src/ASF/sam0/drivers/system/clock/clock_samd21_r21/gclk.o
 .debug_loc     0x00009171      0x2e3 src/ASF/sam0/drivers/system/pinmux/pinmux.o
 .debug_loc     0x00009454       0x20 src/ASF/sam0/drivers/system/system.o
 .debug_loc     0x00009474       0x7c src/ASF/sam0/utils/cmsis/samd21/source/gcc/startup_samd21.o
 .debug_loc     0x000094f0       0x65 src/main.o

.debug_aranges  0x00000000      0x620
 .debug_aranges
                0x00000000       0x58 src/ASF/common2/components/display/ssd1306/ssd1306.o
 .debug_aranges
                0x00000058       0x48 src/ASF/sam0/drivers/tc/tc_interrupt.o
 .debug_aranges
                0x000000a0       0x58 src/ASF/sam0/drivers/tc/tc_sam_d_r/tc.o
 .debug_aranges
                0x000000f8       0x20 src/config/menus.o
 .debug_aranges
                0x00000118       0x38 src/menu_buttons.o
 .debug_aranges
                0x00000150       0x58 src/ASF/common2/services/gfx_mono/gfx_mono_framebuffer.o
 .debug_aranges
                0x000001a8       0x58 src/ASF/common2/services/gfx_mono/gfx_mono_generic.o
 .debug_aranges
                0x00000200       0x30 src/ASF/common2/services/gfx_mono/gfx_mono_menu.o
 .debug_aranges
                0x00000230       0x20 src/ASF/common2/services/gfx_mono/gfx_mono_null.o
 .debug_aranges
                0x00000250       0x40 src/ASF/common2/services/gfx_mono/gfx_mono_text.o
 .debug_aranges
                0x00000290       0x18 src/ASF/common2/services/gfx_mono/sysfont.o
 .debug_aranges
                0x000002a8       0x40 src/ASF/sam0/drivers/sercom/sercom.o
 .debug_aranges
                0x000002e8       0x58 src/ASF/sam0/drivers/sercom/spi/spi.o
 .debug_aranges
                0x00000340       0x50 src/ASF/sam0/drivers/sercom/spi/spi_interrupt.o
 .debug_aranges
                0x00000390       0x50 src/ASF/sam0/drivers/sercom/sercom_interrupt.o
 .debug_aranges
                0x000003e0       0x30 src/ASF/common2/services/delay/sam0/systick_counter.o
 .debug_aranges
                0x00000410       0x28 src/ASF/sam0/drivers/port/port.o
 .debug_aranges
                0x00000438       0x20 src/ASF/common2/boards/user_board/init.o
 .debug_aranges
                0x00000458       0x28 src/ASF/common/utils/interrupt/interrupt_sam_nvic.o
 .debug_aranges
                0x00000480       0x78 src/ASF/sam0/drivers/system/clock/clock_samd21_r21/clock.o
 .debug_aranges
                0x000004f8       0x80 src/ASF/sam0/drivers/system/clock/clock_samd21_r21/gclk.o
 .debug_aranges
                0x00000578       0x38 src/ASF/sam0/drivers/system/pinmux/pinmux.o
 .debug_aranges
                0x000005b0       0x28 src/ASF/sam0/drivers/system/system.o
 .debug_aranges
                0x000005d8       0x28 src/ASF/sam0/utils/cmsis/samd21/source/gcc/startup_samd21.o
 .debug_aranges
                0x00000600       0x20 src/main.o

.debug_ranges   0x00000000      0x9e0
 .debug_ranges  0x00000000       0xc0 src/ASF/common2/components/display/ssd1306/ssd1306.o
 .debug_ranges  0x000000c0       0x38 src/ASF/sam0/drivers/tc/tc_interrupt.o
 .debug_ranges  0x000000f8       0x90 src/ASF/sam0/drivers/tc/tc_sam_d_r/tc.o
 .debug_ranges  0x00000188       0x10 src/config/menus.o
 .debug_ranges  0x00000198       0x28 src/menu_buttons.o
 .debug_ranges  0x000001c0       0x48 src/ASF/common2/services/gfx_mono/gfx_mono_framebuffer.o
 .debug_ranges  0x00000208       0x48 src/ASF/common2/services/gfx_mono/gfx_mono_generic.o
 .debug_ranges  0x00000250       0x20 src/ASF/common2/services/gfx_mono/gfx_mono_menu.o
 .debug_ranges  0x00000270       0x10 src/ASF/common2/services/gfx_mono/gfx_mono_null.o
 .debug_ranges  0x00000280       0x30 src/ASF/common2/services/gfx_mono/gfx_mono_text.o
 .debug_ranges  0x000002b0       0x60 src/ASF/sam0/drivers/sercom/sercom.o
 .debug_ranges  0x00000310      0x450 src/ASF/sam0/drivers/sercom/spi/spi.o
 .debug_ranges  0x00000760       0x70 src/ASF/sam0/drivers/sercom/spi/spi_interrupt.o
 .debug_ranges  0x000007d0       0x40 src/ASF/sam0/drivers/sercom/sercom_interrupt.o
 .debug_ranges  0x00000810       0x50 src/ASF/common2/services/delay/sam0/systick_counter.o
 .debug_ranges  0x00000860       0x18 src/ASF/sam0/drivers/port/port.o
 .debug_ranges  0x00000878       0x10 src/ASF/common2/boards/user_board/init.o
 .debug_ranges  0x00000888       0x18 src/ASF/common/utils/interrupt/interrupt_sam_nvic.o
 .debug_ranges  0x000008a0       0x68 src/ASF/sam0/drivers/system/clock/clock_samd21_r21/clock.o
 .debug_ranges  0x00000908       0x70 src/ASF/sam0/drivers/system/clock/clock_samd21_r21/gclk.o
 .debug_ranges  0x00000978       0x28 src/ASF/sam0/drivers/system/pinmux/pinmux.o
 .debug_ranges  0x000009a0       0x18 src/ASF/sam0/drivers/system/system.o
 .debug_ranges  0x000009b8       0x18 src/ASF/sam0/utils/cmsis/samd21/source/gcc/startup_samd21.o
 .debug_ranges  0x000009d0       0x10 src/main.o

.debug_macro    0x00000000    0x1aad9
 .debug_macro   0x00000000      0x5bd src/ASF/common2/components/display/ssd1306/ssd1306.o
 .debug_macro   0x000005bd      0x838 src/ASF/common2/components/display/ssd1306/ssd1306.o
 .debug_macro   0x00000df5      0x166 src/ASF/common2/components/display/ssd1306/ssd1306.o
 .debug_macro   0x00000f5b      0x4d1 src/ASF/common2/components/display/ssd1306/ssd1306.o
 .debug_macro   0x0000142c       0x16 src/ASF/common2/components/display/ssd1306/ssd1306.o
 .debug_macro   0x00001442       0x44 src/ASF/common2/components/display/ssd1306/ssd1306.o
 .debug_macro   0x00001486      0x209 src/ASF/common2/components/display/ssd1306/ssd1306.o
 .debug_macro   0x0000168f       0x10 src/ASF/common2/components/display/ssd1306/ssd1306.o
 .debug_macro   0x0000169f       0x76 src/ASF/common2/components/display/ssd1306/ssd1306.o
 .debug_macro   0x00001715       0x16 src/ASF/common2/components/display/ssd1306/ssd1306.o
 .debug_macro   0x0000172b      0x6e5 src/ASF/common2/components/display/ssd1306/ssd1306.o
 .debug_macro   0x00001e10      0xde2 src/ASF/common2/components/display/ssd1306/ssd1306.o
 .debug_macro   0x00002bf2       0x22 src/ASF/common2/components/display/ssd1306/ssd1306.o
 .debug_macro   0x00002c14       0x40 src/ASF/common2/components/display/ssd1306/ssd1306.o
 .debug_macro   0x00002c54       0x3a src/ASF/common2/components/display/ssd1306/ssd1306.o
 .debug_macro   0x00002c8e      0x24f src/ASF/common2/components/display/ssd1306/ssd1306.o
 .debug_macro   0x00002edd      0x682 src/ASF/common2/components/display/ssd1306/ssd1306.o
 .debug_macro   0x0000355f      0x8c1 src/ASF/common2/components/display/ssd1306/ssd1306.o
 .debug_macro   0x00003e20      0x235 src/ASF/common2/components/display/ssd1306/ssd1306.o
 .debug_macro   0x00004055      0xd6d src/ASF/common2/components/display/ssd1306/ssd1306.o
 .debug_macro   0x00004dc2      0x4ce src/ASF/common2/components/display/ssd1306/ssd1306.o
 .debug_macro   0x00005290      0x9fb src/ASF/common2/components/display/ssd1306/ssd1306.o
 .debug_macro   0x00005c8b      0x82e src/ASF/common2/components/display/ssd1306/ssd1306.o
 .debug_macro   0x000064b9      0x462 src/ASF/common2/components/display/ssd1306/ssd1306.o
 .debug_macro   0x0000691b       0x5e src/ASF/common2/components/display/ssd1306/ssd1306.o
 .debug_macro   0x00006979      0x907 src/ASF/common2/components/display/ssd1306/ssd1306.o
 .debug_macro   0x00007280      0x226 src/ASF/common2/components/display/ssd1306/ssd1306.o
 .debug_macro   0x000074a6      0x913 src/ASF/common2/components/display/ssd1306/ssd1306.o
 .debug_macro   0x00007db9       0x5e src/ASF/common2/components/display/ssd1306/ssd1306.o
 .debug_macro   0x00007e17      0x636 src/ASF/common2/components/display/ssd1306/ssd1306.o
 .debug_macro   0x0000844d      0x3b8 src/ASF/common2/components/display/ssd1306/ssd1306.o
 .debug_macro   0x00008805      0xc55 src/ASF/common2/components/display/ssd1306/ssd1306.o
 .debug_macro   0x0000945a     0x1093 src/ASF/common2/components/display/ssd1306/ssd1306.o
 .debug_macro   0x0000a4ed      0xc4a src/ASF/common2/components/display/ssd1306/ssd1306.o
 .debug_macro   0x0000b137      0x6c2 src/ASF/common2/components/display/ssd1306/ssd1306.o
 .debug_macro   0x0000b7f9     0x1b4e src/ASF/common2/components/display/ssd1306/ssd1306.o
 .debug_macro   0x0000d347     0x144d src/ASF/common2/components/display/ssd1306/ssd1306.o
 .debug_macro   0x0000e794      0x351 src/ASF/common2/components/display/ssd1306/ssd1306.o
 .debug_macro   0x0000eae5       0x7c src/ASF/common2/components/display/ssd1306/ssd1306.o
 .debug_macro   0x0000eb61       0xa0 src/ASF/common2/components/display/ssd1306/ssd1306.o
 .debug_macro   0x0000ec01       0x4c src/ASF/common2/components/display/ssd1306/ssd1306.o
 .debug_macro   0x0000ec4d       0xca src/ASF/common2/components/display/ssd1306/ssd1306.o
 .debug_macro   0x0000ed17       0x94 src/ASF/common2/components/display/ssd1306/ssd1306.o
 .debug_macro   0x0000edab       0x58 src/ASF/common2/components/display/ssd1306/ssd1306.o
 .debug_macro   0x0000ee03      0x367 src/ASF/common2/components/display/ssd1306/ssd1306.o
 .debug_macro   0x0000f16a       0x82 src/ASF/common2/components/display/ssd1306/ssd1306.o
 .debug_macro   0x0000f1ec      0x19a src/ASF/common2/components/display/ssd1306/ssd1306.o
 .debug_macro   0x0000f386       0xb8 src/ASF/common2/components/display/ssd1306/ssd1306.o
 .debug_macro   0x0000f43e       0xa0 src/ASF/common2/components/display/ssd1306/ssd1306.o
 .debug_macro   0x0000f4de       0xb8 src/ASF/common2/components/display/ssd1306/ssd1306.o
 .debug_macro   0x0000f596       0x1c src/ASF/common2/components/display/ssd1306/ssd1306.o
 .debug_macro   0x0000f5b2       0x1c src/ASF/common2/components/display/ssd1306/ssd1306.o
 .debug_macro   0x0000f5ce       0x1c src/ASF/common2/components/display/ssd1306/ssd1306.o
 .debug_macro   0x0000f5ea       0x7c src/ASF/common2/components/display/ssd1306/ssd1306.o
 .debug_macro   0x0000f666      0x164 src/ASF/common2/components/display/ssd1306/ssd1306.o
 .debug_macro   0x0000f7ca       0xdc src/ASF/common2/components/display/ssd1306/ssd1306.o
 .debug_macro   0x0000f8a6      0x132 src/ASF/common2/components/display/ssd1306/ssd1306.o
 .debug_macro   0x0000f9d8      0x132 src/ASF/common2/components/display/ssd1306/ssd1306.o
 .debug_macro   0x0000fb0a      0x132 src/ASF/common2/components/display/ssd1306/ssd1306.o
 .debug_macro   0x0000fc3c      0x132 src/ASF/common2/components/display/ssd1306/ssd1306.o
 .debug_macro   0x0000fd6e      0x11e src/ASF/common2/components/display/ssd1306/ssd1306.o
 .debug_macro   0x0000fe8c       0xe2 src/ASF/common2/components/display/ssd1306/ssd1306.o
 .debug_macro   0x0000ff6e       0xe2 src/ASF/common2/components/display/ssd1306/ssd1306.o
 .debug_macro   0x00010050       0xe2 src/ASF/common2/components/display/ssd1306/ssd1306.o
 .debug_macro   0x00010132      0x12f src/ASF/common2/components/display/ssd1306/ssd1306.o
 .debug_macro   0x00010261      0x100 src/ASF/common2/components/display/ssd1306/ssd1306.o
 .debug_macro   0x00010361       0xf4 src/ASF/common2/components/display/ssd1306/ssd1306.o
 .debug_macro   0x00010455      0x40f src/ASF/common2/components/display/ssd1306/ssd1306.o
 .debug_macro   0x00010864       0x40 src/ASF/common2/components/display/ssd1306/ssd1306.o
 .debug_macro   0x000108a4      0x345 src/ASF/common2/components/display/ssd1306/ssd1306.o
 .debug_macro   0x00010be9      0xf7d src/ASF/common2/components/display/ssd1306/ssd1306.o
 .debug_macro   0x00011b66       0x51 src/ASF/common2/components/display/ssd1306/ssd1306.o
 .debug_macro   0x00011bb7       0x58 src/ASF/common2/components/display/ssd1306/ssd1306.o
 .debug_macro   0x00011c0f       0x35 src/ASF/common2/components/display/ssd1306/ssd1306.o
 .debug_macro   0x00011c44       0xa3 src/ASF/common2/components/display/ssd1306/ssd1306.o
 .debug_macro   0x00011ce7       0x16 src/ASF/common2/components/display/ssd1306/ssd1306.o
 .debug_macro   0x00011cfd       0x35 src/ASF/common2/components/display/ssd1306/ssd1306.o
 .debug_macro   0x00011d32       0x10 src/ASF/common2/components/display/ssd1306/ssd1306.o
 .debug_macro   0x00011d42       0x52 src/ASF/common2/components/display/ssd1306/ssd1306.o
 .debug_macro   0x00011d94       0x16 src/ASF/common2/components/display/ssd1306/ssd1306.o
 .debug_macro   0x00011daa       0x43 src/ASF/common2/components/display/ssd1306/ssd1306.o
 .debug_macro   0x00011ded      0x180 src/ASF/common2/components/display/ssd1306/ssd1306.o
 .debug_macro   0x00011f6d       0x10 src/ASF/common2/components/display/ssd1306/ssd1306.o
 .debug_macro   0x00011f7d       0x22 src/ASF/common2/components/display/ssd1306/ssd1306.o
 .debug_macro   0x00011f9f       0xbd src/ASF/common2/components/display/ssd1306/ssd1306.o
 .debug_macro   0x0001205c       0x16 src/ASF/common2/components/display/ssd1306/ssd1306.o
 .debug_macro   0x00012072      0x16c src/ASF/common2/components/display/ssd1306/ssd1306.o
 .debug_macro   0x000121de       0x16 src/ASF/common2/components/display/ssd1306/ssd1306.o
 .debug_macro   0x000121f4       0x16 src/ASF/common2/components/display/ssd1306/ssd1306.o
 .debug_macro   0x0001220a       0x29 src/ASF/common2/components/display/ssd1306/ssd1306.o
 .debug_macro   0x00012233       0x51 src/ASF/common2/components/display/ssd1306/ssd1306.o
 .debug_macro   0x00012284       0x3f src/ASF/common2/components/display/ssd1306/ssd1306.o
 .debug_macro   0x000122c3      0x3df src/ASF/common2/components/display/ssd1306/ssd1306.o
 .debug_macro   0x000126a2       0x11 src/ASF/common2/components/display/ssd1306/ssd1306.o
 .debug_macro   0x000126b3       0x11 src/ASF/common2/components/display/ssd1306/ssd1306.o
 .debug_macro   0x000126c4       0x2e src/ASF/common2/components/display/ssd1306/ssd1306.o
 .debug_macro   0x000126f2       0xb2 src/ASF/common2/components/display/ssd1306/ssd1306.o
 .debug_macro   0x000127a4       0x10 src/ASF/common2/components/display/ssd1306/ssd1306.o
 .debug_macro   0x000127b4      0x2a6 src/ASF/common2/components/display/ssd1306/ssd1306.o
 .debug_macro   0x00012a5a       0x10 src/ASF/common2/components/display/ssd1306/ssd1306.o
 .debug_macro   0x00012a6a       0x1f src/ASF/common2/components/display/ssd1306/ssd1306.o
 .debug_macro   0x00012a89       0x1c src/ASF/common2/components/display/ssd1306/ssd1306.o
 .debug_macro   0x00012aa5       0x35 src/ASF/common2/components/display/ssd1306/ssd1306.o
 .debug_macro   0x00012ada       0x1c src/ASF/common2/components/display/ssd1306/ssd1306.o
 .debug_macro   0x00012af6       0x16 src/ASF/common2/components/display/ssd1306/ssd1306.o
 .debug_macro   0x00012b0c       0x28 src/ASF/common2/components/display/ssd1306/ssd1306.o
 .debug_macro   0x00012b34       0x7b src/ASF/common2/components/display/ssd1306/ssd1306.o
 .debug_macro   0x00012baf       0x88 src/ASF/common2/components/display/ssd1306/ssd1306.o
 .debug_macro   0x00012c37      0x248 src/ASF/common2/components/display/ssd1306/ssd1306.o
 .debug_macro   0x00012e7f       0x52 src/ASF/common2/components/display/ssd1306/ssd1306.o
 .debug_macro   0x00012ed1       0xe2 src/ASF/common2/components/display/ssd1306/ssd1306.o
 .debug_macro   0x00012fb3      0x4b0 src/ASF/sam0/drivers/tc/tc_interrupt.o
 .debug_macro   0x00013463       0x19 src/ASF/sam0/drivers/tc/tc_interrupt.o
 .debug_macro   0x0001347c       0x51 src/ASF/sam0/drivers/tc/tc_interrupt.o
 .debug_macro   0x000134cd      0x4cb src/ASF/sam0/drivers/tc/tc_sam_d_r/tc.o
 .debug_macro   0x00013998      0x647 src/config/menus.o
 .debug_macro   0x00013fdf       0x16 src/config/menus.o
 .debug_macro   0x00013ff5       0x34 src/config/menus.o
 .debug_macro   0x00014029       0x16 src/config/menus.o
 .debug_macro   0x0001403f       0x34 src/config/menus.o
 .debug_macro   0x00014073       0x58 src/config/menus.o
 .debug_macro   0x000140cb       0x6c src/config/menus.o
 .debug_macro   0x00014137      0x65c src/menu_buttons.o
 .debug_macro   0x00014793       0x1c src/menu_buttons.o
 .debug_macro   0x000147af      0x47d src/ASF/common2/services/gfx_mono/gfx_mono_framebuffer.o
 .debug_macro   0x00014c2c       0x16 src/ASF/common2/services/gfx_mono/gfx_mono_framebuffer.o
 .debug_macro   0x00014c42       0x22 src/ASF/common2/services/gfx_mono/gfx_mono_framebuffer.o
 .debug_macro   0x00014c64      0x47d src/ASF/common2/services/gfx_mono/gfx_mono_generic.o
 .debug_macro   0x000150e1      0x4be src/ASF/common2/services/gfx_mono/gfx_mono_menu.o
 .debug_macro   0x0001559f       0x2e src/ASF/common2/services/gfx_mono/gfx_mono_menu.o
 .debug_macro   0x000155cd      0x47d src/ASF/common2/services/gfx_mono/gfx_mono_null.o
 .debug_macro   0x00015a4a      0x647 src/ASF/common2/services/gfx_mono/gfx_mono_text.o
 .debug_macro   0x00016091       0x16 src/ASF/common2/services/gfx_mono/gfx_mono_text.o
 .debug_macro   0x000160a7       0x4a src/ASF/common2/services/gfx_mono/gfx_mono_text.o
 .debug_macro   0x000160f1       0x1c src/ASF/common2/services/gfx_mono/gfx_mono_text.o
 .debug_macro   0x0001610d      0x49d src/ASF/common2/services/gfx_mono/sysfont.o
 .debug_macro   0x000165aa      0x4d0 src/ASF/sam0/drivers/sercom/sercom.o
 .debug_macro   0x00016a7a      0x52a src/ASF/sam0/drivers/sercom/spi/spi.o
 .debug_macro   0x00016fa4      0x534 src/ASF/sam0/drivers/sercom/spi/spi_interrupt.o
 .debug_macro   0x000174d8      0x4cd src/ASF/sam0/drivers/sercom/sercom_interrupt.o
 .debug_macro   0x000179a5      0x47d src/ASF/common2/services/delay/sam0/systick_counter.o
 .debug_macro   0x00017e22      0x45e src/ASF/sam0/drivers/port/port.o
 .debug_macro   0x00018280      0x639 src/ASF/common2/boards/user_board/init.o
 .debug_macro   0x000188b9      0x442 src/ASF/common/utils/interrupt/interrupt_sam_nvic.o
 .debug_macro   0x00018cfb      0x4d0 src/ASF/sam0/drivers/system/clock/clock_samd21_r21/clock.o
 .debug_macro   0x000191cb      0x26c src/ASF/sam0/drivers/system/clock/clock_samd21_r21/clock.o
 .debug_macro   0x00019437      0x478 src/ASF/sam0/drivers/system/clock/clock_samd21_r21/gclk.o
 .debug_macro   0x000198af      0x454 src/ASF/sam0/drivers/system/pinmux/pinmux.o
 .debug_macro   0x00019d03      0x486 src/ASF/sam0/drivers/system/system.o
 .debug_macro   0x0001a189      0x2af src/ASF/sam0/utils/cmsis/samd21/source/gcc/startup_samd21.o
 .debug_macro   0x0001a438       0x3a src/ASF/sam0/utils/cmsis/samd21/source/gcc/startup_samd21.o
 .debug_macro   0x0001a472      0x667 src/main.o

.debug_line     0x00000000    0x118b2
 .debug_line    0x00000000      0xe9b src/ASF/common2/components/display/ssd1306/ssd1306.o
 .debug_line    0x00000e9b      0x9e3 src/ASF/sam0/drivers/tc/tc_interrupt.o
 .debug_line    0x0000187e      0xd1c src/ASF/sam0/drivers/tc/tc_sam_d_r/tc.o
 .debug_line    0x0000259a      0xda8 src/config/menus.o
 .debug_line    0x00003342      0xea0 src/menu_buttons.o
 .debug_line    0x000041e2      0x927 src/ASF/common2/services/gfx_mono/gfx_mono_framebuffer.o
 .debug_line    0x00004b09      0xa02 src/ASF/common2/services/gfx_mono/gfx_mono_generic.o
 .debug_line    0x0000550b      0x92a src/ASF/common2/services/gfx_mono/gfx_mono_menu.o
 .debug_line    0x00005e35      0x862 src/ASF/common2/services/gfx_mono/gfx_mono_null.o
 .debug_line    0x00006697      0xe5f src/ASF/common2/services/gfx_mono/gfx_mono_text.o
 .debug_line    0x000074f6      0x897 src/ASF/common2/services/gfx_mono/sysfont.o
 .debug_line    0x00007d8d      0xb0d src/ASF/sam0/drivers/sercom/sercom.o
 .debug_line    0x0000889a     0x136d src/ASF/sam0/drivers/sercom/spi/spi.o
 .debug_line    0x00009c07      0xcc5 src/ASF/sam0/drivers/sercom/spi/spi_interrupt.o
 .debug_line    0x0000a8cc      0xab1 src/ASF/sam0/drivers/sercom/sercom_interrupt.o
 .debug_line    0x0000b37d      0x937 src/ASF/common2/services/delay/sam0/systick_counter.o
 .debug_line    0x0000bcb4      0x86a src/ASF/sam0/drivers/port/port.o
 .debug_line    0x0000c51e      0xd98 src/ASF/common2/boards/user_board/init.o
 .debug_line    0x0000d2b6      0x83c src/ASF/common/utils/interrupt/interrupt_sam_nvic.o
 .debug_line    0x0000daf2      0xbcf src/ASF/sam0/drivers/system/clock/clock_samd21_r21/clock.o
 .debug_line    0x0000e6c1      0xbe0 src/ASF/sam0/drivers/system/clock/clock_samd21_r21/gclk.o
 .debug_line    0x0000f2a1      0x888 src/ASF/sam0/drivers/system/pinmux/pinmux.o
 .debug_line    0x0000fb29      0x955 src/ASF/sam0/drivers/system/system.o
 .debug_line    0x0001047e      0x63d src/ASF/sam0/utils/cmsis/samd21/source/gcc/startup_samd21.o
 .debug_line    0x00010abb      0xdf7 src/main.o

.debug_str      0x00000000    0x86b22
 .debug_str     0x00000000    0x7bf0d src/ASF/common2/components/display/ssd1306/ssd1306.o
                              0x7c917 (size before relaxing)
 .debug_str     0x0007bf0d      0x6f0 src/ASF/sam0/drivers/tc/tc_interrupt.o
                              0x78984 (size before relaxing)
 .debug_str     0x0007c5fd      0x873 src/ASF/sam0/drivers/tc/tc_sam_d_r/tc.o
                              0x79211 (size before relaxing)
 .debug_str     0x0007ce70     0x4ace src/config/menus.o
                              0x7fe14 (size before relaxing)
 .debug_str     0x0008193e      0x251 src/menu_buttons.o
                              0x80e69 (size before relaxing)
 .debug_str     0x00081b8f      0x1c5 src/ASF/common2/services/gfx_mono/gfx_mono_framebuffer.o
                              0x78787 (size before relaxing)
 .debug_str     0x00081d54      0x227 src/ASF/common2/services/gfx_mono/gfx_mono_generic.o
                              0x7887a (size before relaxing)
 .debug_str     0x00081f7b       0xf6 src/ASF/common2/services/gfx_mono/gfx_mono_menu.o
                              0x7d1c0 (size before relaxing)
 .debug_str     0x00082071       0x48 src/ASF/common2/services/gfx_mono/gfx_mono_null.o
                              0x785e8 (size before relaxing)
 .debug_str     0x000820b9      0x230 src/ASF/common2/services/gfx_mono/gfx_mono_text.o
                              0x7ff58 (size before relaxing)
 .debug_str     0x000822e9       0x3e src/ASF/common2/services/gfx_mono/sysfont.o
                              0x7ce54 (size before relaxing)
 .debug_str     0x00082327      0x3cd src/ASF/sam0/drivers/sercom/sercom.o
                              0x7929a (size before relaxing)
 .debug_str     0x000826f4      0x55c src/ASF/sam0/drivers/sercom/spi/spi.o
                              0x7b45f (size before relaxing)
 .debug_str     0x00082c50      0x16a src/ASF/sam0/drivers/sercom/spi/spi_interrupt.o
                              0x7a48f (size before relaxing)
 .debug_str     0x00082dba      0x189 src/ASF/sam0/drivers/sercom/sercom_interrupt.o
                              0x790ad (size before relaxing)
 .debug_str     0x00082f43       0x80 src/ASF/common2/services/delay/sam0/systick_counter.o
                              0x77df8 (size before relaxing)
 .debug_str     0x00082fc3       0x53 src/ASF/sam0/drivers/port/port.o
                              0x7800e (size before relaxing)
 .debug_str     0x00083016       0x3e src/ASF/common2/boards/user_board/init.o
                              0x7fcb4 (size before relaxing)
 .debug_str     0x00083054       0x9b src/ASF/common/utils/interrupt/interrupt_sam_nvic.o
                              0x77c59 (size before relaxing)
 .debug_str     0x000830ef     0x26b2 src/ASF/sam0/drivers/system/clock/clock_samd21_r21/clock.o
                              0x7ac58 (size before relaxing)
 .debug_str     0x000857a1      0x2ca src/ASF/sam0/drivers/system/clock/clock_samd21_r21/gclk.o
                              0x788a8 (size before relaxing)
 .debug_str     0x00085a6b      0x128 src/ASF/sam0/drivers/system/pinmux/pinmux.o
                              0x78050 (size before relaxing)
 .debug_str     0x00085b93       0x47 src/ASF/sam0/drivers/system/system.o
                              0x77cde (size before relaxing)
 .debug_str     0x00085bda      0xee8 src/ASF/sam0/utils/cmsis/samd21/source/gcc/startup_samd21.o
                              0x66cba (size before relaxing)
 .debug_str     0x00086ac2       0x60 src/main.o
                              0x80360 (size before relaxing)

.debug_frame    0x00000000      0xf1c
 .debug_frame   0x00000000      0x100 src/ASF/common2/components/display/ssd1306/ssd1306.o
 .debug_frame   0x00000100       0x94 src/ASF/sam0/drivers/tc/tc_interrupt.o
 .debug_frame   0x00000194       0xe4 src/ASF/sam0/drivers/tc/tc_sam_d_r/tc.o
 .debug_frame   0x00000278       0x28 src/config/menus.o
 .debug_frame   0x000002a0       0x70 src/menu_buttons.o
 .debug_frame   0x00000310       0xd4 src/ASF/common2/services/gfx_mono/gfx_mono_framebuffer.o
 .debug_frame   0x000003e4      0x160 src/ASF/common2/services/gfx_mono/gfx_mono_generic.o
 .debug_frame   0x00000544       0x6c src/ASF/common2/services/gfx_mono/gfx_mono_menu.o
 .debug_frame   0x000005b0       0x28 src/ASF/common2/services/gfx_mono/gfx_mono_null.o
 .debug_frame   0x000005d8       0xd4 src/ASF/common2/services/gfx_mono/gfx_mono_text.o
 .debug_frame   0x000006ac       0xa0 src/ASF/sam0/drivers/sercom/sercom.o
 .debug_frame   0x0000074c      0x128 src/ASF/sam0/drivers/sercom/spi/spi.o
 .debug_frame   0x00000874       0xa8 src/ASF/sam0/drivers/sercom/spi/spi_interrupt.o
 .debug_frame   0x0000091c       0xb8 src/ASF/sam0/drivers/sercom/sercom_interrupt.o
 .debug_frame   0x000009d4       0x60 src/ASF/common2/services/delay/sam0/systick_counter.o
 .debug_frame   0x00000a34       0x44 src/ASF/sam0/drivers/port/port.o
 .debug_frame   0x00000a78       0x20 src/ASF/common2/boards/user_board/init.o
 .debug_frame   0x00000a98       0x30 src/ASF/common/utils/interrupt/interrupt_sam_nvic.o
 .debug_frame   0x00000ac8      0x14c src/ASF/sam0/drivers/system/clock/clock_samd21_r21/clock.o
 .debug_frame   0x00000c14      0x14c src/ASF/sam0/drivers/system/clock/clock_samd21_r21/gclk.o
 .debug_frame   0x00000d60       0x7c src/ASF/sam0/drivers/system/pinmux/pinmux.o
 .debug_frame   0x00000ddc       0x38 src/ASF/sam0/drivers/system/system.o
 .debug_frame   0x00000e14       0x3c src/ASF/sam0/utils/cmsis/samd21/source/gcc/startup_samd21.o
 .debug_frame   0x00000e50       0x38 src/main.o
 .debug_frame   0x00000e88       0x20 c:/program files (x86)/atmel/atmel toolchain/arm gcc/native/4.8.1443/arm-gnu-toolchain/bin/../lib/gcc/arm-none-eabi/4.8.4/armv6-m\libgcc.a(_udivsi3.o)
 .debug_frame   0x00000ea8       0x2c c:/program files (x86)/atmel/atmel toolchain/arm gcc/native/4.8.1443/arm-gnu-toolchain/bin/../lib/gcc/arm-none-eabi/4.8.4/../../../../arm-none-eabi/lib/armv6-m\libc_s.a(lib_a-init.o)
 .debug_frame   0x00000ed4       0x28 c:/program files (x86)/atmel/atmel toolchain/arm gcc/native/4.8.1443/arm-gnu-toolchain/bin/../lib/gcc/arm-none-eabi/4.8.4/../../../../arm-none-eabi/lib/armv6-m\libc_s.a(lib_a-memcpy-stub.o)
 .debug_frame   0x00000efc       0x20 c:/program files (x86)/atmel/atmel toolchain/arm gcc/native/4.8.1443/arm-gnu-toolchain/bin/../lib/gcc/arm-none-eabi/4.8.4/../../../../arm-none-eabi/lib/armv6-m\libc_s.a(lib_a-memset.o)

Cross Reference Table

Symbol                                            File
AC_Handler                                        src/ASF/sam0/utils/cmsis/samd21/source/gcc/startup_samd21.o
ADC_Handler                                       src/ASF/sam0/utils/cmsis/samd21/source/gcc/startup_samd21.o
DAC_Handler                                       src/ASF/sam0/utils/cmsis/samd21/source/gcc/startup_samd21.o
DMAC_Handler                                      src/ASF/sam0/utils/cmsis/samd21/source/gcc/startup_samd21.o
Dummy_Handler                                     src/ASF/sam0/utils/cmsis/samd21/source/gcc/startup_samd21.o
EIC_Handler                                       src/ASF/sam0/utils/cmsis/samd21/source/gcc/startup_samd21.o
EVSYS_Handler                                     src/ASF/sam0/utils/cmsis/samd21/source/gcc/startup_samd21.o
HardFault_Handler                                 src/ASF/sam0/utils/cmsis/samd21/source/gcc/startup_samd21.o
I2S_Handler                                       src/ASF/sam0/utils/cmsis/samd21/source/gcc/startup_samd21.o
NMI_Handler                                       src/ASF/sam0/utils/cmsis/samd21/source/gcc/startup_samd21.o
NVMCTRL_Handler                                   src/ASF/sam0/utils/cmsis/samd21/source/gcc/startup_samd21.o
PM_Handler                                        src/ASF/sam0/utils/cmsis/samd21/source/gcc/startup_samd21.o
PTC_Handler                                       src/ASF/sam0/utils/cmsis/samd21/source/gcc/startup_samd21.o
PendSV_Handler                                    src/ASF/sam0/utils/cmsis/samd21/source/gcc/startup_samd21.o
RTC_Handler                                       src/ASF/sam0/utils/cmsis/samd21/source/gcc/startup_samd21.o
Reset_Handler                                     src/ASF/sam0/utils/cmsis/samd21/source/gcc/startup_samd21.o
SERCOM0_Handler                                   src/ASF/sam0/drivers/sercom/sercom_interrupt.o
SERCOM1_Handler                                   src/ASF/sam0/drivers/sercom/sercom_interrupt.o
SERCOM2_Handler                                   src/ASF/sam0/drivers/sercom/sercom_interrupt.o
SERCOM3_Handler                                   src/ASF/sam0/drivers/sercom/sercom_interrupt.o
SERCOM4_Handler                                   src/ASF/sam0/utils/cmsis/samd21/source/gcc/startup_samd21.o
SERCOM5_Handler                                   src/ASF/sam0/utils/cmsis/samd21/source/gcc/startup_samd21.o
SVC_Handler                                       src/ASF/sam0/utils/cmsis/samd21/source/gcc/startup_samd21.o
SYSCTRL_Handler                                   src/ASF/sam0/utils/cmsis/samd21/source/gcc/startup_samd21.o
SysTick_Handler                                   src/ASF/sam0/utils/cmsis/samd21/source/gcc/startup_samd21.o
SystemCoreClock                                   src/ASF/sam0/utils/cmsis/samd21/source/system_samd21.o
SystemCoreClockUpdate                             src/ASF/sam0/utils/cmsis/samd21/source/system_samd21.o
SystemInit                                        src/ASF/sam0/utils/cmsis/samd21/source/system_samd21.o
TC3_Handler                                       src/ASF/sam0/drivers/tc/tc_interrupt.o
TC4_Handler                                       src/ASF/sam0/drivers/tc/tc_interrupt.o
TC5_Handler                                       src/ASF/sam0/drivers/tc/tc_interrupt.o
TC6_Handler                                       src/ASF/sam0/utils/cmsis/samd21/source/gcc/startup_samd21.o
TC7_Handler                                       src/ASF/sam0/utils/cmsis/samd21/source/gcc/startup_samd21.o
TCC0_Handler                                      src/ASF/sam0/utils/cmsis/samd21/source/gcc/startup_samd21.o
TCC1_Handler                                      src/ASF/sam0/utils/cmsis/samd21/source/gcc/startup_samd21.o
TCC2_Handler                                      src/ASF/sam0/utils/cmsis/samd21/source/gcc/startup_samd21.o
USB_Handler                                       src/ASF/sam0/utils/cmsis/samd21/source/gcc/startup_samd21.o
WDT_Handler                                       src/ASF/sam0/utils/cmsis/samd21/source/gcc/startup_samd21.o
_Jv_RegisterClasses                               c:/program files (x86)/atmel/atmel toolchain/arm gcc/native/4.8.1443/arm-gnu-toolchain/bin/../lib/gcc/arm-none-eabi/4.8.4/armv6-m/crtbegin.o
__aeabi_idiv                                      c:/program files (x86)/atmel/atmel toolchain/arm gcc/native/4.8.1443/arm-gnu-toolchain/bin/../lib/gcc/arm-none-eabi/4.8.4/armv6-m\libgcc.a(_divsi3.o)
                                                  c:/program files (x86)/atmel/atmel toolchain/arm gcc/native/4.8.1443/arm-gnu-toolchain/bin/../lib/gcc/arm-none-eabi/4.8.4/../../../../arm-none-eabi/lib/armv6-m\libc_s.a(lib_a-fvwrite.o)
                                                  src/ASF/common2/components/display/ssd1306/ssd1306.o
__aeabi_idiv0                                     c:/program files (x86)/atmel/atmel toolchain/arm gcc/native/4.8.1443/arm-gnu-toolchain/bin/../lib/gcc/arm-none-eabi/4.8.4/armv6-m\libgcc.a(_dvmd_tls.o)
                                                  c:/program files (x86)/atmel/atmel toolchain/arm gcc/native/4.8.1443/arm-gnu-toolchain/bin/../lib/gcc/arm-none-eabi/4.8.4/armv6-m\libgcc.a(_divsi3.o)
                                                  c:/program files (x86)/atmel/atmel toolchain/arm gcc/native/4.8.1443/arm-gnu-toolchain/bin/../lib/gcc/arm-none-eabi/4.8.4/armv6-m\libgcc.a(_udivsi3.o)
__aeabi_idivmod                                   c:/program files (x86)/atmel/atmel toolchain/arm gcc/native/4.8.1443/arm-gnu-toolchain/bin/../lib/gcc/arm-none-eabi/4.8.4/armv6-m\libgcc.a(_divsi3.o)
__aeabi_ldiv0                                     c:/program files (x86)/atmel/atmel toolchain/arm gcc/native/4.8.1443/arm-gnu-toolchain/bin/../lib/gcc/arm-none-eabi/4.8.4/armv6-m\libgcc.a(_dvmd_tls.o)
__aeabi_lmul                                      c:/program files (x86)/atmel/atmel toolchain/arm gcc/native/4.8.1443/arm-gnu-toolchain/bin/../lib/gcc/arm-none-eabi/4.8.4/armv6-m\libgcc.a(_muldi3.o)
                                                  src/ASF/sam0/drivers/sercom/sercom.o
__aeabi_uidiv                                     c:/program files (x86)/atmel/atmel toolchain/arm gcc/native/4.8.1443/arm-gnu-toolchain/bin/../lib/gcc/arm-none-eabi/4.8.4/armv6-m\libgcc.a(_udivsi3.o)
                                                  c:/program files (x86)/atmel/atmel toolchain/arm gcc/native/4.8.1443/arm-gnu-toolchain/bin/../lib/gcc/arm-none-eabi/4.8.4/../../../../arm-none-eabi/lib/armv6-m\libc_s.a(lib_a-vfprintf_i.o)
                                                  src/ASF/sam0/drivers/system/clock/clock_samd21_r21/gclk.o
                                                  src/ASF/sam0/drivers/system/clock/clock_samd21_r21/clock.o
                                                  src/ASF/common2/services/delay/sam0/systick_counter.o
                                                  src/ASF/common2/services/gfx_mono/gfx_mono_menu.o
                                                  src/ASF/common2/components/display/ssd1306/ssd1306.o
__aeabi_uidivmod                                  c:/program files (x86)/atmel/atmel toolchain/arm gcc/native/4.8.1443/arm-gnu-toolchain/bin/../lib/gcc/arm-none-eabi/4.8.4/armv6-m\libgcc.a(_udivsi3.o)
                                                  c:/program files (x86)/atmel/atmel toolchain/arm gcc/native/4.8.1443/arm-gnu-toolchain/bin/../lib/gcc/arm-none-eabi/4.8.4/../../../../arm-none-eabi/lib/armv6-m\libc_s.a(lib_a-vfprintf_i.o)
                                                  src/ASF/common2/services/gfx_mono/gfx_mono_menu.o
                                                  src/ASF/common2/components/display/ssd1306/ssd1306.o
__bss_end__                                       c:/program files (x86)/atmel/atmel toolchain/arm gcc/native/4.8.1443/arm-gnu-toolchain/bin/../lib/gcc/arm-none-eabi/4.8.4/../../../../arm-none-eabi/lib/armv6-m/crt0.o
__bss_start__                                     c:/program files (x86)/atmel/atmel toolchain/arm gcc/native/4.8.1443/arm-gnu-toolchain/bin/../lib/gcc/arm-none-eabi/4.8.4/../../../../arm-none-eabi/lib/armv6-m/crt0.o
__call_exitprocs                                  c:/program files (x86)/atmel/atmel toolchain/arm gcc/native/4.8.1443/arm-gnu-toolchain/bin/../lib/gcc/arm-none-eabi/4.8.4/../../../../arm-none-eabi/lib/armv6-m\libc_s.a(lib_a-exit.o)
__deregister_frame_info                           c:/program files (x86)/atmel/atmel toolchain/arm gcc/native/4.8.1443/arm-gnu-toolchain/bin/../lib/gcc/arm-none-eabi/4.8.4/armv6-m/crtbegin.o
__divsi3                                          c:/program files (x86)/atmel/atmel toolchain/arm gcc/native/4.8.1443/arm-gnu-toolchain/bin/../lib/gcc/arm-none-eabi/4.8.4/armv6-m\libgcc.a(_divsi3.o)
__dso_handle                                      c:/program files (x86)/atmel/atmel toolchain/arm gcc/native/4.8.1443/arm-gnu-toolchain/bin/../lib/gcc/arm-none-eabi/4.8.4/armv6-m/crtbegin.o
__fp_lock_all                                     c:/program files (x86)/atmel/atmel toolchain/arm gcc/native/4.8.1443/arm-gnu-toolchain/bin/../lib/gcc/arm-none-eabi/4.8.4/../../../../arm-none-eabi/lib/armv6-m\libc_s.a(lib_a-findfp.o)
__fp_unlock_all                                   c:/program files (x86)/atmel/atmel toolchain/arm gcc/native/4.8.1443/arm-gnu-toolchain/bin/../lib/gcc/arm-none-eabi/4.8.4/../../../../arm-none-eabi/lib/armv6-m\libc_s.a(lib_a-findfp.o)
__init_array_end                                  c:/program files (x86)/atmel/atmel toolchain/arm gcc/native/4.8.1443/arm-gnu-toolchain/bin/../lib/gcc/arm-none-eabi/4.8.4/../../../../arm-none-eabi/lib/armv6-m\libc_s.a(lib_a-init.o)
__init_array_start                                c:/program files (x86)/atmel/atmel toolchain/arm gcc/native/4.8.1443/arm-gnu-toolchain/bin/../lib/gcc/arm-none-eabi/4.8.4/../../../../arm-none-eabi/lib/armv6-m\libc_s.a(lib_a-init.o)
__libc_fini_array                                 c:/program files (x86)/atmel/atmel toolchain/arm gcc/native/4.8.1443/arm-gnu-toolchain/bin/../lib/gcc/arm-none-eabi/4.8.4/../../../../arm-none-eabi/lib/armv6-m/crt0.o
__libc_init_array                                 c:/program files (x86)/atmel/atmel toolchain/arm gcc/native/4.8.1443/arm-gnu-toolchain/bin/../lib/gcc/arm-none-eabi/4.8.4/../../../../arm-none-eabi/lib/armv6-m\libc_s.a(lib_a-init.o)
                                                  src/ASF/sam0/utils/cmsis/samd21/source/gcc/startup_samd21.o
                                                  c:/program files (x86)/atmel/atmel toolchain/arm gcc/native/4.8.1443/arm-gnu-toolchain/bin/../lib/gcc/arm-none-eabi/4.8.4/../../../../arm-none-eabi/lib/armv6-m/crt0.o
__malloc_free_list                                c:/program files (x86)/atmel/atmel toolchain/arm gcc/native/4.8.1443/arm-gnu-toolchain/bin/../lib/gcc/arm-none-eabi/4.8.4/../../../../arm-none-eabi/lib/armv6-m\libc_s.a(lib_a-nano-mallocr.o)
                                                  c:/program files (x86)/atmel/atmel toolchain/arm gcc/native/4.8.1443/arm-gnu-toolchain/bin/../lib/gcc/arm-none-eabi/4.8.4/../../../../arm-none-eabi/lib/armv6-m\libc_s.a(lib_a-nano-freer.o)
__malloc_sbrk_start                               c:/program files (x86)/atmel/atmel toolchain/arm gcc/native/4.8.1443/arm-gnu-toolchain/bin/../lib/gcc/arm-none-eabi/4.8.4/../../../../arm-none-eabi/lib/armv6-m\libc_s.a(lib_a-nano-mallocr.o)
__muldi3                                          c:/program files (x86)/atmel/atmel toolchain/arm gcc/native/4.8.1443/arm-gnu-toolchain/bin/../lib/gcc/arm-none-eabi/4.8.4/armv6-m\libgcc.a(_muldi3.o)
__preinit_array_end                               c:/program files (x86)/atmel/atmel toolchain/arm gcc/native/4.8.1443/arm-gnu-toolchain/bin/../lib/gcc/arm-none-eabi/4.8.4/../../../../arm-none-eabi/lib/armv6-m\libc_s.a(lib_a-init.o)
__preinit_array_start                             c:/program files (x86)/atmel/atmel toolchain/arm gcc/native/4.8.1443/arm-gnu-toolchain/bin/../lib/gcc/arm-none-eabi/4.8.4/../../../../arm-none-eabi/lib/armv6-m\libc_s.a(lib_a-init.o)
__register_frame_info                             c:/program files (x86)/atmel/atmel toolchain/arm gcc/native/4.8.1443/arm-gnu-toolchain/bin/../lib/gcc/arm-none-eabi/4.8.4/armv6-m/crtbegin.o
__sclose                                          c:/program files (x86)/atmel/atmel toolchain/arm gcc/native/4.8.1443/arm-gnu-toolchain/bin/../lib/gcc/arm-none-eabi/4.8.4/../../../../arm-none-eabi/lib/armv6-m\libc_s.a(lib_a-stdio.o)
                                                  c:/program files (x86)/atmel/atmel toolchain/arm gcc/native/4.8.1443/arm-gnu-toolchain/bin/../lib/gcc/arm-none-eabi/4.8.4/../../../../arm-none-eabi/lib/armv6-m\libc_s.a(lib_a-findfp.o)
__seofread                                        c:/program files (x86)/atmel/atmel toolchain/arm gcc/native/4.8.1443/arm-gnu-toolchain/bin/../lib/gcc/arm-none-eabi/4.8.4/../../../../arm-none-eabi/lib/armv6-m\libc_s.a(lib_a-stdio.o)
__sf_fake_stderr                                  c:/program files (x86)/atmel/atmel toolchain/arm gcc/native/4.8.1443/arm-gnu-toolchain/bin/../lib/gcc/arm-none-eabi/4.8.4/../../../../arm-none-eabi/lib/armv6-m\libc_s.a(lib_a-findfp.o)
                                                  c:/program files (x86)/atmel/atmel toolchain/arm gcc/native/4.8.1443/arm-gnu-toolchain/bin/../lib/gcc/arm-none-eabi/4.8.4/../../../../arm-none-eabi/lib/armv6-m\libc_s.a(lib_a-fflush.o)
                                                  c:/program files (x86)/atmel/atmel toolchain/arm gcc/native/4.8.1443/arm-gnu-toolchain/bin/../lib/gcc/arm-none-eabi/4.8.4/../../../../arm-none-eabi/lib/armv6-m\libc_s.a(lib_a-wsetup.o)
                                                  c:/program files (x86)/atmel/atmel toolchain/arm gcc/native/4.8.1443/arm-gnu-toolchain/bin/../lib/gcc/arm-none-eabi/4.8.4/../../../../arm-none-eabi/lib/armv6-m\libc_s.a(lib_a-wbuf.o)
                                                  c:/program files (x86)/atmel/atmel toolchain/arm gcc/native/4.8.1443/arm-gnu-toolchain/bin/../lib/gcc/arm-none-eabi/4.8.4/../../../../arm-none-eabi/lib/armv6-m\libc_s.a(lib_a-vfprintf.o)
                                                  c:/program files (x86)/atmel/atmel toolchain/arm gcc/native/4.8.1443/arm-gnu-toolchain/bin/../lib/gcc/arm-none-eabi/4.8.4/../../../../arm-none-eabi/lib/armv6-m\libc_s.a(lib_a-impure.o)
__sf_fake_stdin                                   c:/program files (x86)/atmel/atmel toolchain/arm gcc/native/4.8.1443/arm-gnu-toolchain/bin/../lib/gcc/arm-none-eabi/4.8.4/../../../../arm-none-eabi/lib/armv6-m\libc_s.a(lib_a-findfp.o)
                                                  c:/program files (x86)/atmel/atmel toolchain/arm gcc/native/4.8.1443/arm-gnu-toolchain/bin/../lib/gcc/arm-none-eabi/4.8.4/../../../../arm-none-eabi/lib/armv6-m\libc_s.a(lib_a-fflush.o)
                                                  c:/program files (x86)/atmel/atmel toolchain/arm gcc/native/4.8.1443/arm-gnu-toolchain/bin/../lib/gcc/arm-none-eabi/4.8.4/../../../../arm-none-eabi/lib/armv6-m\libc_s.a(lib_a-wsetup.o)
                                                  c:/program files (x86)/atmel/atmel toolchain/arm gcc/native/4.8.1443/arm-gnu-toolchain/bin/../lib/gcc/arm-none-eabi/4.8.4/../../../../arm-none-eabi/lib/armv6-m\libc_s.a(lib_a-wbuf.o)
                                                  c:/program files (x86)/atmel/atmel toolchain/arm gcc/native/4.8.1443/arm-gnu-toolchain/bin/../lib/gcc/arm-none-eabi/4.8.4/../../../../arm-none-eabi/lib/armv6-m\libc_s.a(lib_a-vfprintf.o)
                                                  c:/program files (x86)/atmel/atmel toolchain/arm gcc/native/4.8.1443/arm-gnu-toolchain/bin/../lib/gcc/arm-none-eabi/4.8.4/../../../../arm-none-eabi/lib/armv6-m\libc_s.a(lib_a-impure.o)
__sf_fake_stdout                                  c:/program files (x86)/atmel/atmel toolchain/arm gcc/native/4.8.1443/arm-gnu-toolchain/bin/../lib/gcc/arm-none-eabi/4.8.4/../../../../arm-none-eabi/lib/armv6-m\libc_s.a(lib_a-findfp.o)
                                                  c:/program files (x86)/atmel/atmel toolchain/arm gcc/native/4.8.1443/arm-gnu-toolchain/bin/../lib/gcc/arm-none-eabi/4.8.4/../../../../arm-none-eabi/lib/armv6-m\libc_s.a(lib_a-fflush.o)
                                                  c:/program files (x86)/atmel/atmel toolchain/arm gcc/native/4.8.1443/arm-gnu-toolchain/bin/../lib/gcc/arm-none-eabi/4.8.4/../../../../arm-none-eabi/lib/armv6-m\libc_s.a(lib_a-wsetup.o)
                                                  c:/program files (x86)/atmel/atmel toolchain/arm gcc/native/4.8.1443/arm-gnu-toolchain/bin/../lib/gcc/arm-none-eabi/4.8.4/../../../../arm-none-eabi/lib/armv6-m\libc_s.a(lib_a-wbuf.o)
                                                  c:/program files (x86)/atmel/atmel toolchain/arm gcc/native/4.8.1443/arm-gnu-toolchain/bin/../lib/gcc/arm-none-eabi/4.8.4/../../../../arm-none-eabi/lib/armv6-m\libc_s.a(lib_a-vfprintf.o)
                                                  c:/program files (x86)/atmel/atmel toolchain/arm gcc/native/4.8.1443/arm-gnu-toolchain/bin/../lib/gcc/arm-none-eabi/4.8.4/../../../../arm-none-eabi/lib/armv6-m\libc_s.a(lib_a-impure.o)
__sflush_r                                        c:/program files (x86)/atmel/atmel toolchain/arm gcc/native/4.8.1443/arm-gnu-toolchain/bin/../lib/gcc/arm-none-eabi/4.8.4/../../../../arm-none-eabi/lib/armv6-m\libc_s.a(lib_a-fflush.o)
__sfmoreglue                                      c:/program files (x86)/atmel/atmel toolchain/arm gcc/native/4.8.1443/arm-gnu-toolchain/bin/../lib/gcc/arm-none-eabi/4.8.4/../../../../arm-none-eabi/lib/armv6-m\libc_s.a(lib_a-findfp.o)
__sfp                                             c:/program files (x86)/atmel/atmel toolchain/arm gcc/native/4.8.1443/arm-gnu-toolchain/bin/../lib/gcc/arm-none-eabi/4.8.4/../../../../arm-none-eabi/lib/armv6-m\libc_s.a(lib_a-findfp.o)
__sfp_lock_acquire                                c:/program files (x86)/atmel/atmel toolchain/arm gcc/native/4.8.1443/arm-gnu-toolchain/bin/../lib/gcc/arm-none-eabi/4.8.4/../../../../arm-none-eabi/lib/armv6-m\libc_s.a(lib_a-findfp.o)
__sfp_lock_release                                c:/program files (x86)/atmel/atmel toolchain/arm gcc/native/4.8.1443/arm-gnu-toolchain/bin/../lib/gcc/arm-none-eabi/4.8.4/../../../../arm-none-eabi/lib/armv6-m\libc_s.a(lib_a-findfp.o)
__sfputs_r                                        c:/program files (x86)/atmel/atmel toolchain/arm gcc/native/4.8.1443/arm-gnu-toolchain/bin/../lib/gcc/arm-none-eabi/4.8.4/../../../../arm-none-eabi/lib/armv6-m\libc_s.a(lib_a-vfprintf.o)
__sfvwrite_r                                      c:/program files (x86)/atmel/atmel toolchain/arm gcc/native/4.8.1443/arm-gnu-toolchain/bin/../lib/gcc/arm-none-eabi/4.8.4/../../../../arm-none-eabi/lib/armv6-m\libc_s.a(lib_a-fvwrite.o)
                                                  c:/program files (x86)/atmel/atmel toolchain/arm gcc/native/4.8.1443/arm-gnu-toolchain/bin/../lib/gcc/arm-none-eabi/4.8.4/../../../../arm-none-eabi/lib/armv6-m\libc_s.a(lib_a-vfprintf.o)
__sinit                                           c:/program files (x86)/atmel/atmel toolchain/arm gcc/native/4.8.1443/arm-gnu-toolchain/bin/../lib/gcc/arm-none-eabi/4.8.4/../../../../arm-none-eabi/lib/armv6-m\libc_s.a(lib_a-findfp.o)
                                                  c:/program files (x86)/atmel/atmel toolchain/arm gcc/native/4.8.1443/arm-gnu-toolchain/bin/../lib/gcc/arm-none-eabi/4.8.4/../../../../arm-none-eabi/lib/armv6-m\libc_s.a(lib_a-fflush.o)
                                                  c:/program files (x86)/atmel/atmel toolchain/arm gcc/native/4.8.1443/arm-gnu-toolchain/bin/../lib/gcc/arm-none-eabi/4.8.4/../../../../arm-none-eabi/lib/armv6-m\libc_s.a(lib_a-wsetup.o)
                                                  c:/program files (x86)/atmel/atmel toolchain/arm gcc/native/4.8.1443/arm-gnu-toolchain/bin/../lib/gcc/arm-none-eabi/4.8.4/../../../../arm-none-eabi/lib/armv6-m\libc_s.a(lib_a-wbuf.o)
                                                  c:/program files (x86)/atmel/atmel toolchain/arm gcc/native/4.8.1443/arm-gnu-toolchain/bin/../lib/gcc/arm-none-eabi/4.8.4/../../../../arm-none-eabi/lib/armv6-m\libc_s.a(lib_a-vfprintf.o)
                                                  c:/program files (x86)/atmel/atmel toolchain/arm gcc/native/4.8.1443/arm-gnu-toolchain/bin/../lib/gcc/arm-none-eabi/4.8.4/../../../../arm-none-eabi/lib/armv6-m\libc_s.a(lib_a-printf.o)
__sinit_lock_acquire                              c:/program files (x86)/atmel/atmel toolchain/arm gcc/native/4.8.1443/arm-gnu-toolchain/bin/../lib/gcc/arm-none-eabi/4.8.4/../../../../arm-none-eabi/lib/armv6-m\libc_s.a(lib_a-findfp.o)
__sinit_lock_release                              c:/program files (x86)/atmel/atmel toolchain/arm gcc/native/4.8.1443/arm-gnu-toolchain/bin/../lib/gcc/arm-none-eabi/4.8.4/../../../../arm-none-eabi/lib/armv6-m\libc_s.a(lib_a-findfp.o)
__smakebuf_r                                      c:/program files (x86)/atmel/atmel toolchain/arm gcc/native/4.8.1443/arm-gnu-toolchain/bin/../lib/gcc/arm-none-eabi/4.8.4/../../../../arm-none-eabi/lib/armv6-m\libc_s.a(lib_a-makebuf.o)
                                                  c:/program files (x86)/atmel/atmel toolchain/arm gcc/native/4.8.1443/arm-gnu-toolchain/bin/../lib/gcc/arm-none-eabi/4.8.4/../../../../arm-none-eabi/lib/armv6-m\libc_s.a(lib_a-wsetup.o)
__sprint_r                                        c:/program files (x86)/atmel/atmel toolchain/arm gcc/native/4.8.1443/arm-gnu-toolchain/bin/../lib/gcc/arm-none-eabi/4.8.4/../../../../arm-none-eabi/lib/armv6-m\libc_s.a(lib_a-vfprintf.o)
__sread                                           c:/program files (x86)/atmel/atmel toolchain/arm gcc/native/4.8.1443/arm-gnu-toolchain/bin/../lib/gcc/arm-none-eabi/4.8.4/../../../../arm-none-eabi/lib/armv6-m\libc_s.a(lib_a-stdio.o)
                                                  c:/program files (x86)/atmel/atmel toolchain/arm gcc/native/4.8.1443/arm-gnu-toolchain/bin/../lib/gcc/arm-none-eabi/4.8.4/../../../../arm-none-eabi/lib/armv6-m\libc_s.a(lib_a-findfp.o)
__sseek                                           c:/program files (x86)/atmel/atmel toolchain/arm gcc/native/4.8.1443/arm-gnu-toolchain/bin/../lib/gcc/arm-none-eabi/4.8.4/../../../../arm-none-eabi/lib/armv6-m\libc_s.a(lib_a-stdio.o)
                                                  c:/program files (x86)/atmel/atmel toolchain/arm gcc/native/4.8.1443/arm-gnu-toolchain/bin/../lib/gcc/arm-none-eabi/4.8.4/../../../../arm-none-eabi/lib/armv6-m\libc_s.a(lib_a-findfp.o)
__stack                                           c:/program files (x86)/atmel/atmel toolchain/arm gcc/native/4.8.1443/arm-gnu-toolchain/bin/../lib/gcc/arm-none-eabi/4.8.4/../../../../arm-none-eabi/lib/armv6-m/crt0.o
__swbuf                                           c:/program files (x86)/atmel/atmel toolchain/arm gcc/native/4.8.1443/arm-gnu-toolchain/bin/../lib/gcc/arm-none-eabi/4.8.4/../../../../arm-none-eabi/lib/armv6-m\libc_s.a(lib_a-wbuf.o)
__swbuf_r                                         c:/program files (x86)/atmel/atmel toolchain/arm gcc/native/4.8.1443/arm-gnu-toolchain/bin/../lib/gcc/arm-none-eabi/4.8.4/../../../../arm-none-eabi/lib/armv6-m\libc_s.a(lib_a-wbuf.o)
                                                  c:/program files (x86)/atmel/atmel toolchain/arm gcc/native/4.8.1443/arm-gnu-toolchain/bin/../lib/gcc/arm-none-eabi/4.8.4/../../../../arm-none-eabi/lib/armv6-m\libc_s.a(lib_a-vfprintf.o)
__swrite                                          c:/program files (x86)/atmel/atmel toolchain/arm gcc/native/4.8.1443/arm-gnu-toolchain/bin/../lib/gcc/arm-none-eabi/4.8.4/../../../../arm-none-eabi/lib/armv6-m\libc_s.a(lib_a-stdio.o)
                                                  c:/program files (x86)/atmel/atmel toolchain/arm gcc/native/4.8.1443/arm-gnu-toolchain/bin/../lib/gcc/arm-none-eabi/4.8.4/../../../../arm-none-eabi/lib/armv6-m\libc_s.a(lib_a-findfp.o)
__swsetup_r                                       c:/program files (x86)/atmel/atmel toolchain/arm gcc/native/4.8.1443/arm-gnu-toolchain/bin/../lib/gcc/arm-none-eabi/4.8.4/../../../../arm-none-eabi/lib/armv6-m\libc_s.a(lib_a-wsetup.o)
                                                  c:/program files (x86)/atmel/atmel toolchain/arm gcc/native/4.8.1443/arm-gnu-toolchain/bin/../lib/gcc/arm-none-eabi/4.8.4/../../../../arm-none-eabi/lib/armv6-m\libc_s.a(lib_a-fvwrite.o)
                                                  c:/program files (x86)/atmel/atmel toolchain/arm gcc/native/4.8.1443/arm-gnu-toolchain/bin/../lib/gcc/arm-none-eabi/4.8.4/../../../../arm-none-eabi/lib/armv6-m\libc_s.a(lib_a-wbuf.o)
                                                  c:/program files (x86)/atmel/atmel toolchain/arm gcc/native/4.8.1443/arm-gnu-toolchain/bin/../lib/gcc/arm-none-eabi/4.8.4/../../../../arm-none-eabi/lib/armv6-m\libc_s.a(lib_a-vfprintf.o)
__udivsi3                                         c:/program files (x86)/atmel/atmel toolchain/arm gcc/native/4.8.1443/arm-gnu-toolchain/bin/../lib/gcc/arm-none-eabi/4.8.4/armv6-m\libgcc.a(_udivsi3.o)
_cleanup                                          c:/program files (x86)/atmel/atmel toolchain/arm gcc/native/4.8.1443/arm-gnu-toolchain/bin/../lib/gcc/arm-none-eabi/4.8.4/../../../../arm-none-eabi/lib/armv6-m\libc_s.a(lib_a-findfp.o)
_cleanup_r                                        c:/program files (x86)/atmel/atmel toolchain/arm gcc/native/4.8.1443/arm-gnu-toolchain/bin/../lib/gcc/arm-none-eabi/4.8.4/../../../../arm-none-eabi/lib/armv6-m\libc_s.a(lib_a-findfp.o)